Archive member included to satisfy reference by file (symbol)

c:/users/jessejabezarendse/appdata/roaming/code/user/globalstorage/bmd.stm32-for-vscode/@xpack-dev-tools/arm-none-eabi-gcc/12.3.1-1.2.1/.content/bin/../lib/gcc/arm-none-eabi/12.3.1/../../../../arm-none-eabi/lib/thumb/v7e-m+fp/hard\libc_nano.a(libc_a-atexit.o)
                              c:/users/jessejabezarendse/appdata/roaming/code/user/globalstorage/bmd.stm32-for-vscode/@xpack-dev-tools/arm-none-eabi-gcc/12.3.1-1.2.1/.content/bin/../lib/gcc/arm-none-eabi/12.3.1/../../../../arm-none-eabi/lib/thumb/v7e-m+fp/hard/crt0.o (atexit)
c:/users/jessejabezarendse/appdata/roaming/code/user/globalstorage/bmd.stm32-for-vscode/@xpack-dev-tools/arm-none-eabi-gcc/12.3.1-1.2.1/.content/bin/../lib/gcc/arm-none-eabi/12.3.1/../../../../arm-none-eabi/lib/thumb/v7e-m+fp/hard\libc_nano.a(libc_a-exit.o)
                              c:/users/jessejabezarendse/appdata/roaming/code/user/globalstorage/bmd.stm32-for-vscode/@xpack-dev-tools/arm-none-eabi-gcc/12.3.1-1.2.1/.content/bin/../lib/gcc/arm-none-eabi/12.3.1/../../../../arm-none-eabi/lib/thumb/v7e-m+fp/hard/crt0.o (exit)
c:/users/jessejabezarendse/appdata/roaming/code/user/globalstorage/bmd.stm32-for-vscode/@xpack-dev-tools/arm-none-eabi-gcc/12.3.1-1.2.1/.content/bin/../lib/gcc/arm-none-eabi/12.3.1/../../../../arm-none-eabi/lib/thumb/v7e-m+fp/hard\libc_nano.a(libc_a-findfp.o)
                              c:/users/jessejabezarendse/appdata/roaming/code/user/globalstorage/bmd.stm32-for-vscode/@xpack-dev-tools/arm-none-eabi-gcc/12.3.1-1.2.1/.content/bin/../lib/gcc/arm-none-eabi/12.3.1/../../../../arm-none-eabi/lib/thumb/v7e-m+fp/hard\libc_nano.a(libc_a-exit.o) (__stdio_exit_handler)
c:/users/jessejabezarendse/appdata/roaming/code/user/globalstorage/bmd.stm32-for-vscode/@xpack-dev-tools/arm-none-eabi-gcc/12.3.1-1.2.1/.content/bin/../lib/gcc/arm-none-eabi/12.3.1/../../../../arm-none-eabi/lib/thumb/v7e-m+fp/hard\libc_nano.a(libc_a-fwalk.o)
                              c:/users/jessejabezarendse/appdata/roaming/code/user/globalstorage/bmd.stm32-for-vscode/@xpack-dev-tools/arm-none-eabi-gcc/12.3.1-1.2.1/.content/bin/../lib/gcc/arm-none-eabi/12.3.1/../../../../arm-none-eabi/lib/thumb/v7e-m+fp/hard\libc_nano.a(libc_a-findfp.o) (_fwalk_sglue)
c:/users/jessejabezarendse/appdata/roaming/code/user/globalstorage/bmd.stm32-for-vscode/@xpack-dev-tools/arm-none-eabi-gcc/12.3.1-1.2.1/.content/bin/../lib/gcc/arm-none-eabi/12.3.1/../../../../arm-none-eabi/lib/thumb/v7e-m+fp/hard\libc_nano.a(libc_a-printf.o)
                              build/debug/TOF/App/app_tof.o (printf)
c:/users/jessejabezarendse/appdata/roaming/code/user/globalstorage/bmd.stm32-for-vscode/@xpack-dev-tools/arm-none-eabi-gcc/12.3.1-1.2.1/.content/bin/../lib/gcc/arm-none-eabi/12.3.1/../../../../arm-none-eabi/lib/thumb/v7e-m+fp/hard\libc_nano.a(libc_a-putchar.o)
                              build/debug/TOF/App/app_tof.o (putchar)
c:/users/jessejabezarendse/appdata/roaming/code/user/globalstorage/bmd.stm32-for-vscode/@xpack-dev-tools/arm-none-eabi-gcc/12.3.1-1.2.1/.content/bin/../lib/gcc/arm-none-eabi/12.3.1/../../../../arm-none-eabi/lib/thumb/v7e-m+fp/hard\libc_nano.a(libc_a-puts.o)
                              build/debug/TOF/App/app_tof.o (puts)
c:/users/jessejabezarendse/appdata/roaming/code/user/globalstorage/bmd.stm32-for-vscode/@xpack-dev-tools/arm-none-eabi-gcc/12.3.1-1.2.1/.content/bin/../lib/gcc/arm-none-eabi/12.3.1/../../../../arm-none-eabi/lib/thumb/v7e-m+fp/hard\libc_nano.a(libc_a-stdio.o)
                              c:/users/jessejabezarendse/appdata/roaming/code/user/globalstorage/bmd.stm32-for-vscode/@xpack-dev-tools/arm-none-eabi-gcc/12.3.1-1.2.1/.content/bin/../lib/gcc/arm-none-eabi/12.3.1/../../../../arm-none-eabi/lib/thumb/v7e-m+fp/hard\libc_nano.a(libc_a-findfp.o) (__sread)
c:/users/jessejabezarendse/appdata/roaming/code/user/globalstorage/bmd.stm32-for-vscode/@xpack-dev-tools/arm-none-eabi-gcc/12.3.1-1.2.1/.content/bin/../lib/gcc/arm-none-eabi/12.3.1/../../../../arm-none-eabi/lib/thumb/v7e-m+fp/hard\libc_nano.a(libc_a-wbuf.o)
                              c:/users/jessejabezarendse/appdata/roaming/code/user/globalstorage/bmd.stm32-for-vscode/@xpack-dev-tools/arm-none-eabi-gcc/12.3.1-1.2.1/.content/bin/../lib/gcc/arm-none-eabi/12.3.1/../../../../arm-none-eabi/lib/thumb/v7e-m+fp/hard\libc_nano.a(libc_a-puts.o) (__swbuf_r)
c:/users/jessejabezarendse/appdata/roaming/code/user/globalstorage/bmd.stm32-for-vscode/@xpack-dev-tools/arm-none-eabi-gcc/12.3.1-1.2.1/.content/bin/../lib/gcc/arm-none-eabi/12.3.1/../../../../arm-none-eabi/lib/thumb/v7e-m+fp/hard\libc_nano.a(libc_a-wsetup.o)
                              c:/users/jessejabezarendse/appdata/roaming/code/user/globalstorage/bmd.stm32-for-vscode/@xpack-dev-tools/arm-none-eabi-gcc/12.3.1-1.2.1/.content/bin/../lib/gcc/arm-none-eabi/12.3.1/../../../../arm-none-eabi/lib/thumb/v7e-m+fp/hard\libc_nano.a(libc_a-puts.o) (__swsetup_r)
[...]
Memory Configuration

Name             Origin             Length             Attributes
RAM              0x20000000         0x00020000         xrw
FLASH            0x08000000         0x00080000         xr
*default*        0x00000000         0xffffffff

Linker script and memory map

LOAD c:/users/jessejabezarendse/appdata/roaming/code/user/globalstorage/bmd.stm32-for-vscode/@xpack-dev-tools/arm-none-eabi-gcc/12.3.1-1.2.1/.content/bin/../lib/gcc/arm-none-eabi/12.3.1/thumb/v7e-m+fp/hard/crti.o
LOAD c:/users/jessejabezarendse/appdata/roaming/code/user/globalstorage/bmd.stm32-for-vscode/@xpack-dev-tools/arm-none-eabi-gcc/12.3.1-1.2.1/.content/bin/../lib/gcc/arm-none-eabi/12.3.1/thumb/v7e-m+fp/hard/crtbegin.o
LOAD c:/users/jessejabezarendse/appdata/roaming/code/user/globalstorage/bmd.stm32-for-vscode/@xpack-dev-tools/arm-none-eabi-gcc/12.3.1-1.2.1/.content/bin/../lib/gcc/arm-none-eabi/12.3.1/../../../../arm-none-eabi/lib/thumb/v7e-m+fp/hard/crt0.o
LOAD build/debug/Core/Src/VL53L1A1_Simulink.o
LOAD build/debug/Core/Src/main.o
LOAD build/debug/Core/Src/stm32f4xx_hal_msp.o
LOAD build/debug/Core/Src/stm32f4xx_hal_timebase_tim.o
LOAD build/debug/Core/Src/stm32f4xx_it.o
LOAD build/debug/Core/Src/stm32f4xx_nucleo_bus.o
LOAD build/debug/Core/Src/syscalls.o
LOAD build/debug/Core/Src/sysmem.o
LOAD build/debug/Core/Src/system_stm32f4xx.o
LOAD build/debug/Drivers/BSP/53L1A2/53l1a2.o
LOAD build/debug/Drivers/BSP/53L1A2/53l1a2_ranging_sensor.o
LOAD build/debug/Drivers/BSP/Components/vl53l1cb/modules/vl53l1_api.o
LOAD build/debug/Drivers/BSP/Components/vl53l1cb/modules/vl53l1_api_calibration.o
LOAD build/debug/Drivers/BSP/Components/vl53l1cb/modules/vl53l1_api_core.o
LOAD build/debug/Drivers/BSP/Components/vl53l1cb/modules/vl53l1_api_debug.o
LOAD build/debug/Drivers/BSP/Components/vl53l1cb/modules/vl53l1_api_preset_modes.o
LOAD build/debug/Drivers/BSP/Components/vl53l1cb/modules/vl53l1_api_strings.o
LOAD build/debug/Drivers/BSP/Components/vl53l1cb/modules/vl53l1_core.o
LOAD build/debug/Drivers/BSP/Components/vl53l1cb/modules/vl53l1_core_support.o
LOAD build/debug/Drivers/BSP/Components/vl53l1cb/modules/vl53l1_dmax.o
LOAD build/debug/Drivers/BSP/Components/vl53l1cb/modules/vl53l1_error_strings.o
LOAD build/debug/Drivers/BSP/Components/vl53l1cb/modules/vl53l1_hist_algos_gen3.o
LOAD build/debug/Drivers/BSP/Components/vl53l1cb/modules/vl53l1_hist_algos_gen4.o
LOAD build/debug/Drivers/BSP/Components/vl53l1cb/modules/vl53l1_hist_char.o
LOAD build/debug/Drivers/BSP/Components/vl53l1cb/modules/vl53l1_hist_core.o
LOAD build/debug/Drivers/BSP/Components/vl53l1cb/modules/vl53l1_hist_funcs.o
LOAD build/debug/Drivers/BSP/Components/vl53l1cb/modules/vl53l1_nvm.o
LOAD build/debug/Drivers/BSP/Components/vl53l1cb/modules/vl53l1_nvm_debug.o
LOAD build/debug/Drivers/BSP/Components/vl53l1cb/modules/vl53l1_register_funcs.o
LOAD build/debug/Drivers/BSP/Components/vl53l1cb/modules/vl53l1_sigma_estimate.o
LOAD build/debug/Drivers/BSP/Components/vl53l1cb/modules/vl53l1_silicon_core.o
LOAD build/debug/Drivers/BSP/Components/vl53l1cb/modules/vl53l1_wait.o
LOAD build/debug/Drivers/BSP/Components/vl53l1cb/modules/vl53l1_xtalk.o
LOAD build/debug/Drivers/BSP/Components/vl53l1cb/modules/vl53l1_zone_presets.o
LOAD build/debug/Drivers/BSP/Components/vl53l1cb/porting/vl53l1_platform.o
LOAD build/debug/Drivers/BSP/Components/vl53l1cb/porting/vl53l1_platform_ipp.o
LOAD build/debug/Drivers/BSP/Components/vl53l1cb/porting/vl53l1_platform_log.o
LOAD build/debug/Drivers/BSP/Components/vl53l1cb/vl53l1cb.o
LOAD build/debug/Drivers/BSP/STM32F4xx_Nucleo/stm32f4xx_nucleo.o
LOAD build/debug/Drivers/STM32F4xx_HAL_Driver/Src/stm32f4xx_hal.o
LOAD build/debug/Drivers/STM32F4xx_HAL_Driver/Src/stm32f4xx_hal_cortex.o
LOAD build/debug/Drivers/STM32F4xx_HAL_Driver/Src/stm32f4xx_hal_dma.o
LOAD build/debug/Drivers/STM32F4xx_HAL_Driver/Src/stm32f4xx_hal_dma_ex.o
LOAD build/debug/Drivers/STM32F4xx_HAL_Driver/Src/stm32f4xx_hal_exti.o
LOAD build/debug/Drivers/STM32F4xx_HAL_Driver/Src/stm32f4xx_hal_flash.o
LOAD build/debug/Drivers/STM32F4xx_HAL_Driver/Src/stm32f4xx_hal_flash_ex.o
LOAD build/debug/Drivers/STM32F4xx_HAL_Driver/Src/stm32f4xx_hal_flash_ramfunc.o
LOAD build/debug/Drivers/STM32F4xx_HAL_Driver/Src/stm32f4xx_hal_gpio.o
LOAD build/debug/Drivers/STM32F4xx_HAL_Driver/Src/stm32f4xx_hal_i2c.o
LOAD build/debug/Drivers/STM32F4xx_HAL_Driver/Src/stm32f4xx_hal_i2c_ex.o
LOAD build/debug/Drivers/STM32F4xx_HAL_Driver/Src/stm32f4xx_hal_pwr.o
LOAD build/debug/Drivers/STM32F4xx_HAL_Driver/Src/stm32f4xx_hal_pwr_ex.o
LOAD build/debug/Drivers/STM32F4xx_HAL_Driver/Src/stm32f4xx_hal_rcc.o
LOAD build/debug/Drivers/STM32F4xx_HAL_Driver/Src/stm32f4xx_hal_rcc_ex.o
LOAD build/debug/Drivers/STM32F4xx_HAL_Driver/Src/stm32f4xx_hal_tim.o
LOAD build/debug/Drivers/STM32F4xx_HAL_Driver/Src/stm32f4xx_hal_tim_ex.o
LOAD build/debug/Drivers/STM32F4xx_HAL_Driver/Src/stm32f4xx_hal_uart.o
LOAD build/debug/TOF/App/app_tof.o
LOAD build/debug/startup_stm32f411xe.o
LOAD c:/users/jessejabezarendse/appdata/roaming/code/user/globalstorage/bmd.stm32-for-vscode/@xpack-dev-tools/arm-none-eabi-gcc/12.3.1-1.2.1/.content/bin/../lib/gcc/arm-none-eabi/12.3.1/../../../../arm-none-eabi/lib/thumb/v7e-m+fp/hard\libc_nano.a
LOAD c:/users/jessejabezarendse/appdata/roaming/code/user/globalstorage/bmd.stm32-for-vscode/@xpack-dev-tools/arm-none-eabi-gcc/12.3.1-1.2.1/.content/bin/../lib/gcc/arm-none-eabi/12.3.1/../../../../arm-none-eabi/lib/thumb/v7e-m+fp/hard\libm.a
LOAD c:/users/jessejabezarendse/appdata/roaming/code/user/globalstorage/bmd.stm32-for-vscode/@xpack-dev-tools/arm-none-eabi-gcc/12.3.1-1.2.1/.content/bin/../lib/gcc/arm-none-eabi/12.3.1/../../../../arm-none-eabi/lib/thumb/v7e-m+fp/hard\libnosys.a
START GROUP
LOAD c:/users/jessejabezarendse/appdata/roaming/code/user/globalstorage/bmd.stm32-for-vscode/@xpack-dev-tools/arm-none-eabi-gcc/12.3.1-1.2.1/.content/bin/../lib/gcc/arm-none-eabi/12.3.1/thumb/v7e-m+fp/hard\libgcc.a
LOAD c:/users/jessejabezarendse/appdata/roaming/code/user/globalstorage/bmd.stm32-for-vscode/@xpack-dev-tools/arm-none-eabi-gcc/12.3.1-1.2.1/.content/bin/../lib/gcc/arm-none-eabi/12.3.1/../../../../arm-none-eabi/lib/thumb/v7e-m+fp/hard\libc_nano.a
END GROUP
START GROUP
LOAD c:/users/jessejabezarendse/appdata/roaming/code/user/globalstorage/bmd.stm32-for-vscode/@xpack-dev-tools/arm-none-eabi-gcc/12.3.1-1.2.1/.content/bin/../lib/gcc/arm-none-eabi/12.3.1/thumb/v7e-m+fp/hard\libgcc.a
LOAD c:/users/jessejabezarendse/appdata/roaming/code/user/globalstorage/bmd.stm32-for-vscode/@xpack-dev-tools/arm-none-eabi-gcc/12.3.1-1.2.1/.content/bin/../lib/gcc/arm-none-eabi/12.3.1/../../../../arm-none-eabi/lib/thumb/v7e-m+fp/hard\libc_nano.a
END GROUP
LOAD c:/users/jessejabezarendse/appdata/roaming/code/user/globalstorage/bmd.stm32-for-vscode/@xpack-dev-tools/arm-none-eabi-gcc/12.3.1-1.2.1/.content/bin/../lib/gcc/arm-none-eabi/12.3.1/thumb/v7e-m+fp/hard/crtend.o
LOAD c:/users/jessejabezarendse/appdata/roaming/code/user/globalstorage/bmd.stm32-for-vscode/@xpack-dev-tools/arm-none-eabi-gcc/12.3.1-1.2.1/.content/bin/../lib/gcc/arm-none-eabi/12.3.1/thumb/v7e-m+fp/hard/crtn.o
                0x20020000                        _estack = (ORIGIN (RAM) + LENGTH (RAM))
                0x00000200                        _Min_Heap_Size = 0x200
                0x00000400                        _Min_Stack_Size = 0x400

.isr_vector     0x08000000      0x198
                0x08000000                        . = ALIGN (0x4)
 *(.isr_vector)
 .isr_vector    0x08000000      0x198 build/debug/startup_stm32f411xe.o
                0x08000000                g_pfnVectors
                0x08000198                        . = ALIGN (0x4)

.text           0x080001a0     0xf210
                0x080001a0                        . = ALIGN (0x4)
 *(.text)
 .text          0x080001a0       0xa0 c:/users/jessejabezarendse/appdata/roaming/code/user/globalstorage/bmd.stm32-for-vscode/@xpack-dev-tools/arm-none-eabi-gcc/12.3.1-1.2.1/.content/bin/../lib/gcc/arm-none-eabi/12.3.1/../../../../arm-none-eabi/lib/thumb/v7e-m+fp/hard\libc_nano.a(libc_a-memchr.o)
                0x080001a0                memchr
 .text          0x08000240       0xa0 c:/users/jessejabezarendse/appdata/roaming/code/user/globalstorage/bmd.stm32-for-vscode/@xpack-dev-tools/arm-none-eabi-gcc/12.3.1-1.2.1/.content/bin/../lib/gcc/arm-none-eabi/12.3.1/thumb/v7e-m+fp/hard\libgcc.a(_aeabi_ldivmod.o)
                0x08000240                __aeabi_ldivmod
 .text          0x080002e0       0x30 c:/users/jessejabezarendse/appdata/roaming/code/user/globalstorage/bmd.stm32-for-vscode/@xpack-dev-tools/arm-none-eabi-gcc/12.3.1-1.2.1/.content/bin/../lib/gcc/arm-none-eabi/12.3.1/thumb/v7e-m+fp/hard\libgcc.a(_aeabi_uldivmod.o)
                0x080002e0                __aeabi_uldivmod
 .text          0x08000310        0x4 c:/users/jessejabezarendse/appdata/roaming/code/user/globalstorage/bmd.stm32-for-vscode/@xpack-dev-tools/arm-none-eabi-gcc/12.3.1-1.2.1/.content/bin/../lib/gcc/arm-none-eabi/12.3.1/thumb/v7e-m+fp/hard\libgcc.a(_dvmd_tls.o)
                0x08000310                __aeabi_idiv0
                0x08000310                __aeabi_ldiv0
 *(.text*)
 .text.__do_global_dtors_aux
                0x08000314       0x24 c:/users/jessejabezarendse/appdata/roaming/code/user/globalstorage/bmd.stm32-for-vscode/@xpack-dev-tools/arm-none-eabi-gcc/12.3.1-1.2.1/.content/bin/../lib/gcc/arm-none-eabi/12.3.1/thumb/v7e-m+fp/hard/crtbegin.o
 .text.frame_dummy
                0x08000338       0x1c c:/users/jessejabezarendse/appdata/roaming/code/user/globalstorage/bmd.stm32-for-vscode/@xpack-dev-tools/arm-none-eabi-gcc/12.3.1-1.2.1/.content/bin/../lib/gcc/arm-none-eabi/12.3.1/thumb/v7e-m+fp/hard/crtbegin.o
 .text.initVL53L1A1
                0x08000354       0x4a build/debug/Core/Src/VL53L1A1_Simulink.o
                0x08000354                initVL53L1A1
 *fill*         0x0800039e        0x2 
 .text.getVL53L1A1
                0x080003a0       0x28 build/debug/Core/Src/VL53L1A1_Simulink.o
                0x080003a0                getVL53L1A1
 .text.sendToSimulink
                0x080003c8       0xdc build/debug/Core/Src/VL53L1A1_Simulink.o
                0x080003c8                sendToSimulink
 .text.MX_DMA_Init
                0x080004a4       0x34 build/debug/Core/Src/main.o
                0x080004a4                MX_DMA_Init
 .text.MX_GPIO_Init
                0x080004d8      0x144 build/debug/Core/Src/main.o
                0x080004d8                MX_GPIO_Init
 .text.HAL_TIM_PeriodElapsedCallback
                0x0800061c       0x18 build/debug/Core/Src/main.o
                0x0800061c                HAL_TIM_PeriodElapsedCallback
 .text.Error_Handler
                0x08000634        0x4 build/debug/Core/Src/main.o
                0x08000634                Error_Handler
 .text.MX_TIM2_Init
                0x08000638       0x68 build/debug/Core/Src/main.o
 .text.SystemClock_Config
                0x080006a0       0xa0 build/debug/Core/Src/main.o
                0x080006a0                SystemClock_Config
 .text.main     0x08000740       0x5c build/debug/Core/Src/main.o
                0x08000740                main
 .text.HAL_MspInit
                0x0800079c       0x40 build/debug/Core/Src/stm32f4xx_hal_msp.o
                0x0800079c                HAL_MspInit
 .text.HAL_TIM_Base_MspInit
                0x080007dc       0x3c build/debug/Core/Src/stm32f4xx_hal_msp.o
                0x080007dc                HAL_TIM_Base_MspInit
 .text.HAL_InitTick
                0x08000818       0x94 build/debug/Core/Src/stm32f4xx_hal_timebase_tim.o
                0x08000818                HAL_InitTick
 .text.NMI_Handler
                0x080008ac        0x2 build/debug/Core/Src/stm32f4xx_it.o
                0x080008ac                NMI_Handler
 .text.HardFault_Handler
                0x080008ae        0x2 build/debug/Core/Src/stm32f4xx_it.o
                0x080008ae                HardFault_Handler
 .text.MemManage_Handler
                0x080008b0        0x2 build/debug/Core/Src/stm32f4xx_it.o
                0x080008b0                MemManage_Handler
 .text.BusFault_Handler
                0x080008b2        0x2 build/debug/Core/Src/stm32f4xx_it.o
                0x080008b2                BusFault_Handler
 .text.UsageFault_Handler
                0x080008b4        0x2 build/debug/Core/Src/stm32f4xx_it.o
                0x080008b4                UsageFault_Handler
 .text.SVC_Handler
                0x080008b6        0x2 build/debug/Core/Src/stm32f4xx_it.o
                0x080008b6                SVC_Handler
 .text.DebugMon_Handler
                0x080008b8        0x2 build/debug/Core/Src/stm32f4xx_it.o
                0x080008b8                DebugMon_Handler
 .text.PendSV_Handler
                0x080008ba        0x2 build/debug/Core/Src/stm32f4xx_it.o
                0x080008ba                PendSV_Handler
 .text.SysTick_Handler
                0x080008bc        0x2 build/debug/Core/Src/stm32f4xx_it.o
                0x080008bc                SysTick_Handler
 .text.EXTI4_IRQHandler
                0x080008be        0xa build/debug/Core/Src/stm32f4xx_it.o
                0x080008be                EXTI4_IRQHandler
 .text.DMA1_Stream5_IRQHandler
                0x080008c8       0x10 build/debug/Core/Src/stm32f4xx_it.o
                0x080008c8                DMA1_Stream5_IRQHandler
 .text.TIM1_UP_TIM10_IRQHandler
                0x080008d8       0x10 build/debug/Core/Src/stm32f4xx_it.o
                0x080008d8                TIM1_UP_TIM10_IRQHandler
 .text.TIM2_IRQHandler
                0x080008e8       0x18 build/debug/Core/Src/stm32f4xx_it.o
                0x080008e8                TIM2_IRQHandler
 .text.EXTI15_10_IRQHandler
                0x08000900        0xc build/debug/Core/Src/stm32f4xx_it.o
                0x08000900                EXTI15_10_IRQHandler
 .text.I2C1_MspInit
                0x0800090c       0x80 build/debug/Core/Src/stm32f4xx_nucleo_bus.o
 .text.I2C1_MspDeInit
                0x0800098c       0x2c build/debug/Core/Src/stm32f4xx_nucleo_bus.o
 .text.BSP_I2C1_DeInit
                0x080009b8       0x38 build/debug/Core/Src/stm32f4xx_nucleo_bus.o
                0x080009b8                BSP_I2C1_DeInit
 .text.BSP_I2C1_Send
                0x080009f0       0x3c build/debug/Core/Src/stm32f4xx_nucleo_bus.o
                0x080009f0                BSP_I2C1_Send
 .text.BSP_I2C1_Recv
                0x08000a2c       0x3c build/debug/Core/Src/stm32f4xx_nucleo_bus.o
                0x08000a2c                BSP_I2C1_Recv
 .text.BSP_GetTick
                0x08000a68        0x8 build/debug/Core/Src/stm32f4xx_nucleo_bus.o
                0x08000a68                BSP_GetTick
 .text.MX_I2C1_Init
                0x08000a70       0x30 build/debug/Core/Src/stm32f4xx_nucleo_bus.o
                0x08000a70                MX_I2C1_Init
 .text.BSP_I2C1_Init
                0x08000aa0       0x48 build/debug/Core/Src/stm32f4xx_nucleo_bus.o
                0x08000aa0                BSP_I2C1_Init
 .text._read    0x08000ae8       0x20 build/debug/Core/Src/syscalls.o
                0x08000ae8                _read
 .text._write   0x08000b08       0x1c build/debug/Core/Src/syscalls.o
                0x08000b08                _write
 .text._close   0x08000b24        0x6 build/debug/Core/Src/syscalls.o
                0x08000b24                _close
 .text._fstat   0x08000b2a        0xa build/debug/Core/Src/syscalls.o
                0x08000b2a                _fstat
 .text._isatty  0x08000b34        0x4 build/debug/Core/Src/syscalls.o
                0x08000b34                _isatty
 .text._lseek   0x08000b38        0x4 build/debug/Core/Src/syscalls.o
                0x08000b38                _lseek
 .text._sbrk    0x08000b3c       0x48 build/debug/Core/Src/sysmem.o
                0x08000b3c                _sbrk
 .text.SystemInit
                0x08000b84       0x14 build/debug/Core/Src/system_stm32f4xx.o
                0x08000b84                SystemInit
 .text._I2cFailRecover
                0x08000b98       0xe4 build/debug/Drivers/BSP/53L1A2/53l1a2.o
 .text._ExpanderRd
                0x08000c7c       0x40 build/debug/Drivers/BSP/53L1A2/53l1a2.o
 .text._ExpanderWR
                0x08000cbc       0x34 build/debug/Drivers/BSP/53L1A2/53l1a2.o
 .text._ExpandersSetAllIO
                0x08000cf0       0x28 build/debug/Drivers/BSP/53L1A2/53l1a2.o
 .text.VL53L1A2_Init
                0x08000d18       0xb8 build/debug/Drivers/BSP/53L1A2/53l1a2.o
                0x08000d18                VL53L1A2_Init
 .text.VL53L1A2_ResetId
                0x08000dd0       0x80 build/debug/Drivers/BSP/53L1A2/53l1a2.o
                0x08000dd0                VL53L1A2_ResetId
 .text.VL53L1CB_Probe
                0x08000e50       0xb8 build/debug/Drivers/BSP/53L1A2/53l1a2_ranging_sensor.o
 .text.VL53L1A2_RANGING_SENSOR_ReadID
                0x08000f08       0x30 build/debug/Drivers/BSP/53L1A2/53l1a2_ranging_sensor.o
                0x08000f08                VL53L1A2_RANGING_SENSOR_ReadID
 .text.VL53L1A2_RANGING_SENSOR_ConfigProfile
                0x08000f38       0x30 build/debug/Drivers/BSP/53L1A2/53l1a2_ranging_sensor.o
                0x08000f38                VL53L1A2_RANGING_SENSOR_ConfigProfile
 .text.VL53L1A2_RANGING_SENSOR_GetDistance
                0x08000f68       0x30 build/debug/Drivers/BSP/53L1A2/53l1a2_ranging_sensor.o
                0x08000f68                VL53L1A2_RANGING_SENSOR_GetDistance
 .text.VL53L1A2_RANGING_SENSOR_Start
                0x08000f98       0x30 build/debug/Drivers/BSP/53L1A2/53l1a2_ranging_sensor.o
                0x08000f98                VL53L1A2_RANGING_SENSOR_Start
 .text.VL53L1A2_RANGING_SENSOR_SetAddress
                0x08000fc8       0x30 build/debug/Drivers/BSP/53L1A2/53l1a2_ranging_sensor.o
                0x08000fc8                VL53L1A2_RANGING_SENSOR_SetAddress
 .text.VL53L1A2_RANGING_SENSOR_SetPowerMode
                0x08000ff8       0x50 build/debug/Drivers/BSP/53L1A2/53l1a2_ranging_sensor.o
                0x08000ff8                VL53L1A2_RANGING_SENSOR_SetPowerMode
 .text.VL53L1A2_RANGING_SENSOR_Init
                0x08001048       0x32 build/debug/Drivers/BSP/53L1A2/53l1a2_ranging_sensor.o
                0x08001048                VL53L1A2_RANGING_SENSOR_Init
 .text.CheckValidRectRoi
                0x0800107a       0x62 build/debug/Drivers/BSP/Components/vl53l1cb/modules/vl53l1_api.o
 .text.ComputeDevicePresetMode
                0x080010dc       0xe4 build/debug/Drivers/BSP/Components/vl53l1cb/modules/vl53l1_api.o
 .text.GenNewPresetMode
                0x080011c0       0x54 build/debug/Drivers/BSP/Components/vl53l1cb/modules/vl53l1_api.o
 .text.CheckAndChangeDistanceMode
                0x08001214       0x64 build/debug/Drivers/BSP/Components/vl53l1cb/modules/vl53l1_api.o
 .text.ComputeRQL
                0x08001278       0x78 build/debug/Drivers/BSP/Components/vl53l1cb/modules/vl53l1_api.o
 .text.ConvertStatusLite
                0x080012f0       0x3e build/debug/Drivers/BSP/Components/vl53l1cb/modules/vl53l1_api.o
 .text.ConvertStatusHisto
                0x0800132e       0x3e build/debug/Drivers/BSP/Components/vl53l1cb/modules/vl53l1_api.o
 .text.SetPresetMode
                0x0800136c       0x8e build/debug/Drivers/BSP/Components/vl53l1cb/modules/vl53l1_api.o
 .text.SetLimitValue
                0x080013fa       0x26 build/debug/Drivers/BSP/Components/vl53l1cb/modules/vl53l1_api.o
 .text.VL53L1_SetDeviceAddress
                0x08001420       0x14 build/debug/Drivers/BSP/Components/vl53l1cb/modules/vl53l1_api.o
                0x08001420                VL53L1_SetDeviceAddress
 .text.VL53L1_WaitDeviceBooted
                0x08001434        0xc build/debug/Drivers/BSP/Components/vl53l1cb/modules/vl53l1_api.o
                0x08001434                VL53L1_WaitDeviceBooted
 .text.VL53L1_SetDistanceMode
                0x08001440       0x8a build/debug/Drivers/BSP/Components/vl53l1cb/modules/vl53l1_api.o
                0x08001440                VL53L1_SetDistanceMode
 *fill*         0x080014ca        0x2 
 .text.VL53L1_SetInterMeasurementPeriodMilliSeconds
                0x080014cc       0x18 build/debug/Drivers/BSP/Components/vl53l1cb/modules/vl53l1_api.o
                0x080014cc                VL53L1_SetInterMeasurementPeriodMilliSeconds
 .text.VL53L1_GetInterMeasurementPeriodMilliSeconds
                0x080014e4       0x28 build/debug/Drivers/BSP/Components/vl53l1cb/modules/vl53l1_api.o
                0x080014e4                VL53L1_GetInterMeasurementPeriodMilliSeconds
 .text.VL53L1_SetLimitCheckEnable
                0x0800150c       0x3e build/debug/Drivers/BSP/Components/vl53l1cb/modules/vl53l1_api.o
                0x0800150c                VL53L1_SetLimitCheckEnable
 .text.VL53L1_DataInit
                0x0800154a       0x5c build/debug/Drivers/BSP/Components/vl53l1cb/modules/vl53l1_api.o
                0x0800154a                VL53L1_DataInit
 .text.VL53L1_GetLimitCheckEnable
                0x080015a6       0x1c build/debug/Drivers/BSP/Components/vl53l1cb/modules/vl53l1_api.o
                0x080015a6                VL53L1_GetLimitCheckEnable
 .text.VL53L1_GetLimitCheckValue
                0x080015c2       0x6e build/debug/Drivers/BSP/Components/vl53l1cb/modules/vl53l1_api.o
                0x080015c2                VL53L1_GetLimitCheckValue
 .text.SetTargetData
                0x08001630      0x69c build/debug/Drivers/BSP/Components/vl53l1cb/modules/vl53l1_api.o
 .text.SetMeasurementData
                0x08001ccc      0x104 build/debug/Drivers/BSP/Components/vl53l1cb/modules/vl53l1_api.o
 .text.VL53L1_SetROI
                0x08001dd0       0xd2 build/debug/Drivers/BSP/Components/vl53l1cb/modules/vl53l1_api.o
                0x08001dd0                VL53L1_SetROI
 .text.VL53L1_GetSequenceStepEnable
                0x08001ea2        0x8 build/debug/Drivers/BSP/Components/vl53l1cb/modules/vl53l1_api.o
                0x08001ea2                VL53L1_GetSequenceStepEnable
 *fill*         0x08001eaa        0x2 
 .text.VL53L1_SetMeasurementTimingBudgetMicroSeconds
                0x08001eac      0x16c build/debug/Drivers/BSP/Components/vl53l1cb/modules/vl53l1_api.o
                0x08001eac                VL53L1_SetMeasurementTimingBudgetMicroSeconds
 .text.VL53L1_SetPresetMode
                0x08002018       0x54 build/debug/Drivers/BSP/Components/vl53l1cb/modules/vl53l1_api.o
                0x08002018                VL53L1_SetPresetMode
 .text.VL53L1_GetMeasurementTimingBudgetMicroSeconds
                0x0800206c      0x106 build/debug/Drivers/BSP/Components/vl53l1cb/modules/vl53l1_api.o
                0x0800206c                VL53L1_GetMeasurementTimingBudgetMicroSeconds
 *fill*         0x08002172        0x6 
 .text.VL53L1_StartMeasurement
                0x08002178      0x11c build/debug/Drivers/BSP/Components/vl53l1cb/modules/vl53l1_api.o
                0x08002178                VL53L1_StartMeasurement
 .text.VL53L1_StopMeasurement
                0x08002294       0x28 build/debug/Drivers/BSP/Components/vl53l1cb/modules/vl53l1_api.o
                0x08002294                VL53L1_StopMeasurement
 .text.VL53L1_ClearInterruptAndStartMeasurement
                0x080022bc        0xa build/debug/Drivers/BSP/Components/vl53l1cb/modules/vl53l1_api.o
                0x080022bc                VL53L1_ClearInterruptAndStartMeasurement
 .text.VL53L1_GetMeasurementDataReady
                0x080022c6        0x8 build/debug/Drivers/BSP/Components/vl53l1cb/modules/vl53l1_api.o
                0x080022c6                VL53L1_GetMeasurementDataReady
 .text.VL53L1_GetMultiRangingData
                0x080022ce       0x4e build/debug/Drivers/BSP/Components/vl53l1cb/modules/vl53l1_api.o
                0x080022ce                VL53L1_GetMultiRangingData
 .text.VL53L1_PerformRefSpadManagement
                0x0800231c       0xb0 build/debug/Drivers/BSP/Components/vl53l1cb/modules/vl53l1_api.o
                0x0800231c                VL53L1_PerformRefSpadManagement
 .text.VL53L1_SmudgeCorrectionEnable
                0x080023cc       0x94 build/debug/Drivers/BSP/Components/vl53l1cb/modules/vl53l1_api.o
                0x080023cc                VL53L1_SmudgeCorrectionEnable
 .text.VL53L1_StaticInit
                0x08002460       0x34 build/debug/Drivers/BSP/Components/vl53l1cb/modules/vl53l1_api.o
                0x08002460                VL53L1_StaticInit
 .text.VL53L1_run_device_test
                0x08002494       0x8e build/debug/Drivers/BSP/Components/vl53l1cb/modules/vl53l1_api_calibration.o
                0x08002494                VL53L1_run_device_test
 .text.VL53L1_run_ref_spad_char
                0x08002522      0x110 build/debug/Drivers/BSP/Components/vl53l1cb/modules/vl53l1_api_calibration.o
                0x08002522                VL53L1_run_ref_spad_char
 .text.select_offset_per_vcsel
                0x08002632       0x66 build/debug/Drivers/BSP/Components/vl53l1cb/modules/vl53l1_api_core.o
 .text.vl53l1_diff_histo_stddev
                0x08002698       0xc2 build/debug/Drivers/BSP/Components/vl53l1cb/modules/vl53l1_api_core.o
 .text.VL53L1_unload_patch
                0x0800275a       0x32 build/debug/Drivers/BSP/Components/vl53l1cb/modules/vl53l1_api_core.o
                0x0800275a                VL53L1_unload_patch
 .text.VL53L1_set_inter_measurement_period_ms
                0x0800278c       0x1e build/debug/Drivers/BSP/Components/vl53l1cb/modules/vl53l1_api_core.o
                0x0800278c                VL53L1_set_inter_measurement_period_ms
 .text.VL53L1_get_inter_measurement_period_ms
                0x080027aa       0x1e build/debug/Drivers/BSP/Components/vl53l1cb/modules/vl53l1_api_core.o
                0x080027aa                VL53L1_get_inter_measurement_period_ms
 .text.VL53L1_set_timeouts_us
                0x080027c8       0x38 build/debug/Drivers/BSP/Components/vl53l1cb/modules/vl53l1_api_core.o
                0x080027c8                VL53L1_set_timeouts_us
 .text.VL53L1_get_timeouts_us
                0x08002800       0x70 build/debug/Drivers/BSP/Components/vl53l1cb/modules/vl53l1_api_core.o
                0x08002800                VL53L1_get_timeouts_us
 .text.VL53L1_get_sequence_config_bit
                0x08002870       0x36 build/debug/Drivers/BSP/Components/vl53l1cb/modules/vl53l1_api_core.o
                0x08002870                VL53L1_get_sequence_config_bit
 .text.VL53L1_set_user_zone
                0x080028a6       0x22 build/debug/Drivers/BSP/Components/vl53l1cb/modules/vl53l1_api_core.o
                0x080028a6                VL53L1_set_user_zone
 .text.VL53L1_get_mode_mitigation_roi
                0x080028c8       0x42 build/debug/Drivers/BSP/Components/vl53l1cb/modules/vl53l1_api_core.o
                0x080028c8                VL53L1_get_mode_mitigation_roi
 .text.VL53L1_read_p2p_data
                0x0800290a      0x16a build/debug/Drivers/BSP/Components/vl53l1cb/modules/vl53l1_api_core.o
                0x0800290a                VL53L1_read_p2p_data
 .text.VL53L1_set_zone_config
                0x08002a74       0x62 build/debug/Drivers/BSP/Components/vl53l1cb/modules/vl53l1_api_core.o
                0x08002a74                VL53L1_set_zone_config
 .text.VL53L1_get_zone_config
                0x08002ad6       0x14 build/debug/Drivers/BSP/Components/vl53l1cb/modules/vl53l1_api_core.o
                0x08002ad6                VL53L1_get_zone_config
 .text.VL53L1_get_preset_mode_timing_cfg
                0x08002aea      0x1c0 build/debug/Drivers/BSP/Components/vl53l1cb/modules/vl53l1_api_core.o
                0x08002aea                VL53L1_get_preset_mode_timing_cfg
 .text.VL53L1_set_preset_mode
                0x08002caa      0x572 build/debug/Drivers/BSP/Components/vl53l1cb/modules/vl53l1_api_core.o
                0x08002caa                VL53L1_set_preset_mode
 .text.VL53L1_data_init
                0x0800321c      0x1f2 build/debug/Drivers/BSP/Components/vl53l1cb/modules/vl53l1_api_core.o
                0x0800321c                VL53L1_data_init
 .text.VL53L1_get_lite_sigma_threshold
                0x0800340e        0xa build/debug/Drivers/BSP/Components/vl53l1cb/modules/vl53l1_api_core.o
                0x0800340e                VL53L1_get_lite_sigma_threshold
 .text.VL53L1_set_lite_sigma_threshold
                0x08003418        0x8 build/debug/Drivers/BSP/Components/vl53l1cb/modules/vl53l1_api_core.o
                0x08003418                VL53L1_set_lite_sigma_threshold
 .text.VL53L1_get_lite_min_count_rate
                0x08003420        0xa build/debug/Drivers/BSP/Components/vl53l1cb/modules/vl53l1_api_core.o
                0x08003420                VL53L1_get_lite_min_count_rate
 .text.VL53L1_set_lite_min_count_rate
                0x0800342a        0x8 build/debug/Drivers/BSP/Components/vl53l1cb/modules/vl53l1_api_core.o
                0x0800342a                VL53L1_set_lite_min_count_rate
 .text.VL53L1_stop_range
                0x08003432       0x62 build/debug/Drivers/BSP/Components/vl53l1cb/modules/vl53l1_api_core.o
                0x08003432                VL53L1_stop_range
 .text.VL53L1_get_measurement_results
                0x08003494       0x66 build/debug/Drivers/BSP/Components/vl53l1cb/modules/vl53l1_api_core.o
                0x08003494                VL53L1_get_measurement_results
 *fill*         0x080034fa        0x2 
 .text.VL53L1_copy_sys_and_core_results_to_range_results
                0x080034fc      0x1b0 build/debug/Drivers/BSP/Components/vl53l1cb/modules/vl53l1_api_core.o
                0x080034fc                VL53L1_copy_sys_and_core_results_to_range_results
 .text.VL53L1_set_zone_dss_config
                0x080036ac       0x20 build/debug/Drivers/BSP/Components/vl53l1cb/modules/vl53l1_api_core.o
                0x080036ac                VL53L1_set_zone_dss_config
 .text.VL53L1_init_and_start_range
                0x080036cc      0x270 build/debug/Drivers/BSP/Components/vl53l1cb/modules/vl53l1_api_core.o
                0x080036cc                VL53L1_init_and_start_range
 .text.VL53L1_clear_interrupt_and_enable_next_range
                0x0800393c        0xa build/debug/Drivers/BSP/Components/vl53l1cb/modules/vl53l1_api_core.o
                0x0800393c                VL53L1_clear_interrupt_and_enable_next_range
 .text.VL53L1_set_dmax_mode
                0x08003946        0x6 build/debug/Drivers/BSP/Components/vl53l1cb/modules/vl53l1_api_core.o
                0x08003946                VL53L1_set_dmax_mode
 .text.VL53L1_get_dmax_calibration_data
                0x0800394c       0x74 build/debug/Drivers/BSP/Components/vl53l1cb/modules/vl53l1_api_core.o
                0x0800394c                VL53L1_get_dmax_calibration_data
 .text.VL53L1_get_tuning_parm
                0x080039c0      0x976 build/debug/Drivers/BSP/Components/vl53l1cb/modules/vl53l1_api_core.o
                0x080039c0                VL53L1_get_tuning_parm
 .text.VL53L1_load_patch
                0x08004336      0x11a build/debug/Drivers/BSP/Components/vl53l1cb/modules/vl53l1_api_core.o
                0x08004336                VL53L1_load_patch
 .text.vl53l1_histo_merge
                0x08004450      0x1a6 build/debug/Drivers/BSP/Components/vl53l1cb/modules/vl53l1_api_core.o
 *fill*         0x080045f6        0x2 
 .text.VL53L1_get_histogram_bin_data
                0x080045f8      0x224 build/debug/Drivers/BSP/Components/vl53l1cb/modules/vl53l1_api_core.o
                0x080045f8                VL53L1_get_histogram_bin_data
 .text.VL53L1_get_device_results
                0x0800481c      0x5e8 build/debug/Drivers/BSP/Components/vl53l1cb/modules/vl53l1_api_core.o
                0x0800481c                VL53L1_get_device_results
 .text.VL53L1_dynamic_xtalk_correction_enable
                0x08004e04        0xe build/debug/Drivers/BSP/Components/vl53l1cb/modules/vl53l1_api_core.o
                0x08004e04                VL53L1_dynamic_xtalk_correction_enable
 .text.VL53L1_dynamic_xtalk_correction_disable
                0x08004e12        0xc build/debug/Drivers/BSP/Components/vl53l1cb/modules/vl53l1_api_core.o
                0x08004e12                VL53L1_dynamic_xtalk_correction_disable
 .text.VL53L1_dynamic_xtalk_correction_apply_enable
                0x08004e1e        0xe build/debug/Drivers/BSP/Components/vl53l1cb/modules/vl53l1_api_core.o
                0x08004e1e                VL53L1_dynamic_xtalk_correction_apply_enable
 .text.VL53L1_dynamic_xtalk_correction_apply_disable
                0x08004e2c        0xc build/debug/Drivers/BSP/Components/vl53l1cb/modules/vl53l1_api_core.o
                0x08004e2c                VL53L1_dynamic_xtalk_correction_apply_disable
 .text.VL53L1_dynamic_xtalk_correction_single_apply_enable
                0x08004e38        0xe build/debug/Drivers/BSP/Components/vl53l1cb/modules/vl53l1_api_core.o
                0x08004e38                VL53L1_dynamic_xtalk_correction_single_apply_enable
 .text.VL53L1_dynamic_xtalk_correction_single_apply_disable
                0x08004e46        0xc build/debug/Drivers/BSP/Components/vl53l1cb/modules/vl53l1_api_core.o
                0x08004e46                VL53L1_dynamic_xtalk_correction_single_apply_disable
 .text.VL53L1_init_refspadchar_config_struct
                0x08004e52       0x24 build/debug/Drivers/BSP/Components/vl53l1cb/modules/vl53l1_api_preset_modes.o
                0x08004e52                VL53L1_init_refspadchar_config_struct
 .text.VL53L1_init_ssc_config_struct
                0x08004e76       0x1e build/debug/Drivers/BSP/Components/vl53l1cb/modules/vl53l1_api_preset_modes.o
                0x08004e76                VL53L1_init_ssc_config_struct
 .text.VL53L1_init_xtalk_config_struct
                0x08004e94       0x6e build/debug/Drivers/BSP/Components/vl53l1cb/modules/vl53l1_api_preset_modes.o
                0x08004e94                VL53L1_init_xtalk_config_struct
 .text.VL53L1_init_xtalk_extract_config_struct
                0x08004f02       0x34 build/debug/Drivers/BSP/Components/vl53l1cb/modules/vl53l1_api_preset_modes.o
                0x08004f02                VL53L1_init_xtalk_extract_config_struct
 .text.VL53L1_init_offset_cal_config_struct
                0x08004f36       0x24 build/debug/Drivers/BSP/Components/vl53l1cb/modules/vl53l1_api_preset_modes.o
                0x08004f36                VL53L1_init_offset_cal_config_struct
 .text.VL53L1_init_zone_cal_config_struct
                0x08004f5a       0x24 build/debug/Drivers/BSP/Components/vl53l1cb/modules/vl53l1_api_preset_modes.o
                0x08004f5a                VL53L1_init_zone_cal_config_struct
 .text.VL53L1_init_hist_post_process_config_struct
                0x08004f7e       0x86 build/debug/Drivers/BSP/Components/vl53l1cb/modules/vl53l1_api_preset_modes.o
                0x08004f7e                VL53L1_init_hist_post_process_config_struct
 .text.VL53L1_init_tuning_parm_storage_struct
                0x08005004      0x1fc build/debug/Drivers/BSP/Components/vl53l1cb/modules/vl53l1_api_preset_modes.o
                0x08005004                VL53L1_init_tuning_parm_storage_struct
 .text.VL53L1_init_hist_gen3_dmax_config_struct
                0x08005200       0x3c build/debug/Drivers/BSP/Components/vl53l1cb/modules/vl53l1_api_preset_modes.o
                0x08005200                VL53L1_init_hist_gen3_dmax_config_struct
 .text.VL53L1_preset_mode_standard_ranging
                0x0800523c      0x20c build/debug/Drivers/BSP/Components/vl53l1cb/modules/vl53l1_api_preset_modes.o
                0x0800523c                VL53L1_preset_mode_standard_ranging
 .text.VL53L1_preset_mode_standard_ranging_short_range
                0x08005448       0x44 build/debug/Drivers/BSP/Components/vl53l1cb/modules/vl53l1_api_preset_modes.o
                0x08005448                VL53L1_preset_mode_standard_ranging_short_range
 .text.VL53L1_preset_mode_standard_ranging_long_range
                0x0800548c       0x44 build/debug/Drivers/BSP/Components/vl53l1cb/modules/vl53l1_api_preset_modes.o
                0x0800548c                VL53L1_preset_mode_standard_ranging_long_range
 .text.VL53L1_preset_mode_standard_ranging_mm1_cal
                0x080054d0       0x28 build/debug/Drivers/BSP/Components/vl53l1cb/modules/vl53l1_api_preset_modes.o
                0x080054d0                VL53L1_preset_mode_standard_ranging_mm1_cal
 .text.VL53L1_preset_mode_standard_ranging_mm2_cal
                0x080054f8       0x28 build/debug/Drivers/BSP/Components/vl53l1cb/modules/vl53l1_api_preset_modes.o
                0x080054f8                VL53L1_preset_mode_standard_ranging_mm2_cal
 .text.VL53L1_preset_mode_timed_ranging
                0x08005520       0x46 build/debug/Drivers/BSP/Components/vl53l1cb/modules/vl53l1_api_preset_modes.o
                0x08005520                VL53L1_preset_mode_timed_ranging
 .text.VL53L1_preset_mode_timed_ranging_short_range
                0x08005566       0x48 build/debug/Drivers/BSP/Components/vl53l1cb/modules/vl53l1_api_preset_modes.o
                0x08005566                VL53L1_preset_mode_timed_ranging_short_range
 .text.VL53L1_preset_mode_timed_ranging_long_range
                0x080055ae       0x46 build/debug/Drivers/BSP/Components/vl53l1cb/modules/vl53l1_api_preset_modes.o
                0x080055ae                VL53L1_preset_mode_timed_ranging_long_range
 .text.VL53L1_preset_mode_low_power_auto_ranging
                0x080055f4       0x2c build/debug/Drivers/BSP/Components/vl53l1cb/modules/vl53l1_api_preset_modes.o
                0x080055f4                VL53L1_preset_mode_low_power_auto_ranging
 .text.VL53L1_preset_mode_low_power_auto_short_ranging
                0x08005620       0x2c build/debug/Drivers/BSP/Components/vl53l1cb/modules/vl53l1_api_preset_modes.o
                0x08005620                VL53L1_preset_mode_low_power_auto_short_ranging
 .text.VL53L1_preset_mode_low_power_auto_long_ranging
                0x0800564c       0x2c build/debug/Drivers/BSP/Components/vl53l1cb/modules/vl53l1_api_preset_modes.o
                0x0800564c                VL53L1_preset_mode_low_power_auto_long_ranging
 .text.VL53L1_preset_mode_singleshot_ranging
                0x08005678       0x40 build/debug/Drivers/BSP/Components/vl53l1cb/modules/vl53l1_api_preset_modes.o
                0x08005678                VL53L1_preset_mode_singleshot_ranging
 .text.VL53L1_preset_mode_olt
                0x080056b8       0x22 build/debug/Drivers/BSP/Components/vl53l1cb/modules/vl53l1_api_preset_modes.o
                0x080056b8                VL53L1_preset_mode_olt
 .text.VL53L1_copy_hist_cfg_to_static_cfg
                0x080056da       0xa4 build/debug/Drivers/BSP/Components/vl53l1cb/modules/vl53l1_api_preset_modes.o
                0x080056da                VL53L1_copy_hist_cfg_to_static_cfg
 .text.VL53L1_preset_mode_histogram_ranging
                0x0800577e       0xfe build/debug/Drivers/BSP/Components/vl53l1cb/modules/vl53l1_api_preset_modes.o
                0x0800577e                VL53L1_preset_mode_histogram_ranging
 .text.VL53L1_preset_mode_histogram_characterisation
                0x0800587c       0x32 build/debug/Drivers/BSP/Components/vl53l1cb/modules/vl53l1_api_preset_modes.o
                0x0800587c                VL53L1_preset_mode_histogram_characterisation
 .text.VL53L1_preset_mode_histogram_ranging_with_mm1
                0x080058ae       0xba build/debug/Drivers/BSP/Components/vl53l1cb/modules/vl53l1_api_preset_modes.o
                0x080058ae                VL53L1_preset_mode_histogram_ranging_with_mm1
 .text.VL53L1_preset_mode_histogram_ranging_with_mm2
                0x08005968       0x26 build/debug/Drivers/BSP/Components/vl53l1cb/modules/vl53l1_api_preset_modes.o
                0x08005968                VL53L1_preset_mode_histogram_ranging_with_mm2
 .text.VL53L1_preset_mode_histogram_ranging_mm1_cal
                0x0800598e       0xb6 build/debug/Drivers/BSP/Components/vl53l1cb/modules/vl53l1_api_preset_modes.o
                0x0800598e                VL53L1_preset_mode_histogram_ranging_mm1_cal
 .text.VL53L1_preset_mode_histogram_ranging_mm2_cal
                0x08005a44       0x26 build/debug/Drivers/BSP/Components/vl53l1cb/modules/vl53l1_api_preset_modes.o
                0x08005a44                VL53L1_preset_mode_histogram_ranging_mm2_cal
 .text.VL53L1_preset_mode_histogram_ranging_short_timing
                0x08005a6a       0xea build/debug/Drivers/BSP/Components/vl53l1cb/modules/vl53l1_api_preset_modes.o
                0x08005a6a                VL53L1_preset_mode_histogram_ranging_short_timing
 .text.VL53L1_preset_mode_histogram_long_range
                0x08005b54      0x10a build/debug/Drivers/BSP/Components/vl53l1cb/modules/vl53l1_api_preset_modes.o
                0x08005b54                VL53L1_preset_mode_histogram_long_range
 .text.VL53L1_preset_mode_histogram_long_range_mm1
                0x08005c5e       0xac build/debug/Drivers/BSP/Components/vl53l1cb/modules/vl53l1_api_preset_modes.o
                0x08005c5e                VL53L1_preset_mode_histogram_long_range_mm1
 .text.VL53L1_preset_mode_histogram_long_range_mm2
                0x08005d0a       0x26 build/debug/Drivers/BSP/Components/vl53l1cb/modules/vl53l1_api_preset_modes.o
                0x08005d0a                VL53L1_preset_mode_histogram_long_range_mm2
 .text.VL53L1_preset_mode_histogram_medium_range
                0x08005d30      0x108 build/debug/Drivers/BSP/Components/vl53l1cb/modules/vl53l1_api_preset_modes.o
                0x08005d30                VL53L1_preset_mode_histogram_medium_range
 .text.VL53L1_preset_mode_histogram_medium_range_mm1
                0x08005e38       0xac build/debug/Drivers/BSP/Components/vl53l1cb/modules/vl53l1_api_preset_modes.o
                0x08005e38                VL53L1_preset_mode_histogram_medium_range_mm1
 .text.VL53L1_preset_mode_histogram_medium_range_mm2
                0x08005ee4       0x26 build/debug/Drivers/BSP/Components/vl53l1cb/modules/vl53l1_api_preset_modes.o
                0x08005ee4                VL53L1_preset_mode_histogram_medium_range_mm2
 .text.VL53L1_preset_mode_histogram_short_range
                0x08005f0a       0xf2 build/debug/Drivers/BSP/Components/vl53l1cb/modules/vl53l1_api_preset_modes.o
                0x08005f0a                VL53L1_preset_mode_histogram_short_range
 .text.VL53L1_preset_mode_special_histogram_short_range
                0x08005ffc       0xd4 build/debug/Drivers/BSP/Components/vl53l1cb/modules/vl53l1_api_preset_modes.o
                0x08005ffc                VL53L1_preset_mode_special_histogram_short_range
 .text.VL53L1_preset_mode_histogram_short_range_mm1
                0x080060d0       0xa2 build/debug/Drivers/BSP/Components/vl53l1cb/modules/vl53l1_api_preset_modes.o
                0x080060d0                VL53L1_preset_mode_histogram_short_range_mm1
 .text.VL53L1_preset_mode_histogram_short_range_mm2
                0x08006172       0x26 build/debug/Drivers/BSP/Components/vl53l1cb/modules/vl53l1_api_preset_modes.o
                0x08006172                VL53L1_preset_mode_histogram_short_range_mm2
 .text.VL53L1_preset_mode_histogram_xtalk_mm1
                0x08006198       0xf0 build/debug/Drivers/BSP/Components/vl53l1cb/modules/vl53l1_api_preset_modes.o
                0x08006198                VL53L1_preset_mode_histogram_xtalk_mm1
 .text.VL53L1_preset_mode_histogram_xtalk_mm2
                0x08006288       0x24 build/debug/Drivers/BSP/Components/vl53l1cb/modules/vl53l1_api_preset_modes.o
                0x08006288                VL53L1_preset_mode_histogram_xtalk_mm2
 .text.VL53L1_preset_mode_histogram_multizone
                0x080062ac       0x72 build/debug/Drivers/BSP/Components/vl53l1cb/modules/vl53l1_api_preset_modes.o
                0x080062ac                VL53L1_preset_mode_histogram_multizone
 .text.VL53L1_preset_mode_histogram_multizone_short_range
                0x0800631e       0x72 build/debug/Drivers/BSP/Components/vl53l1cb/modules/vl53l1_api_preset_modes.o
                0x0800631e                VL53L1_preset_mode_histogram_multizone_short_range
 .text.VL53L1_preset_mode_histogram_multizone_long_range
                0x08006390       0x72 build/debug/Drivers/BSP/Components/vl53l1cb/modules/vl53l1_api_preset_modes.o
                0x08006390                VL53L1_preset_mode_histogram_multizone_long_range
 .text.VL53L1_preset_mode_histogram_xtalk_planar
                0x08006402       0xce build/debug/Drivers/BSP/Components/vl53l1cb/modules/vl53l1_api_preset_modes.o
                0x08006402                VL53L1_preset_mode_histogram_xtalk_planar
 .text.VL53L1_copy_hist_bins_to_static_cfg
                0x080064d0       0x56 build/debug/Drivers/BSP/Components/vl53l1cb/modules/vl53l1_api_preset_modes.o
                0x080064d0                VL53L1_copy_hist_bins_to_static_cfg
 .text.VL53L1_preset_mode_histogram_ranging_ref
                0x08006526       0x44 build/debug/Drivers/BSP/Components/vl53l1cb/modules/vl53l1_api_preset_modes.o
                0x08006526                VL53L1_preset_mode_histogram_ranging_ref
 .text.VL53L1_init_version
                0x0800656a       0x18 build/debug/Drivers/BSP/Components/vl53l1cb/modules/vl53l1_core.o
                0x0800656a                VL53L1_init_version
 .text.VL53L1_init_ll_driver_state
                0x08006582       0x2e build/debug/Drivers/BSP/Components/vl53l1cb/modules/vl53l1_core.o
                0x08006582                VL53L1_init_ll_driver_state
 .text.VL53L1_check_ll_driver_rd_state
                0x080065b0       0xb6 build/debug/Drivers/BSP/Components/vl53l1cb/modules/vl53l1_core.o
                0x080065b0                VL53L1_check_ll_driver_rd_state
 .text.VL53L1_copy_rtn_good_spads_to_buffer
                0x08006666       0xa2 build/debug/Drivers/BSP/Components/vl53l1cb/modules/vl53l1_core.o
                0x08006666                VL53L1_copy_rtn_good_spads_to_buffer
 .text.VL53L1_init_system_results
                0x08006708       0x3a build/debug/Drivers/BSP/Components/vl53l1cb/modules/vl53l1_core.o
                0x08006708                VL53L1_init_system_results
 .text.V53L1_init_zone_results_structure
                0x08006742       0x32 build/debug/Drivers/BSP/Components/vl53l1cb/modules/vl53l1_core.o
                0x08006742                V53L1_init_zone_results_structure
 .text.V53L1_init_zone_dss_configs
                0x08006774       0x30 build/debug/Drivers/BSP/Components/vl53l1cb/modules/vl53l1_core.o
                0x08006774                V53L1_init_zone_dss_configs
 .text.VL53L1_init_histogram_config_structure
                0x080067a4       0xac build/debug/Drivers/BSP/Components/vl53l1cb/modules/vl53l1_core.o
                0x080067a4                VL53L1_init_histogram_config_structure
 .text.VL53L1_init_histogram_multizone_config_structure
                0x08006850       0x96 build/debug/Drivers/BSP/Components/vl53l1cb/modules/vl53l1_core.o
                0x08006850                VL53L1_init_histogram_multizone_config_structure
 .text.VL53L1_init_xtalk_bin_data_struct
                0x080068e6       0x56 build/debug/Drivers/BSP/Components/vl53l1cb/modules/vl53l1_core.o
                0x080068e6                VL53L1_init_xtalk_bin_data_struct
 .text.VL53L1_i2c_encode_uint16_t
                0x0800693c       0x1c build/debug/Drivers/BSP/Components/vl53l1cb/modules/vl53l1_core.o
                0x0800693c                VL53L1_i2c_encode_uint16_t
 .text.VL53L1_i2c_decode_uint16_t
                0x08006958       0x1c build/debug/Drivers/BSP/Components/vl53l1cb/modules/vl53l1_core.o
                0x08006958                VL53L1_i2c_decode_uint16_t
 .text.VL53L1_i2c_encode_int16_t
                0x08006974       0x1c build/debug/Drivers/BSP/Components/vl53l1cb/modules/vl53l1_core.o
                0x08006974                VL53L1_i2c_encode_int16_t
 .text.VL53L1_i2c_decode_int16_t
                0x08006990       0x2a build/debug/Drivers/BSP/Components/vl53l1cb/modules/vl53l1_core.o
                0x08006990                VL53L1_i2c_decode_int16_t
 .text.VL53L1_i2c_encode_uint32_t
                0x080069ba       0x1c build/debug/Drivers/BSP/Components/vl53l1cb/modules/vl53l1_core.o
                0x080069ba                VL53L1_i2c_encode_uint32_t
 .text.VL53L1_i2c_decode_uint32_t
                0x080069d6       0x1a build/debug/Drivers/BSP/Components/vl53l1cb/modules/vl53l1_core.o
                0x080069d6                VL53L1_i2c_decode_uint32_t
 .text.VL53L1_i2c_decode_int32_t
                0x080069f0       0x28 build/debug/Drivers/BSP/Components/vl53l1cb/modules/vl53l1_core.o
                0x080069f0                VL53L1_i2c_decode_int32_t
 .text.VL53L1_start_test
                0x08006a18        0xc build/debug/Drivers/BSP/Components/vl53l1cb/modules/vl53l1_core.o
                0x08006a18                VL53L1_start_test
 .text.VL53L1_set_firmware_enable_register
                0x08006a24       0x10 build/debug/Drivers/BSP/Components/vl53l1cb/modules/vl53l1_core.o
                0x08006a24                VL53L1_set_firmware_enable_register
 .text.VL53L1_enable_firmware
                0x08006a34        0xa build/debug/Drivers/BSP/Components/vl53l1cb/modules/vl53l1_core.o
                0x08006a34                VL53L1_enable_firmware
 .text.VL53L1_disable_firmware
                0x08006a3e        0xa build/debug/Drivers/BSP/Components/vl53l1cb/modules/vl53l1_core.o
                0x08006a3e                VL53L1_disable_firmware
 .text.VL53L1_set_powerforce_register
                0x08006a48       0x10 build/debug/Drivers/BSP/Components/vl53l1cb/modules/vl53l1_core.o
                0x08006a48                VL53L1_set_powerforce_register
 .text.VL53L1_enable_powerforce
                0x08006a58        0xa build/debug/Drivers/BSP/Components/vl53l1cb/modules/vl53l1_core.o
                0x08006a58                VL53L1_enable_powerforce
 .text.VL53L1_disable_powerforce
                0x08006a62        0xa build/debug/Drivers/BSP/Components/vl53l1cb/modules/vl53l1_core.o
                0x08006a62                VL53L1_disable_powerforce
 .text.VL53L1_clear_interrupt
                0x08006a6c       0x10 build/debug/Drivers/BSP/Components/vl53l1cb/modules/vl53l1_core.o
                0x08006a6c                VL53L1_clear_interrupt
 .text.VL53L1_calc_macro_period_us
                0x08006a7c       0x20 build/debug/Drivers/BSP/Components/vl53l1cb/modules/vl53l1_core.o
                0x08006a7c                VL53L1_calc_macro_period_us
 .text.VL53L1_calc_range_ignore_threshold
                0x08006a9c       0x70 build/debug/Drivers/BSP/Components/vl53l1cb/modules/vl53l1_core.o
                0x08006a9c                VL53L1_calc_range_ignore_threshold
 .text.VL53L1_calc_timeout_mclks
                0x08006b0c       0x12 build/debug/Drivers/BSP/Components/vl53l1cb/modules/vl53l1_core.o
                0x08006b0c                VL53L1_calc_timeout_mclks
 .text.VL53L1_calc_timeout_us
                0x08006b1e       0x14 build/debug/Drivers/BSP/Components/vl53l1cb/modules/vl53l1_core.o
                0x08006b1e                VL53L1_calc_timeout_us
 *fill*         0x08006b32        0x2 
 .text.VL53L1_calc_crosstalk_plane_offset_with_margin
                0x08006b34       0x18 build/debug/Drivers/BSP/Components/vl53l1cb/modules/vl53l1_core.o
                0x08006b34                VL53L1_calc_crosstalk_plane_offset_with_margin
 .text.VL53L1_encode_timeout
                0x08006b4c       0x22 build/debug/Drivers/BSP/Components/vl53l1cb/modules/vl53l1_core.o
                0x08006b4c                VL53L1_encode_timeout
 .text.VL53L1_calc_encoded_timeout
                0x08006b6e        0xc build/debug/Drivers/BSP/Components/vl53l1cb/modules/vl53l1_core.o
                0x08006b6e                VL53L1_calc_encoded_timeout
 .text.VL53L1_decode_timeout
                0x08006b7a        0xc build/debug/Drivers/BSP/Components/vl53l1cb/modules/vl53l1_core.o
                0x08006b7a                VL53L1_decode_timeout
 .text.VL53L1_calc_decoded_timeout_us
                0x08006b86       0x10 build/debug/Drivers/BSP/Components/vl53l1cb/modules/vl53l1_core.o
                0x08006b86                VL53L1_calc_decoded_timeout_us
 .text.VL53L1_calc_timeout_register_values
                0x08006b96       0x82 build/debug/Drivers/BSP/Components/vl53l1cb/modules/vl53l1_core.o
                0x08006b96                VL53L1_calc_timeout_register_values
 .text.VL53L1_hist_copy_and_scale_ambient_info
                0x08006c18       0xa4 build/debug/Drivers/BSP/Components/vl53l1cb/modules/vl53l1_core.o
                0x08006c18                VL53L1_hist_copy_and_scale_ambient_info
 .text.VL53L1_hist_get_bin_sequence_config
                0x08006cbc      0x1b2 build/debug/Drivers/BSP/Components/vl53l1cb/modules/vl53l1_core.o
                0x08006cbc                VL53L1_hist_get_bin_sequence_config
 .text.VL53L1_hist_events_consistency_check
                0x08006e6e      0x1c8 build/debug/Drivers/BSP/Components/vl53l1cb/modules/vl53l1_core.o
                0x08006e6e                VL53L1_hist_events_consistency_check
 .text.VL53L1_hist_merged_pulse_check
                0x08007036       0x3e build/debug/Drivers/BSP/Components/vl53l1cb/modules/vl53l1_core.o
                0x08007036                VL53L1_hist_merged_pulse_check
 .text.VL53L1_hist_phase_consistency_check
                0x08007074      0x148 build/debug/Drivers/BSP/Components/vl53l1cb/modules/vl53l1_core.o
                0x08007074                VL53L1_hist_phase_consistency_check
 .text.VL53L1_hist_xmonitor_consistency_check
                0x080071bc       0x6e build/debug/Drivers/BSP/Components/vl53l1cb/modules/vl53l1_core.o
                0x080071bc                VL53L1_hist_xmonitor_consistency_check
 .text.VL53L1_hist_wrap_dmax
                0x0800722a       0x2e build/debug/Drivers/BSP/Components/vl53l1cb/modules/vl53l1_core.o
                0x0800722a                VL53L1_hist_wrap_dmax
 .text.VL53L1_spad_number_to_byte_bit_index
                0x08007258       0x16 build/debug/Drivers/BSP/Components/vl53l1cb/modules/vl53l1_core.o
                0x08007258                VL53L1_spad_number_to_byte_bit_index
 .text.VL53L1_encode_row_col
                0x0800726e       0x20 build/debug/Drivers/BSP/Components/vl53l1cb/modules/vl53l1_core.o
                0x0800726e                VL53L1_encode_row_col
 .text.VL53L1_decode_zone_size
                0x0800728e        0xc build/debug/Drivers/BSP/Components/vl53l1cb/modules/vl53l1_core.o
                0x0800728e                VL53L1_decode_zone_size
 .text.VL53L1_encode_zone_size
                0x0800729a        0xa build/debug/Drivers/BSP/Components/vl53l1cb/modules/vl53l1_core.o
                0x0800729a                VL53L1_encode_zone_size
 .text.VL53L1_decode_zone_limits
                0x080072a4       0x94 build/debug/Drivers/BSP/Components/vl53l1cb/modules/vl53l1_core.o
                0x080072a4                VL53L1_decode_zone_limits
 .text.VL53L1_is_aperture_location
                0x08007338       0x26 build/debug/Drivers/BSP/Components/vl53l1cb/modules/vl53l1_core.o
                0x08007338                VL53L1_is_aperture_location
 .text.VL53L1_calc_max_effective_spads
                0x0800735e       0xc8 build/debug/Drivers/BSP/Components/vl53l1cb/modules/vl53l1_core.o
                0x0800735e                VL53L1_calc_max_effective_spads
 .text.VL53L1_calc_mm_effective_spads
                0x08007426      0x126 build/debug/Drivers/BSP/Components/vl53l1cb/modules/vl53l1_core.o
                0x08007426                VL53L1_calc_mm_effective_spads
 .text.VL53L1_hist_combine_mm1_mm2_offsets
                0x0800754c       0xbc build/debug/Drivers/BSP/Components/vl53l1cb/modules/vl53l1_core.o
                0x0800754c                VL53L1_hist_combine_mm1_mm2_offsets
 .text.VL53L1_hist_copy_results_to_sys_and_core
                0x08007608       0xa8 build/debug/Drivers/BSP/Components/vl53l1cb/modules/vl53l1_core.o
                0x08007608                VL53L1_hist_copy_results_to_sys_and_core
 .text.VL53L1_save_cfg_data
                0x080076b0       0x3c build/debug/Drivers/BSP/Components/vl53l1cb/modules/vl53l1_core.o
                0x080076b0                VL53L1_save_cfg_data
 .text.VL53L1_dynamic_zone_update
                0x080076ec       0x7e build/debug/Drivers/BSP/Components/vl53l1cb/modules/vl53l1_core.o
                0x080076ec                VL53L1_dynamic_zone_update
 .text.VL53L1_multizone_hist_bins_update
                0x0800776a       0xd8 build/debug/Drivers/BSP/Components/vl53l1cb/modules/vl53l1_core.o
                0x0800776a                VL53L1_multizone_hist_bins_update
 .text.VL53L1_update_internal_stream_counters
                0x08007842       0x30 build/debug/Drivers/BSP/Components/vl53l1cb/modules/vl53l1_core.o
                0x08007842                VL53L1_update_internal_stream_counters
 .text.VL53L1_update_ll_driver_rd_state
                0x08007872      0x154 build/debug/Drivers/BSP/Components/vl53l1cb/modules/vl53l1_core.o
                0x08007872                VL53L1_update_ll_driver_rd_state
 .text.VL53L1_update_ll_driver_cfg_state
                0x080079c6      0x19e build/debug/Drivers/BSP/Components/vl53l1cb/modules/vl53l1_core.o
                0x080079c6                VL53L1_update_ll_driver_cfg_state
 .text.VL53L1_set_histogram_multizone_initial_bin_config
                0x08007b64       0x60 build/debug/Drivers/BSP/Components/vl53l1cb/modules/vl53l1_core.o
                0x08007b64                VL53L1_set_histogram_multizone_initial_bin_config
 .text.VL53L1_set_ref_spad_char_config
                0x08007bc4       0xb8 build/debug/Drivers/BSP/Components/vl53l1cb/modules/vl53l1_core.o
                0x08007bc4                VL53L1_set_ref_spad_char_config
 .text.VL53L1_dynamic_xtalk_correction_calc_required_samples
                0x08007c7c      0x108 build/debug/Drivers/BSP/Components/vl53l1cb/modules/vl53l1_core.o
                0x08007c7c                VL53L1_dynamic_xtalk_correction_calc_required_samples
 .text.VL53L1_dynamic_xtalk_correction_output_init
                0x08007d84       0x2e build/debug/Drivers/BSP/Components/vl53l1cb/modules/vl53l1_core.o
                0x08007d84                VL53L1_dynamic_xtalk_correction_output_init
 *fill*         0x08007db2        0x6 
 .text.VL53L1_dynamic_xtalk_correction_data_init
                0x08007db8       0xf0 build/debug/Drivers/BSP/Components/vl53l1cb/modules/vl53l1_core.o
                0x08007db8                VL53L1_dynamic_xtalk_correction_data_init
 .text.VL53L1_xtalk_cal_data_init
                0x08007ea8       0x2a build/debug/Drivers/BSP/Components/vl53l1cb/modules/vl53l1_core.o
                0x08007ea8                VL53L1_xtalk_cal_data_init
 .text.VL53L1_low_power_auto_data_init
                0x08007ed2       0x2e build/debug/Drivers/BSP/Components/vl53l1cb/modules/vl53l1_core.o
                0x08007ed2                VL53L1_low_power_auto_data_init
 .text.VL53L1_low_power_auto_data_stop_range
                0x08007f00       0x3a build/debug/Drivers/BSP/Components/vl53l1cb/modules/vl53l1_core.o
                0x08007f00                VL53L1_low_power_auto_data_stop_range
 .text.VL53L1_config_low_power_auto_mode
                0x08007f3a        0xe build/debug/Drivers/BSP/Components/vl53l1cb/modules/vl53l1_core.o
                0x08007f3a                VL53L1_config_low_power_auto_mode
 .text.VL53L1_low_power_auto_setup_manual_calibration
                0x08007f48       0x44 build/debug/Drivers/BSP/Components/vl53l1cb/modules/vl53l1_core.o
                0x08007f48                VL53L1_low_power_auto_setup_manual_calibration
 .text.VL53L1_compute_nb_frame_in_buffer
                0x08007f8c       0x64 build/debug/Drivers/BSP/Components/vl53l1cb/modules/vl53l1_core.o
                0x08007f8c                VL53L1_compute_nb_frame_in_buffer
 .text.VL53L1_compute_histo_merge_nb
                0x08007ff0       0x3a build/debug/Drivers/BSP/Components/vl53l1cb/modules/vl53l1_core.o
                0x08007ff0                VL53L1_compute_histo_merge_nb
 *fill*         0x0800802a        0x2 
 .text.VL53L1_dynamic_xtalk_correction_calc_new_xtalk
                0x0800802c      0x1ec build/debug/Drivers/BSP/Components/vl53l1cb/modules/vl53l1_core.o
                0x0800802c                VL53L1_dynamic_xtalk_correction_calc_new_xtalk
 .text.VL53L1_dynamic_xtalk_correction_corrector
                0x08008218      0x4a8 build/debug/Drivers/BSP/Components/vl53l1cb/modules/vl53l1_core.o
                0x08008218                VL53L1_dynamic_xtalk_correction_corrector
 .text.VL53L1_calc_pll_period_us
                0x080086c0       0x12 build/debug/Drivers/BSP/Components/vl53l1cb/modules/vl53l1_core_support.o
                0x080086c0                VL53L1_calc_pll_period_us
 .text.VL53L1_duration_maths
                0x080086d2       0x2c build/debug/Drivers/BSP/Components/vl53l1cb/modules/vl53l1_core_support.o
                0x080086d2                VL53L1_duration_maths
 .text.VL53L1_events_per_spad_maths
                0x080086fe       0x64 build/debug/Drivers/BSP/Components/vl53l1cb/modules/vl53l1_core_support.o
                0x080086fe                VL53L1_events_per_spad_maths
 .text.VL53L1_isqrt
                0x08008762       0x28 build/debug/Drivers/BSP/Components/vl53l1cb/modules/vl53l1_core_support.o
                0x08008762                VL53L1_isqrt
 .text.VL53L1_hist_remove_ambient_bins
                0x0800878a       0x7c build/debug/Drivers/BSP/Components/vl53l1cb/modules/vl53l1_core_support.o
                0x0800878a                VL53L1_hist_remove_ambient_bins
 .text.VL53L1_calc_pll_period_mm
                0x08008806       0x18 build/debug/Drivers/BSP/Components/vl53l1cb/modules/vl53l1_core_support.o
                0x08008806                VL53L1_calc_pll_period_mm
 .text.VL53L1_rate_maths
                0x0800881e       0x48 build/debug/Drivers/BSP/Components/vl53l1cb/modules/vl53l1_core_support.o
                0x0800881e                VL53L1_rate_maths
 .text.VL53L1_rate_per_spad_maths
                0x08008866       0x1c build/debug/Drivers/BSP/Components/vl53l1cb/modules/vl53l1_core_support.o
                0x08008866                VL53L1_rate_per_spad_maths
 *fill*         0x08008882        0x2 
 .text.VL53L1_range_maths
                0x08008884       0xd8 build/debug/Drivers/BSP/Components/vl53l1cb/modules/vl53l1_core_support.o
                0x08008884                VL53L1_range_maths
 .text.VL53L1_decode_vcsel_period
                0x0800895c        0xc build/debug/Drivers/BSP/Components/vl53l1cb/modules/vl53l1_core_support.o
                0x0800895c                VL53L1_decode_vcsel_period
 .text.VL53L1_hist_calc_zero_distance_phase
                0x08008968       0x36 build/debug/Drivers/BSP/Components/vl53l1cb/modules/vl53l1_core_support.o
                0x08008968                VL53L1_hist_calc_zero_distance_phase
 .text.VL53L1_copy_xtalk_bin_data_to_histogram_data_struct
                0x0800899e       0x40 build/debug/Drivers/BSP/Components/vl53l1cb/modules/vl53l1_core_support.o
                0x0800899e                VL53L1_copy_xtalk_bin_data_to_histogram_data_struct
 .text.VL53L1_init_histogram_bin_data_struct
                0x080089de       0xac build/debug/Drivers/BSP/Components/vl53l1cb/modules/vl53l1_core_support.o
                0x080089de                VL53L1_init_histogram_bin_data_struct
 .text.VL53L1_decode_row_col
                0x08008a8a       0x28 build/debug/Drivers/BSP/Components/vl53l1cb/modules/vl53l1_core_support.o
                0x08008a8a                VL53L1_decode_row_col
 .text.VL53L1_hist_find_min_max_bin_values
                0x08008ab2       0x48 build/debug/Drivers/BSP/Components/vl53l1cb/modules/vl53l1_core_support.o
                0x08008ab2                VL53L1_hist_find_min_max_bin_values
 .text.VL53L1_hist_estimate_ambient_from_thresholded_bins
                0x08008afa       0x76 build/debug/Drivers/BSP/Components/vl53l1cb/modules/vl53l1_core_support.o
                0x08008afa                VL53L1_hist_estimate_ambient_from_thresholded_bins
 .text.VL53L1_hist_estimate_ambient_from_ambient_bins
                0x08008b70       0x48 build/debug/Drivers/BSP/Components/vl53l1cb/modules/vl53l1_core_support.o
                0x08008b70                VL53L1_hist_estimate_ambient_from_ambient_bins
 .text.VL53L1_f_002
                0x08008bb8       0x2c build/debug/Drivers/BSP/Components/vl53l1cb/modules/vl53l1_dmax.o
                0x08008bb8                VL53L1_f_002
 .text.VL53L1_f_001
                0x08008be4      0x24e build/debug/Drivers/BSP/Components/vl53l1cb/modules/vl53l1_dmax.o
                0x08008be4                VL53L1_f_001
 .text.VL53L1_f_016
                0x08008e32       0x8a build/debug/Drivers/BSP/Components/vl53l1cb/modules/vl53l1_hist_algos_gen3.o
                0x08008e32                VL53L1_f_016
 .text.VL53L1_f_018
                0x08008ebc      0x10c build/debug/Drivers/BSP/Components/vl53l1cb/modules/vl53l1_hist_algos_gen3.o
                0x08008ebc                VL53L1_f_018
 .text.VL53L1_f_019
                0x08008fc8       0x56 build/debug/Drivers/BSP/Components/vl53l1cb/modules/vl53l1_hist_algos_gen3.o
                0x08008fc8                VL53L1_f_019
 .text.VL53L1_f_020
                0x0800901e       0x88 build/debug/Drivers/BSP/Components/vl53l1cb/modules/vl53l1_hist_algos_gen3.o
                0x0800901e                VL53L1_f_020
 .text.VL53L1_f_021
                0x080090a6       0xe0 build/debug/Drivers/BSP/Components/vl53l1cb/modules/vl53l1_hist_algos_gen3.o
                0x080090a6                VL53L1_f_021
 .text.VL53L1_f_028
                0x08009186      0x1b6 build/debug/Drivers/BSP/Components/vl53l1cb/modules/vl53l1_hist_algos_gen3.o
                0x08009186                VL53L1_f_028
 .text.VL53L1_f_022
                0x0800933c       0x86 build/debug/Drivers/BSP/Components/vl53l1cb/modules/vl53l1_hist_algos_gen3.o
                0x0800933c                VL53L1_f_022
 .text.VL53L1_f_030
                0x080093c2       0xea build/debug/Drivers/BSP/Components/vl53l1cb/modules/vl53l1_hist_algos_gen3.o
                0x080093c2                VL53L1_f_030
 .text.VL53L1_f_027
                0x080094ac      0x124 build/debug/Drivers/BSP/Components/vl53l1cb/modules/vl53l1_hist_algos_gen3.o
                0x080094ac                VL53L1_f_027
 .text.VL53L1_f_023
                0x080095d0       0x68 build/debug/Drivers/BSP/Components/vl53l1cb/modules/vl53l1_hist_algos_gen3.o
                0x080095d0                VL53L1_f_023
 .text.VL53L1_f_026
                0x08009638       0xca build/debug/Drivers/BSP/Components/vl53l1cb/modules/vl53l1_hist_algos_gen3.o
                0x08009638                VL53L1_f_026
 .text.VL53L1_f_029
                0x08009702       0xb0 build/debug/Drivers/BSP/Components/vl53l1cb/modules/vl53l1_hist_algos_gen3.o
                0x08009702                VL53L1_f_029
 .text.VL53L1_f_034
                0x080097b2       0xbe build/debug/Drivers/BSP/Components/vl53l1cb/modules/vl53l1_hist_algos_gen4.o
                0x080097b2                VL53L1_f_034
 .text.VL53L1_f_036
                0x08009870       0xd4 build/debug/Drivers/BSP/Components/vl53l1cb/modules/vl53l1_hist_algos_gen4.o
                0x08009870                VL53L1_f_036
 .text.VL53L1_f_035
                0x08009944      0x148 build/debug/Drivers/BSP/Components/vl53l1cb/modules/vl53l1_hist_algos_gen4.o
                0x08009944                VL53L1_f_035
 .text.VL53L1_f_033
                0x08009a8c      0x2d8 build/debug/Drivers/BSP/Components/vl53l1cb/modules/vl53l1_hist_algos_gen4.o
                0x08009a8c                VL53L1_f_033
 .text.VL53L1_f_013
                0x08009d64       0x6a build/debug/Drivers/BSP/Components/vl53l1cb/modules/vl53l1_hist_core.o
                0x08009d64                VL53L1_f_013
 .text.VL53L1_f_011
                0x08009dce       0xa0 build/debug/Drivers/BSP/Components/vl53l1cb/modules/vl53l1_hist_core.o
                0x08009dce                VL53L1_f_011
 .text.VL53L1_f_012
                0x08009e6e       0x4e build/debug/Drivers/BSP/Components/vl53l1cb/modules/vl53l1_hist_core.o
                0x08009e6e                VL53L1_f_012
 .text.VL53L1_f_038
                0x08009ebc       0x4c build/debug/Drivers/BSP/Components/vl53l1cb/modules/vl53l1_hist_core.o
                0x08009ebc                VL53L1_f_038
 .text.VL53L1_f_004
                0x08009f08       0xae build/debug/Drivers/BSP/Components/vl53l1cb/modules/vl53l1_hist_core.o
                0x08009f08                VL53L1_f_004
 .text.VL53L1_f_039
                0x08009fb6      0x158 build/debug/Drivers/BSP/Components/vl53l1cb/modules/vl53l1_hist_core.o
                0x08009fb6                VL53L1_f_039
 .text.VL53L1_hist_process_data
                0x0800a10e      0x1cc build/debug/Drivers/BSP/Components/vl53l1cb/modules/vl53l1_hist_funcs.o
                0x0800a10e                VL53L1_hist_process_data
 .text.VL53L1_nvm_enable
                0x0800a2da       0x82 build/debug/Drivers/BSP/Components/vl53l1cb/modules/vl53l1_nvm.o
                0x0800a2da                VL53L1_nvm_enable
 .text.VL53L1_nvm_read
                0x0800a35c       0x80 build/debug/Drivers/BSP/Components/vl53l1cb/modules/vl53l1_nvm.o
                0x0800a35c                VL53L1_nvm_read
 .text.VL53L1_nvm_disable
                0x0800a3dc       0x3e build/debug/Drivers/BSP/Components/vl53l1cb/modules/vl53l1_nvm.o
                0x0800a3dc                VL53L1_nvm_disable
 .text.VL53L1_nvm_decode_optical_centre
                0x0800a41a       0x22 build/debug/Drivers/BSP/Components/vl53l1cb/modules/vl53l1_nvm.o
                0x0800a41a                VL53L1_nvm_decode_optical_centre
 .text.VL53L1_nvm_decode_cal_peak_rate_map
                0x0800a43c       0x54 build/debug/Drivers/BSP/Components/vl53l1cb/modules/vl53l1_nvm.o
                0x0800a43c                VL53L1_nvm_decode_cal_peak_rate_map
 .text.VL53L1_nvm_decode_additional_offset_cal_data
                0x0800a490       0x3a build/debug/Drivers/BSP/Components/vl53l1cb/modules/vl53l1_nvm.o
                0x0800a490                VL53L1_nvm_decode_additional_offset_cal_data
 .text.VL53L1_nvm_decode_fmt_range_results_data
                0x0800a4ca       0x68 build/debug/Drivers/BSP/Components/vl53l1cb/modules/vl53l1_nvm.o
                0x0800a4ca                VL53L1_nvm_decode_fmt_range_results_data
 .text.VL53L1_read_nvm_raw_data
                0x0800a532       0x2e build/debug/Drivers/BSP/Components/vl53l1cb/modules/vl53l1_nvm.o
                0x0800a532                VL53L1_read_nvm_raw_data
 .text.VL53L1_read_nvm_optical_centre
                0x0800a560       0x22 build/debug/Drivers/BSP/Components/vl53l1cb/modules/vl53l1_nvm.o
                0x0800a560                VL53L1_read_nvm_optical_centre
 .text.VL53L1_read_nvm_cal_peak_rate_map
                0x0800a582       0x22 build/debug/Drivers/BSP/Components/vl53l1cb/modules/vl53l1_nvm.o
                0x0800a582                VL53L1_read_nvm_cal_peak_rate_map
 .text.VL53L1_read_nvm_additional_offset_cal_data
                0x0800a5a4       0x22 build/debug/Drivers/BSP/Components/vl53l1cb/modules/vl53l1_nvm.o
                0x0800a5a4                VL53L1_read_nvm_additional_offset_cal_data
 .text.VL53L1_read_nvm_fmt_range_results_data
                0x0800a5c6       0x24 build/debug/Drivers/BSP/Components/vl53l1cb/modules/vl53l1_nvm.o
                0x0800a5c6                VL53L1_read_nvm_fmt_range_results_data
 .text.VL53L1_i2c_encode_static_nvm_managed
                0x0800a5ea       0x5a build/debug/Drivers/BSP/Components/vl53l1cb/modules/vl53l1_register_funcs.o
                0x0800a5ea                VL53L1_i2c_encode_static_nvm_managed
 .text.VL53L1_i2c_decode_static_nvm_managed
                0x0800a644       0x5a build/debug/Drivers/BSP/Components/vl53l1cb/modules/vl53l1_register_funcs.o
                0x0800a644                VL53L1_i2c_decode_static_nvm_managed
 .text.VL53L1_get_static_nvm_managed
                0x0800a69e       0x22 build/debug/Drivers/BSP/Components/vl53l1cb/modules/vl53l1_register_funcs.o
                0x0800a69e                VL53L1_get_static_nvm_managed
 .text.VL53L1_i2c_encode_customer_nvm_managed
                0x0800a6c0       0xa4 build/debug/Drivers/BSP/Components/vl53l1cb/modules/vl53l1_register_funcs.o
                0x0800a6c0                VL53L1_i2c_encode_customer_nvm_managed
 .text.VL53L1_i2c_decode_customer_nvm_managed
                0x0800a764       0x9a build/debug/Drivers/BSP/Components/vl53l1cb/modules/vl53l1_register_funcs.o
                0x0800a764                VL53L1_i2c_decode_customer_nvm_managed
 .text.VL53L1_get_customer_nvm_managed
                0x0800a7fe       0x50 build/debug/Drivers/BSP/Components/vl53l1cb/modules/vl53l1_register_funcs.o
                0x0800a7fe                VL53L1_get_customer_nvm_managed
 .text.VL53L1_i2c_encode_static_config
                0x0800a84e       0xdc build/debug/Drivers/BSP/Components/vl53l1cb/modules/vl53l1_register_funcs.o
                0x0800a84e                VL53L1_i2c_encode_static_config
 .text.VL53L1_i2c_encode_general_config
                0x0800a92a       0x8a build/debug/Drivers/BSP/Components/vl53l1cb/modules/vl53l1_register_funcs.o
                0x0800a92a                VL53L1_i2c_encode_general_config
 .text.VL53L1_i2c_encode_timing_config
                0x0800a9b4       0x86 build/debug/Drivers/BSP/Components/vl53l1cb/modules/vl53l1_register_funcs.o
                0x0800a9b4                VL53L1_i2c_encode_timing_config
 .text.VL53L1_i2c_encode_dynamic_config
                0x0800aa3a       0x84 build/debug/Drivers/BSP/Components/vl53l1cb/modules/vl53l1_register_funcs.o
                0x0800aa3a                VL53L1_i2c_encode_dynamic_config
 .text.VL53L1_i2c_encode_system_control
                0x0800aabe       0x32 build/debug/Drivers/BSP/Components/vl53l1cb/modules/vl53l1_register_funcs.o
                0x0800aabe                VL53L1_i2c_encode_system_control
 .text.VL53L1_set_system_control
                0x0800aaf0       0x24 build/debug/Drivers/BSP/Components/vl53l1cb/modules/vl53l1_register_funcs.o
                0x0800aaf0                VL53L1_set_system_control
 .text.VL53L1_i2c_decode_system_results
                0x0800ab14      0x11e build/debug/Drivers/BSP/Components/vl53l1cb/modules/vl53l1_register_funcs.o
                0x0800ab14                VL53L1_i2c_decode_system_results
 .text.VL53L1_i2c_decode_core_results
                0x0800ac32       0x76 build/debug/Drivers/BSP/Components/vl53l1cb/modules/vl53l1_register_funcs.o
                0x0800ac32                VL53L1_i2c_decode_core_results
 .text.VL53L1_i2c_decode_debug_results
                0x0800aca8      0x1b2 build/debug/Drivers/BSP/Components/vl53l1cb/modules/vl53l1_register_funcs.o
                0x0800aca8                VL53L1_i2c_decode_debug_results
 .text.VL53L1_i2c_decode_nvm_copy_data
                0x0800ae5a      0x14a build/debug/Drivers/BSP/Components/vl53l1cb/modules/vl53l1_register_funcs.o
                0x0800ae5a                VL53L1_i2c_decode_nvm_copy_data
 .text.VL53L1_get_nvm_copy_data
                0x0800afa4       0x24 build/debug/Drivers/BSP/Components/vl53l1cb/modules/vl53l1_register_funcs.o
                0x0800afa4                VL53L1_get_nvm_copy_data
 .text.VL53L1_f_014
                0x0800afc8      0x204 build/debug/Drivers/BSP/Components/vl53l1cb/modules/vl53l1_sigma_estimate.o
                0x0800afc8                VL53L1_f_014
 .text.VL53L1_is_new_data_ready
                0x0800b1cc       0x40 build/debug/Drivers/BSP/Components/vl53l1cb/modules/vl53l1_wait.o
                0x0800b1cc                VL53L1_is_new_data_ready
 .text.VL53L1_poll_for_boot_completion
                0x0800b20c       0x3a build/debug/Drivers/BSP/Components/vl53l1cb/modules/vl53l1_wait.o
                0x0800b20c                VL53L1_poll_for_boot_completion
 .text.VL53L1_poll_for_range_completion
                0x0800b246       0x26 build/debug/Drivers/BSP/Components/vl53l1cb/modules/vl53l1_wait.o
                0x0800b246                VL53L1_poll_for_range_completion
 .text.VL53L1_wait_for_test_completion
                0x0800b26c       0x46 build/debug/Drivers/BSP/Components/vl53l1cb/modules/vl53l1_wait.o
                0x0800b26c                VL53L1_wait_for_test_completion
 .text.VL53L1_f_040
                0x0800b2b2      0x188 build/debug/Drivers/BSP/Components/vl53l1cb/modules/vl53l1_xtalk.o
                0x0800b2b2                VL53L1_f_040
 .text.VL53L1_f_041
                0x0800b43a       0x96 build/debug/Drivers/BSP/Components/vl53l1cb/modules/vl53l1_xtalk.o
                0x0800b43a                VL53L1_f_041
 .text.VL53L1_init_zone_config_histogram_bins
                0x0800b4d0       0x1a build/debug/Drivers/BSP/Components/vl53l1cb/modules/vl53l1_zone_presets.o
                0x0800b4d0                VL53L1_init_zone_config_histogram_bins
 .text.VL53L1_init_zone_config_structure
                0x0800b4ea       0x88 build/debug/Drivers/BSP/Components/vl53l1cb/modules/vl53l1_zone_presets.o
                0x0800b4ea                VL53L1_init_zone_config_structure
 .text.VL53L1_zone_preset_xtalk_planar
                0x0800b572       0x6a build/debug/Drivers/BSP/Components/vl53l1cb/modules/vl53l1_zone_presets.o
                0x0800b572                VL53L1_zone_preset_xtalk_planar
 .text.VL53L1_Delay
                0x0800b5dc       0x1a build/debug/Drivers/BSP/Components/vl53l1cb/porting/vl53l1_platform.o
 .text._I2CWrite
                0x0800b5f6        0xc build/debug/Drivers/BSP/Components/vl53l1cb/porting/vl53l1_platform.o
                0x0800b5f6                _I2CWrite
 .text._I2CRead
                0x0800b602        0xc build/debug/Drivers/BSP/Components/vl53l1cb/porting/vl53l1_platform.o
                0x0800b602                _I2CRead
 *fill*         0x0800b60e        0x2 
 .text.VL53L1_WriteMulti
                0x0800b610       0x40 build/debug/Drivers/BSP/Components/vl53l1cb/porting/vl53l1_platform.o
                0x0800b610                VL53L1_WriteMulti
 .text.VL53L1_ReadMulti
                0x0800b650       0x3c build/debug/Drivers/BSP/Components/vl53l1cb/porting/vl53l1_platform.o
                0x0800b650                VL53L1_ReadMulti
 .text.VL53L1_WrByte
                0x0800b68c       0x28 build/debug/Drivers/BSP/Components/vl53l1cb/porting/vl53l1_platform.o
                0x0800b68c                VL53L1_WrByte
 .text.VL53L1_WrWord
                0x0800b6b4       0x2c build/debug/Drivers/BSP/Components/vl53l1cb/porting/vl53l1_platform.o
                0x0800b6b4                VL53L1_WrWord
 .text.VL53L1_RdByte
                0x0800b6e0       0x38 build/debug/Drivers/BSP/Components/vl53l1cb/porting/vl53l1_platform.o
                0x0800b6e0                VL53L1_RdByte
 .text.VL53L1_RdWord
                0x0800b718       0x44 build/debug/Drivers/BSP/Components/vl53l1cb/porting/vl53l1_platform.o
                0x0800b718                VL53L1_RdWord
 .text.VL53L1_GetTickCount
                0x0800b75c        0xe build/debug/Drivers/BSP/Components/vl53l1cb/porting/vl53l1_platform.o
                0x0800b75c                VL53L1_GetTickCount
 .text.VL53L1_WaitMs
                0x0800b76a        0xa build/debug/Drivers/BSP/Components/vl53l1cb/porting/vl53l1_platform.o
                0x0800b76a                VL53L1_WaitMs
 .text.VL53L1_WaitUs
                0x0800b774       0x1c build/debug/Drivers/BSP/Components/vl53l1cb/porting/vl53l1_platform.o
                0x0800b774                VL53L1_WaitUs
 .text.VL53L1_WaitValueMaskEx
                0x0800b790       0xa4 build/debug/Drivers/BSP/Components/vl53l1cb/porting/vl53l1_platform.o
                0x0800b790                VL53L1_WaitValueMaskEx
 .text.VL53L1_ipp_hist_process_data
                0x0800b834       0x2a build/debug/Drivers/BSP/Components/vl53l1cb/porting/vl53l1_platform_ipp.o
                0x0800b834                VL53L1_ipp_hist_process_data
 .text.VL53L1CB_DeInit
                0x0800b85e       0x2c build/debug/Drivers/BSP/Components/vl53l1cb/vl53l1cb.o
                0x0800b85e                VL53L1CB_DeInit
 .text.VL53L1CB_GetCapabilities
                0x0800b88a       0x20 build/debug/Drivers/BSP/Components/vl53l1cb/vl53l1cb.o
                0x0800b88a                VL53L1CB_GetCapabilities
 .text.VL53L1CB_ConfigIT
                0x0800b8aa        0x6 build/debug/Drivers/BSP/Components/vl53l1cb/vl53l1cb.o
                0x0800b8aa                VL53L1CB_ConfigIT
 .text.VL53L1CB_GetAddress
                0x0800b8b0       0x18 build/debug/Drivers/BSP/Components/vl53l1cb/vl53l1cb.o
                0x0800b8b0                VL53L1CB_GetAddress
 .text.VL53L1CB_SetPowerMode
                0x0800b8c8        0x6 build/debug/Drivers/BSP/Components/vl53l1cb/vl53l1cb.o
                0x0800b8c8                VL53L1CB_SetPowerMode
 .text.VL53L1CB_GetPowerMode
                0x0800b8ce        0x6 build/debug/Drivers/BSP/Components/vl53l1cb/vl53l1cb.o
                0x0800b8ce                VL53L1CB_GetPowerMode
 .text.VL53L1CB_Init
                0x0800b8d4       0x6a build/debug/Drivers/BSP/Components/vl53l1cb/vl53l1cb.o
                0x0800b8d4                VL53L1CB_Init
 .text.VL53L1CB_ReadID
                0x0800b93e       0x22 build/debug/Drivers/BSP/Components/vl53l1cb/vl53l1cb.o
                0x0800b93e                VL53L1CB_ReadID
 .text.VL53L1CB_ConfigProfile
                0x0800b960       0x68 build/debug/Drivers/BSP/Components/vl53l1cb/vl53l1cb.o
                0x0800b960                VL53L1CB_ConfigProfile
 .text.VL53L1CB_ConfigROI
                0x0800b9c8       0x48 build/debug/Drivers/BSP/Components/vl53l1cb/vl53l1cb.o
                0x0800b9c8                VL53L1CB_ConfigROI
 .text.vl53l1cb_poll_for_measurement
                0x0800ba10       0x44 build/debug/Drivers/BSP/Components/vl53l1cb/vl53l1cb.o
 .text.vl53l1cb_get_result
                0x0800ba54      0x17c build/debug/Drivers/BSP/Components/vl53l1cb/vl53l1cb.o
 .text.VL53L1CB_GetDistance
                0x0800bbd0       0x6a build/debug/Drivers/BSP/Components/vl53l1cb/vl53l1cb.o
                0x0800bbd0                VL53L1CB_GetDistance
 .text.VL53L1CB_Start
                0x0800bc3a       0xa2 build/debug/Drivers/BSP/Components/vl53l1cb/vl53l1cb.o
                0x0800bc3a                VL53L1CB_Start
 .text.VL53L1CB_Stop
                0x0800bcdc       0x32 build/debug/Drivers/BSP/Components/vl53l1cb/vl53l1cb.o
                0x0800bcdc                VL53L1CB_Stop
 .text.VL53L1CB_SetAddress
                0x0800bd0e       0x20 build/debug/Drivers/BSP/Components/vl53l1cb/vl53l1cb.o
                0x0800bd0e                VL53L1CB_SetAddress
 .text.VL53L1CB_RegisterBusIO
                0x0800bd2e       0x30 build/debug/Drivers/BSP/Components/vl53l1cb/vl53l1cb.o
                0x0800bd2e                VL53L1CB_RegisterBusIO
 *fill*         0x0800bd5e        0x2 
 .text.USART2_MspInit
                0x0800bd60       0xac build/debug/Drivers/BSP/STM32F4xx_Nucleo/stm32f4xx_nucleo.o
 .text.MX_USART2_UART_Init
                0x0800be0c       0x2c build/debug/Drivers/BSP/STM32F4xx_Nucleo/stm32f4xx_nucleo.o
                0x0800be0c                MX_USART2_UART_Init
 .text.BSP_COM_Init
                0x0800be38       0x40 build/debug/Drivers/BSP/STM32F4xx_Nucleo/stm32f4xx_nucleo.o
                0x0800be38                BSP_COM_Init
 .text.__io_putchar
                0x0800be78       0x30 build/debug/Drivers/BSP/STM32F4xx_Nucleo/stm32f4xx_nucleo.o
                0x0800be78                __io_putchar
 .text.HAL_Init
                0x0800bea8       0x34 build/debug/Drivers/STM32F4xx_HAL_Driver/Src/stm32f4xx_hal.o
                0x0800bea8                HAL_Init
 .text.HAL_IncTick
                0x0800bedc       0x18 build/debug/Drivers/STM32F4xx_HAL_Driver/Src/stm32f4xx_hal.o
                0x0800bedc                HAL_IncTick
 .text.HAL_GetTick
                0x0800bef4        0xc build/debug/Drivers/STM32F4xx_HAL_Driver/Src/stm32f4xx_hal.o
                0x0800bef4                HAL_GetTick
 .text.HAL_Delay
                0x0800bf00       0x28 build/debug/Drivers/STM32F4xx_HAL_Driver/Src/stm32f4xx_hal.o
                0x0800bf00                HAL_Delay
 .text.__NVIC_EnableIRQ
                0x0800bf28       0x1c build/debug/Drivers/STM32F4xx_HAL_Driver/Src/stm32f4xx_hal_cortex.o
 .text.__NVIC_SetPriority
                0x0800bf44       0x28 build/debug/Drivers/STM32F4xx_HAL_Driver/Src/stm32f4xx_hal_cortex.o
 .text.NVIC_EncodePriority
                0x0800bf6c       0x3e build/debug/Drivers/STM32F4xx_HAL_Driver/Src/stm32f4xx_hal_cortex.o
 *fill*         0x0800bfaa        0x2 
 .text.HAL_NVIC_SetPriorityGrouping
                0x0800bfac       0x24 build/debug/Drivers/STM32F4xx_HAL_Driver/Src/stm32f4xx_hal_cortex.o
                0x0800bfac                HAL_NVIC_SetPriorityGrouping
 .text.HAL_NVIC_SetPriority
                0x0800bfd0       0x20 build/debug/Drivers/STM32F4xx_HAL_Driver/Src/stm32f4xx_hal_cortex.o
                0x0800bfd0                HAL_NVIC_SetPriority
 .text.HAL_NVIC_EnableIRQ
                0x0800bff0        0x8 build/debug/Drivers/STM32F4xx_HAL_Driver/Src/stm32f4xx_hal_cortex.o
                0x0800bff0                HAL_NVIC_EnableIRQ
 .text.DMA_CalcBaseAndBitshift
                0x0800bff8       0x44 build/debug/Drivers/STM32F4xx_HAL_Driver/Src/stm32f4xx_hal_dma.o
 .text.DMA_CheckFifoParam
                0x0800c03c       0x8e build/debug/Drivers/STM32F4xx_HAL_Driver/Src/stm32f4xx_hal_dma.o
 *fill*         0x0800c0ca        0x2 
 .text.HAL_DMA_Init
                0x0800c0cc       0xcc build/debug/Drivers/STM32F4xx_HAL_Driver/Src/stm32f4xx_hal_dma.o
                0x0800c0cc                HAL_DMA_Init
 .text.HAL_DMA_IRQHandler
                0x0800c198      0x1dc build/debug/Drivers/STM32F4xx_HAL_Driver/Src/stm32f4xx_hal_dma.o
                0x0800c198                HAL_DMA_IRQHandler
 .text.HAL_GPIO_Init
                0x0800c374      0x1c8 build/debug/Drivers/STM32F4xx_HAL_Driver/Src/stm32f4xx_hal_gpio.o
                0x0800c374                HAL_GPIO_Init
 .text.HAL_GPIO_DeInit
                0x0800c53c      0x110 build/debug/Drivers/STM32F4xx_HAL_Driver/Src/stm32f4xx_hal_gpio.o
                0x0800c53c                HAL_GPIO_DeInit
 .text.HAL_GPIO_ReadPin
                0x0800c64c        0xe build/debug/Drivers/STM32F4xx_HAL_Driver/Src/stm32f4xx_hal_gpio.o
                0x0800c64c                HAL_GPIO_ReadPin
 .text.HAL_GPIO_WritePin
                0x0800c65a        0xc build/debug/Drivers/STM32F4xx_HAL_Driver/Src/stm32f4xx_hal_gpio.o
                0x0800c65a                HAL_GPIO_WritePin
 .text.HAL_GPIO_TogglePin
                0x0800c666       0x12 build/debug/Drivers/STM32F4xx_HAL_Driver/Src/stm32f4xx_hal_gpio.o
                0x0800c666                HAL_GPIO_TogglePin
 .text.HAL_GPIO_EXTI_Callback
                0x0800c678        0x2 build/debug/Drivers/STM32F4xx_HAL_Driver/Src/stm32f4xx_hal_gpio.o
                0x0800c678                HAL_GPIO_EXTI_Callback
 *fill*         0x0800c67a        0x2 
 .text.HAL_GPIO_EXTI_IRQHandler
                0x0800c67c       0x1c build/debug/Drivers/STM32F4xx_HAL_Driver/Src/stm32f4xx_hal_gpio.o
                0x0800c67c                HAL_GPIO_EXTI_IRQHandler
 .text.I2C_IsAcknowledgeFailed
                0x0800c698       0x32 build/debug/Drivers/STM32F4xx_HAL_Driver/Src/stm32f4xx_hal_i2c.o
 .text.I2C_WaitOnFlagUntilTimeout
                0x0800c6ca       0xaa build/debug/Drivers/STM32F4xx_HAL_Driver/Src/stm32f4xx_hal_i2c.o
 .text.I2C_WaitOnMasterAddressFlagUntilTimeout
                0x0800c774       0xd6 build/debug/Drivers/STM32F4xx_HAL_Driver/Src/stm32f4xx_hal_i2c.o
 *fill*         0x0800c84a        0x2 
 .text.I2C_MasterRequestWrite
                0x0800c84c       0xb4 build/debug/Drivers/STM32F4xx_HAL_Driver/Src/stm32f4xx_hal_i2c.o
 .text.I2C_MasterRequestRead
                0x0800c900      0x120 build/debug/Drivers/STM32F4xx_HAL_Driver/Src/stm32f4xx_hal_i2c.o
 .text.I2C_WaitOnTXEFlagUntilTimeout
                0x0800ca20       0x5e build/debug/Drivers/STM32F4xx_HAL_Driver/Src/stm32f4xx_hal_i2c.o
 .text.I2C_WaitOnBTFFlagUntilTimeout
                0x0800ca7e       0x5e build/debug/Drivers/STM32F4xx_HAL_Driver/Src/stm32f4xx_hal_i2c.o
 .text.I2C_WaitOnRXNEFlagUntilTimeout
                0x0800cadc       0x78 build/debug/Drivers/STM32F4xx_HAL_Driver/Src/stm32f4xx_hal_i2c.o
 .text.HAL_I2C_MspInit
                0x0800cb54        0x2 build/debug/Drivers/STM32F4xx_HAL_Driver/Src/stm32f4xx_hal_i2c.o
                0x0800cb54                HAL_I2C_MspInit
 *fill*         0x0800cb56        0x2 
 .text.HAL_I2C_Init
                0x0800cb58      0x1bc build/debug/Drivers/STM32F4xx_HAL_Driver/Src/stm32f4xx_hal_i2c.o
                0x0800cb58                HAL_I2C_Init
 .text.HAL_I2C_MspDeInit
                0x0800cd14        0x2 build/debug/Drivers/STM32F4xx_HAL_Driver/Src/stm32f4xx_hal_i2c.o
                0x0800cd14                HAL_I2C_MspDeInit
 .text.HAL_I2C_DeInit
                0x0800cd16       0x32 build/debug/Drivers/STM32F4xx_HAL_Driver/Src/stm32f4xx_hal_i2c.o
                0x0800cd16                HAL_I2C_DeInit
 .text.HAL_I2C_Master_Transmit
                0x0800cd48      0x178 build/debug/Drivers/STM32F4xx_HAL_Driver/Src/stm32f4xx_hal_i2c.o
                0x0800cd48                HAL_I2C_Master_Transmit
 .text.HAL_I2C_Master_Receive
                0x0800cec0      0x2fc build/debug/Drivers/STM32F4xx_HAL_Driver/Src/stm32f4xx_hal_i2c.o
                0x0800cec0                HAL_I2C_Master_Receive
 .text.HAL_I2C_GetState
                0x0800d1bc        0x6 build/debug/Drivers/STM32F4xx_HAL_Driver/Src/stm32f4xx_hal_i2c.o
                0x0800d1bc                HAL_I2C_GetState
 .text.HAL_I2C_GetError
                0x0800d1c2        0x4 build/debug/Drivers/STM32F4xx_HAL_Driver/Src/stm32f4xx_hal_i2c.o
                0x0800d1c2                HAL_I2C_GetError
 *fill*         0x0800d1c6        0x2 
 .text.HAL_RCC_OscConfig
                0x0800d1c8      0x3f8 build/debug/Drivers/STM32F4xx_HAL_Driver/Src/stm32f4xx_hal_rcc.o
                0x0800d1c8                HAL_RCC_OscConfig
 .text.HAL_RCC_GetSysClockFreq
                0x0800d5c0       0xdc build/debug/Drivers/STM32F4xx_HAL_Driver/Src/stm32f4xx_hal_rcc.o
                0x0800d5c0                HAL_RCC_GetSysClockFreq
 .text.HAL_RCC_ClockConfig
                0x0800d69c      0x160 build/debug/Drivers/STM32F4xx_HAL_Driver/Src/stm32f4xx_hal_rcc.o
                0x0800d69c                HAL_RCC_ClockConfig
 .text.HAL_RCC_GetHCLKFreq
                0x0800d7fc        0xc build/debug/Drivers/STM32F4xx_HAL_Driver/Src/stm32f4xx_hal_rcc.o
                0x0800d7fc                HAL_RCC_GetHCLKFreq
 .text.HAL_RCC_GetPCLK1Freq
                0x0800d808       0x20 build/debug/Drivers/STM32F4xx_HAL_Driver/Src/stm32f4xx_hal_rcc.o
                0x0800d808                HAL_RCC_GetPCLK1Freq
 .text.HAL_RCC_GetPCLK2Freq
                0x0800d828       0x20 build/debug/Drivers/STM32F4xx_HAL_Driver/Src/stm32f4xx_hal_rcc.o
                0x0800d828                HAL_RCC_GetPCLK2Freq
 .text.HAL_RCC_GetClockConfig
                0x0800d848       0x3c build/debug/Drivers/STM32F4xx_HAL_Driver/Src/stm32f4xx_hal_rcc.o
                0x0800d848                HAL_RCC_GetClockConfig
 .text.TIM_TI1_ConfigInputStage
                0x0800d884       0x26 build/debug/Drivers/STM32F4xx_HAL_Driver/Src/stm32f4xx_hal_tim.o
 .text.TIM_TI2_ConfigInputStage
                0x0800d8aa       0x28 build/debug/Drivers/STM32F4xx_HAL_Driver/Src/stm32f4xx_hal_tim.o
 .text.TIM_ITRx_SetConfig
                0x0800d8d2       0x10 build/debug/Drivers/STM32F4xx_HAL_Driver/Src/stm32f4xx_hal_tim.o
 *fill*         0x0800d8e2        0x2 
 .text.HAL_TIM_Base_Start_IT
                0x0800d8e4       0x78 build/debug/Drivers/STM32F4xx_HAL_Driver/Src/stm32f4xx_hal_tim.o
                0x0800d8e4                HAL_TIM_Base_Start_IT
 .text.HAL_TIM_OC_DelayElapsedCallback
                0x0800d95c        0x2 build/debug/Drivers/STM32F4xx_HAL_Driver/Src/stm32f4xx_hal_tim.o
                0x0800d95c                HAL_TIM_OC_DelayElapsedCallback
 .text.HAL_TIM_IC_CaptureCallback
                0x0800d95e        0x2 build/debug/Drivers/STM32F4xx_HAL_Driver/Src/stm32f4xx_hal_tim.o
                0x0800d95e                HAL_TIM_IC_CaptureCallback
 .text.HAL_TIM_PWM_PulseFinishedCallback
                0x0800d960        0x2 build/debug/Drivers/STM32F4xx_HAL_Driver/Src/stm32f4xx_hal_tim.o
                0x0800d960                HAL_TIM_PWM_PulseFinishedCallback
 .text.HAL_TIM_TriggerCallback
                0x0800d962        0x2 build/debug/Drivers/STM32F4xx_HAL_Driver/Src/stm32f4xx_hal_tim.o
                0x0800d962                HAL_TIM_TriggerCallback
 .text.HAL_TIM_IRQHandler
                0x0800d964      0x15e build/debug/Drivers/STM32F4xx_HAL_Driver/Src/stm32f4xx_hal_tim.o
                0x0800d964                HAL_TIM_IRQHandler
 *fill*         0x0800dac2        0x2 
 .text.TIM_Base_SetConfig
                0x0800dac4       0xac build/debug/Drivers/STM32F4xx_HAL_Driver/Src/stm32f4xx_hal_tim.o
                0x0800dac4                TIM_Base_SetConfig
 .text.HAL_TIM_Base_Init
                0x0800db70       0x58 build/debug/Drivers/STM32F4xx_HAL_Driver/Src/stm32f4xx_hal_tim.o
                0x0800db70                HAL_TIM_Base_Init
 .text.TIM_ETR_SetConfig
                0x0800dbc8       0x1a build/debug/Drivers/STM32F4xx_HAL_Driver/Src/stm32f4xx_hal_tim.o
                0x0800dbc8                TIM_ETR_SetConfig
 .text.HAL_TIM_ConfigClockSource
                0x0800dbe2       0xfe build/debug/Drivers/STM32F4xx_HAL_Driver/Src/stm32f4xx_hal_tim.o
                0x0800dbe2                HAL_TIM_ConfigClockSource
 .text.HAL_TIMEx_MasterConfigSynchronization
                0x0800dce0       0x7c build/debug/Drivers/STM32F4xx_HAL_Driver/Src/stm32f4xx_hal_tim_ex.o
                0x0800dce0                HAL_TIMEx_MasterConfigSynchronization
 .text.HAL_TIMEx_CommutCallback
                0x0800dd5c        0x2 build/debug/Drivers/STM32F4xx_HAL_Driver/Src/stm32f4xx_hal_tim_ex.o