Archive member included to satisfy reference by file (symbol)

c:/users/jessejabezarendse/appdata/roaming/code/user/globalstorage/bmd.stm32-for-vscode/@xpack-dev-tools/arm-none-eabi-gcc/12.3.1-1.2.1/.content/bin/../lib/gcc/arm-none-eabi/12.3.1/../../../../arm-none-eabi/lib/thumb/v7e-m+fp/hard\libc_nano.a(libc_a-atexit.o)
                              c:/users/jessejabezarendse/appdata/roaming/code/user/globalstorage/bmd.stm32-for-vscode/@xpack-dev-tools/arm-none-eabi-gcc/12.3.1-1.2.1/.content/bin/../lib/gcc/arm-none-eabi/12.3.1/../../../../arm-none-eabi/lib/thumb/v7e-m+fp/hard/crt0.o (atexit)
c:/users/jessejabezarendse/appdata/roaming/code/user/globalstorage/bmd.stm32-for-vscode/@xpack-dev-tools/arm-none-eabi-gcc/12.3.1-1.2.1/.content/bin/../lib/gcc/arm-none-eabi/12.3.1/../../../../arm-none-eabi/lib/thumb/v7e-m+fp/hard\libc_nano.a(libc_a-exit.o)
                              c:/users/jessejabezarendse/appdata/roaming/code/user/globalstorage/bmd.stm32-for-vscode/@xpack-dev-tools/arm-none-eabi-gcc/12.3.1-1.2.1/.content/bin/../lib/gcc/arm-none-eabi/12.3.1/../../../../arm-none-eabi/lib/thumb/v7e-m+fp/hard/crt0.o (exit)
c:/users/jessejabezarendse/appdata/roaming/code/user/globalstorage/bmd.stm32-for-vscode/@xpack-dev-tools/arm-none-eabi-gcc/12.3.1-1.2.1/.content/bin/../lib/gcc/arm-none-eabi/12.3.1/../../../../arm-none-eabi/lib/thumb/v7e-m+fp/hard\libc_nano.a(libc_a-findfp.o)
                              c:/users/jessejabezarendse/appdata/roaming/code/user/globalstorage/bmd.stm32-for-vscode/@xpack-dev-tools/arm-none-eabi-gcc/12.3.1-1.2.1/.content/bin/../lib/gcc/arm-none-eabi/12.3.1/../../../../arm-none-eabi/lib/thumb/v7e-m+fp/hard\libc_nano.a(libc_a-exit.o) (__stdio_exit_handler)
c:/users/jessejabezarendse/appdata/roaming/code/user/globalstorage/bmd.stm32-for-vscode/@xpack-dev-tools/arm-none-eabi-gcc/12.3.1-1.2.1/.content/bin/../lib/gcc/arm-none-eabi/12.3.1/../../../../arm-none-eabi/lib/thumb/v7e-m+fp/hard\libc_nano.a(libc_a-fwalk.o)
                              c:/users/jessejabezarendse/appdata/roaming/code/user/globalstorage/bmd.stm32-for-vscode/@xpack-dev-tools/arm-none-eabi-gcc/12.3.1-1.2.1/.content/bin/../lib/gcc/arm-none-eabi/12.3.1/../../../../arm-none-eabi/lib/thumb/v7e-m+fp/hard\libc_nano.a(libc_a-findfp.o) (_fwalk_sglue)
c:/users/jessejabezarendse/appdata/roaming/code/user/globalstorage/bmd.stm32-for-vscode/@xpack-dev-tools/arm-none-eabi-gcc/12.3.1-1.2.1/.content/bin/../lib/gcc/arm-none-eabi/12.3.1/../../../../arm-none-eabi/lib/thumb/v7e-m+fp/hard\libc_nano.a(libc_a-printf.o)
                              build/debug/MEMS/App/app_mems.o (printf)
c:/users/jessejabezarendse/appdata/roaming/code/user/globalstorage/bmd.stm32-for-vscode/@xpack-dev-tools/arm-none-eabi-gcc/12.3.1-1.2.1/.content/bin/../lib/gcc/arm-none-eabi/12.3.1/../../../../arm-none-eabi/lib/thumb/v7e-m+fp/hard\libc_nano.a(libc_a-snprintf.o)
                              build/debug/MEMS/App/app_mems.o (snprintf)
c:/users/jessejabezarendse/appdata/roaming/code/user/globalstorage/bmd.stm32-for-vscode/@xpack-dev-tools/arm-none-eabi-gcc/12.3.1-1.2.1/.content/bin/../lib/gcc/arm-none-eabi/12.3.1/../../../../arm-none-eabi/lib/thumb/v7e-m+fp/hard\libc_nano.a(libc_a-stdio.o)
                              c:/users/jessejabezarendse/appdata/roaming/code/user/globalstorage/bmd.stm32-for-vscode/@xpack-dev-tools/arm-none-eabi-gcc/12.3.1-1.2.1/.content/bin/../lib/gcc/arm-none-eabi/12.3.1/../../../../arm-none-eabi/lib/thumb/v7e-m+fp/hard\libc_nano.a(libc_a-findfp.o) (__sread)
c:/users/jessejabezarendse/appdata/roaming/code/user/globalstorage/bmd.stm32-for-vscode/@xpack-dev-tools/arm-none-eabi-gcc/12.3.1-1.2.1/.content/bin/../lib/gcc/arm-none-eabi/12.3.1/../../../../arm-none-eabi/lib/thumb/v7e-m+fp/hard\libc_nano.a(libc_a-memset.o)
                              c:/users/jessejabezarendse/appdata/roaming/code/user/globalstorage/bmd.stm32-for-vscode/@xpack-dev-tools/arm-none-eabi-gcc/12.3.1-1.2.1/.content/bin/../lib/gcc/arm-none-eabi/12.3.1/../../../../arm-none-eabi/lib/thumb/v7e-m+fp/hard/crt0.o (memset)
c:/users/jessejabezarendse/appdata/roaming/code/user/globalstorage/bmd.stm32-for-vscode/@xpack-dev-tools/arm-none-eabi-gcc/12.3.1-1.2.1/.content/bin/../lib/gcc/arm-none-eabi/12.3.1/../../../../arm-none-eabi/lib/thumb/v7e-m+fp/hard\libc_nano.a(libc_a-closer.o)
                              c:/users/jessejabezarendse/appdata/roaming/code/user/globalstorage/bmd.stm32-for-vscode/@xpack-dev-tools/arm-none-eabi-gcc/12.3.1-1.2.1/.content/bin/../lib/gcc/arm-none-eabi/12.3.1/../../../../arm-none-eabi/lib/thumb/v7e-m+fp/hard\libc_nano.a(libc_a-stdio.o) (_close_r)
c:/users/jessejabezarendse/appdata/roaming/code/user/globalstorage/bmd.stm32-for-vscode/@xpack-dev-tools/arm-none-eabi-gcc/12.3.1-1.2.1/.content/bin/../lib/gcc/arm-none-eabi/12.3.1/../../../../arm-none-eabi/lib/thumb/v7e-m+fp/hard\libc_nano.a(libc_a-reent.o)
[...]
Memory Configuration

Name             Origin             Length             Attributes
RAM              0x20000000         0x00020000         xrw
FLASH            0x08000000         0x00080000         xr
*default*        0x00000000         0xffffffff

Linker script and memory map

LOAD c:/users/jessejabezarendse/appdata/roaming/code/user/globalstorage/bmd.stm32-for-vscode/@xpack-dev-tools/arm-none-eabi-gcc/12.3.1-1.2.1/.content/bin/../lib/gcc/arm-none-eabi/12.3.1/thumb/v7e-m+fp/hard/crti.o
LOAD c:/users/jessejabezarendse/appdata/roaming/code/user/globalstorage/bmd.stm32-for-vscode/@xpack-dev-tools/arm-none-eabi-gcc/12.3.1-1.2.1/.content/bin/../lib/gcc/arm-none-eabi/12.3.1/thumb/v7e-m+fp/hard/crtbegin.o
LOAD c:/users/jessejabezarendse/appdata/roaming/code/user/globalstorage/bmd.stm32-for-vscode/@xpack-dev-tools/arm-none-eabi-gcc/12.3.1-1.2.1/.content/bin/../lib/gcc/arm-none-eabi/12.3.1/../../../../arm-none-eabi/lib/thumb/v7e-m+fp/hard/crt0.o
LOAD build/debug/Core/Src/IKS02A1_Simulink.o
LOAD build/debug/Core/Src/main.o
LOAD build/debug/Core/Src/stm32f4xx_hal_msp.o
LOAD build/debug/Core/Src/stm32f4xx_hal_timebase_tim.o
LOAD build/debug/Core/Src/stm32f4xx_it.o
LOAD build/debug/Core/Src/stm32f4xx_nucleo_bus.o
LOAD build/debug/Core/Src/syscalls.o
LOAD build/debug/Core/Src/sysmem.o
LOAD build/debug/Core/Src/system_stm32f4xx.o
LOAD build/debug/Drivers/BSP/Components/iis2dlpc/iis2dlpc.o
LOAD build/debug/Drivers/BSP/Components/iis2dlpc/iis2dlpc_reg.o
LOAD build/debug/Drivers/BSP/Components/iis2mdc/iis2mdc.o
LOAD build/debug/Drivers/BSP/Components/iis2mdc/iis2mdc_reg.o
LOAD build/debug/Drivers/BSP/Components/ism330dhcx/ism330dhcx.o
LOAD build/debug/Drivers/BSP/Components/ism330dhcx/ism330dhcx_reg.o
LOAD build/debug/Drivers/BSP/IKS02A1/iks02a1_motion_sensors.o
LOAD build/debug/Drivers/BSP/IKS02A1/iks02a1_motion_sensors_ex.o
LOAD build/debug/Drivers/BSP/STM32F4xx_Nucleo/stm32f4xx_nucleo.o
LOAD build/debug/Drivers/STM32F4xx_HAL_Driver/Src/stm32f4xx_hal.o
LOAD build/debug/Drivers/STM32F4xx_HAL_Driver/Src/stm32f4xx_hal_cortex.o
LOAD build/debug/Drivers/STM32F4xx_HAL_Driver/Src/stm32f4xx_hal_dma.o
LOAD build/debug/Drivers/STM32F4xx_HAL_Driver/Src/stm32f4xx_hal_dma_ex.o
LOAD build/debug/Drivers/STM32F4xx_HAL_Driver/Src/stm32f4xx_hal_exti.o
LOAD build/debug/Drivers/STM32F4xx_HAL_Driver/Src/stm32f4xx_hal_flash.o
LOAD build/debug/Drivers/STM32F4xx_HAL_Driver/Src/stm32f4xx_hal_flash_ex.o
LOAD build/debug/Drivers/STM32F4xx_HAL_Driver/Src/stm32f4xx_hal_flash_ramfunc.o
LOAD build/debug/Drivers/STM32F4xx_HAL_Driver/Src/stm32f4xx_hal_gpio.o
LOAD build/debug/Drivers/STM32F4xx_HAL_Driver/Src/stm32f4xx_hal_i2c.o
LOAD build/debug/Drivers/STM32F4xx_HAL_Driver/Src/stm32f4xx_hal_i2c_ex.o
LOAD build/debug/Drivers/STM32F4xx_HAL_Driver/Src/stm32f4xx_hal_pwr.o
LOAD build/debug/Drivers/STM32F4xx_HAL_Driver/Src/stm32f4xx_hal_pwr_ex.o
LOAD build/debug/Drivers/STM32F4xx_HAL_Driver/Src/stm32f4xx_hal_rcc.o
LOAD build/debug/Drivers/STM32F4xx_HAL_Driver/Src/stm32f4xx_hal_rcc_ex.o
LOAD build/debug/Drivers/STM32F4xx_HAL_Driver/Src/stm32f4xx_hal_tim.o
LOAD build/debug/Drivers/STM32F4xx_HAL_Driver/Src/stm32f4xx_hal_tim_ex.o
LOAD build/debug/Drivers/STM32F4xx_HAL_Driver/Src/stm32f4xx_hal_uart.o
LOAD build/debug/MEMS/App/app_mems.o
LOAD build/debug/startup_stm32f411xe.o
LOAD c:/users/jessejabezarendse/appdata/roaming/code/user/globalstorage/bmd.stm32-for-vscode/@xpack-dev-tools/arm-none-eabi-gcc/12.3.1-1.2.1/.content/bin/../lib/gcc/arm-none-eabi/12.3.1/../../../../arm-none-eabi/lib/thumb/v7e-m+fp/hard\libc_nano.a
LOAD c:/users/jessejabezarendse/appdata/roaming/code/user/globalstorage/bmd.stm32-for-vscode/@xpack-dev-tools/arm-none-eabi-gcc/12.3.1-1.2.1/.content/bin/../lib/gcc/arm-none-eabi/12.3.1/../../../../arm-none-eabi/lib/thumb/v7e-m+fp/hard\libm.a
LOAD c:/users/jessejabezarendse/appdata/roaming/code/user/globalstorage/bmd.stm32-for-vscode/@xpack-dev-tools/arm-none-eabi-gcc/12.3.1-1.2.1/.content/bin/../lib/gcc/arm-none-eabi/12.3.1/../../../../arm-none-eabi/lib/thumb/v7e-m+fp/hard\libnosys.a
START GROUP
LOAD c:/users/jessejabezarendse/appdata/roaming/code/user/globalstorage/bmd.stm32-for-vscode/@xpack-dev-tools/arm-none-eabi-gcc/12.3.1-1.2.1/.content/bin/../lib/gcc/arm-none-eabi/12.3.1/thumb/v7e-m+fp/hard\libgcc.a
LOAD c:/users/jessejabezarendse/appdata/roaming/code/user/globalstorage/bmd.stm32-for-vscode/@xpack-dev-tools/arm-none-eabi-gcc/12.3.1-1.2.1/.content/bin/../lib/gcc/arm-none-eabi/12.3.1/../../../../arm-none-eabi/lib/thumb/v7e-m+fp/hard\libc_nano.a
END GROUP
START GROUP
LOAD c:/users/jessejabezarendse/appdata/roaming/code/user/globalstorage/bmd.stm32-for-vscode/@xpack-dev-tools/arm-none-eabi-gcc/12.3.1-1.2.1/.content/bin/../lib/gcc/arm-none-eabi/12.3.1/thumb/v7e-m+fp/hard\libgcc.a
LOAD c:/users/jessejabezarendse/appdata/roaming/code/user/globalstorage/bmd.stm32-for-vscode/@xpack-dev-tools/arm-none-eabi-gcc/12.3.1-1.2.1/.content/bin/../lib/gcc/arm-none-eabi/12.3.1/../../../../arm-none-eabi/lib/thumb/v7e-m+fp/hard\libc_nano.a
END GROUP
LOAD c:/users/jessejabezarendse/appdata/roaming/code/user/globalstorage/bmd.stm32-for-vscode/@xpack-dev-tools/arm-none-eabi-gcc/12.3.1-1.2.1/.content/bin/../lib/gcc/arm-none-eabi/12.3.1/thumb/v7e-m+fp/hard/crtend.o
LOAD c:/users/jessejabezarendse/appdata/roaming/code/user/globalstorage/bmd.stm32-for-vscode/@xpack-dev-tools/arm-none-eabi-gcc/12.3.1-1.2.1/.content/bin/../lib/gcc/arm-none-eabi/12.3.1/thumb/v7e-m+fp/hard/crtn.o
                0x20020000                        _estack = (ORIGIN (RAM) + LENGTH (RAM))
                0x00000200                        _Min_Heap_Size = 0x200
                0x00000400                        _Min_Stack_Size = 0x400

.isr_vector     0x08000000      0x198
                0x08000000                        . = ALIGN (0x4)
 *(.isr_vector)
 .isr_vector    0x08000000      0x198 build/debug/startup_stm32f411xe.o
                0x08000000                g_pfnVectors
                0x08000198                        . = ALIGN (0x4)

.text           0x080001a0     0x8e00
                0x080001a0                        . = ALIGN (0x4)
 *(.text)
 .text          0x080001a0       0xa0 c:/users/jessejabezarendse/appdata/roaming/code/user/globalstorage/bmd.stm32-for-vscode/@xpack-dev-tools/arm-none-eabi-gcc/12.3.1-1.2.1/.content/bin/../lib/gcc/arm-none-eabi/12.3.1/../../../../arm-none-eabi/lib/thumb/v7e-m+fp/hard\libc_nano.a(libc_a-memchr.o)
                0x080001a0                memchr
 .text          0x08000240      0x378 c:/users/jessejabezarendse/appdata/roaming/code/user/globalstorage/bmd.stm32-for-vscode/@xpack-dev-tools/arm-none-eabi-gcc/12.3.1-1.2.1/.content/bin/../lib/gcc/arm-none-eabi/12.3.1/thumb/v7e-m+fp/hard\libgcc.a(_arm_addsubdf3.o)
                0x08000240                __aeabi_drsub
                0x08000248                __aeabi_dsub
                0x08000248                __subdf3
                0x0800024c                __aeabi_dadd
                0x0800024c                __adddf3
                0x080004c4                __floatunsidf
                0x080004c4                __aeabi_ui2d
                0x080004e4                __floatsidf
                0x080004e4                __aeabi_i2d
                0x08000508                __aeabi_f2d
                0x08000508                __extendsfdf2
                0x0800054c                __floatundidf
                0x0800054c                __aeabi_ul2d
                0x0800055c                __floatdidf
                0x0800055c                __aeabi_l2d
 .text          0x080005b8      0x424 c:/users/jessejabezarendse/appdata/roaming/code/user/globalstorage/bmd.stm32-for-vscode/@xpack-dev-tools/arm-none-eabi-gcc/12.3.1-1.2.1/.content/bin/../lib/gcc/arm-none-eabi/12.3.1/thumb/v7e-m+fp/hard\libgcc.a(_arm_muldivdf3.o)
                0x080005b8                __aeabi_dmul
                0x080005b8                __muldf3
                0x0800080c                __divdf3
                0x0800080c                __aeabi_ddiv
 .text          0x080009dc      0x110 c:/users/jessejabezarendse/appdata/roaming/code/user/globalstorage/bmd.stm32-for-vscode/@xpack-dev-tools/arm-none-eabi-gcc/12.3.1-1.2.1/.content/bin/../lib/gcc/arm-none-eabi/12.3.1/thumb/v7e-m+fp/hard\libgcc.a(_arm_cmpdf2.o)
                0x080009dc                __gtdf2
                0x080009dc                __gedf2
                0x080009e4                __ltdf2
                0x080009e4                __ledf2
                0x080009ec                __nedf2
                0x080009ec                __eqdf2
                0x080009ec                __cmpdf2
                0x08000a68                __aeabi_cdrcmple
                0x08000a78                __aeabi_cdcmpeq
                0x08000a78                __aeabi_cdcmple
                0x08000a88                __aeabi_dcmpeq
                0x08000a9c                __aeabi_dcmplt
                0x08000ab0                __aeabi_dcmple
                0x08000ac4                __aeabi_dcmpge
                0x08000ad8                __aeabi_dcmpgt
 .text          0x08000aec       0x2c c:/users/jessejabezarendse/appdata/roaming/code/user/globalstorage/bmd.stm32-for-vscode/@xpack-dev-tools/arm-none-eabi-gcc/12.3.1-1.2.1/.content/bin/../lib/gcc/arm-none-eabi/12.3.1/thumb/v7e-m+fp/hard\libgcc.a(_arm_unorddf2.o)
                0x08000aec                __unorddf2
                0x08000aec                __aeabi_dcmpun
 .text          0x08000b18       0x50 c:/users/jessejabezarendse/appdata/roaming/code/user/globalstorage/bmd.stm32-for-vscode/@xpack-dev-tools/arm-none-eabi-gcc/12.3.1-1.2.1/.content/bin/../lib/gcc/arm-none-eabi/12.3.1/thumb/v7e-m+fp/hard\libgcc.a(_arm_fixdfsi.o)
                0x08000b18                __aeabi_d2iz
                0x08000b18                __fixdfsi
 .text          0x08000b68       0xa0 c:/users/jessejabezarendse/appdata/roaming/code/user/globalstorage/bmd.stm32-for-vscode/@xpack-dev-tools/arm-none-eabi-gcc/12.3.1-1.2.1/.content/bin/../lib/gcc/arm-none-eabi/12.3.1/thumb/v7e-m+fp/hard\libgcc.a(_arm_truncdfsf2.o)
                0x08000b68                __truncdfsf2
                0x08000b68                __aeabi_d2f
 .text          0x08000c08       0x30 c:/users/jessejabezarendse/appdata/roaming/code/user/globalstorage/bmd.stm32-for-vscode/@xpack-dev-tools/arm-none-eabi-gcc/12.3.1-1.2.1/.content/bin/../lib/gcc/arm-none-eabi/12.3.1/thumb/v7e-m+fp/hard\libgcc.a(_aeabi_uldivmod.o)
                0x08000c08                __aeabi_uldivmod
 .text          0x08000c38        0x4 c:/users/jessejabezarendse/appdata/roaming/code/user/globalstorage/bmd.stm32-for-vscode/@xpack-dev-tools/arm-none-eabi-gcc/12.3.1-1.2.1/.content/bin/../lib/gcc/arm-none-eabi/12.3.1/thumb/v7e-m+fp/hard\libgcc.a(_dvmd_tls.o)
                0x08000c38                __aeabi_idiv0
                0x08000c38                __aeabi_ldiv0
 *(.text*)
 .text.__do_global_dtors_aux
                0x08000c3c       0x24 c:/users/jessejabezarendse/appdata/roaming/code/user/globalstorage/bmd.stm32-for-vscode/@xpack-dev-tools/arm-none-eabi-gcc/12.3.1-1.2.1/.content/bin/../lib/gcc/arm-none-eabi/12.3.1/thumb/v7e-m+fp/hard/crtbegin.o
 .text.frame_dummy
                0x08000c60       0x1c c:/users/jessejabezarendse/appdata/roaming/code/user/globalstorage/bmd.stm32-for-vscode/@xpack-dev-tools/arm-none-eabi-gcc/12.3.1-1.2.1/.content/bin/../lib/gcc/arm-none-eabi/12.3.1/thumb/v7e-m+fp/hard/crtbegin.o
 .text.bytesToFloat
                0x08000c7c       0x1a build/debug/Core/Src/IKS02A1_Simulink.o
                0x08000c7c                bytesToFloat
 .text.bytesToInt32
                0x08000c96       0x18 build/debug/Core/Src/IKS02A1_Simulink.o
                0x08000c96                bytesToInt32
 *fill*         0x08000cae        0x2 
 .text.getIKS02A1
                0x08000cb0       0x4c build/debug/Core/Src/IKS02A1_Simulink.o
                0x08000cb0                getIKS02A1
 .text.sendToSimulink
                0x08000cfc       0xf8 build/debug/Core/Src/IKS02A1_Simulink.o
                0x08000cfc                sendToSimulink
 .text.calibrate_IKS02A1
                0x08000df4       0x7c build/debug/Core/Src/IKS02A1_Simulink.o
                0x08000df4                calibrate_IKS02A1
 .text.receivedFromSimulink
                0x08000e70       0xa0 build/debug/Core/Src/IKS02A1_Simulink.o
                0x08000e70                receivedFromSimulink
 .text.MX_DMA_Init
                0x08000f10       0x34 build/debug/Core/Src/main.o
                0x08000f10                MX_DMA_Init
 .text.MX_GPIO_Init
                0x08000f44       0xe4 build/debug/Core/Src/main.o
                0x08000f44                MX_GPIO_Init
 .text.HAL_TIM_PeriodElapsedCallback
                0x08001028       0x18 build/debug/Core/Src/main.o
                0x08001028                HAL_TIM_PeriodElapsedCallback
 .text.Error_Handler
                0x08001040        0x4 build/debug/Core/Src/main.o
                0x08001040                Error_Handler
 .text.MX_TIM2_Init
                0x08001044       0x68 build/debug/Core/Src/main.o
 .text.SystemClock_Config
                0x080010ac       0xa0 build/debug/Core/Src/main.o
                0x080010ac                SystemClock_Config
 .text.main     0x0800114c       0xac build/debug/Core/Src/main.o
                0x0800114c                main
 .text.HAL_MspInit
                0x080011f8       0x40 build/debug/Core/Src/stm32f4xx_hal_msp.o
                0x080011f8                HAL_MspInit
 .text.HAL_TIM_Base_MspInit
                0x08001238       0x3c build/debug/Core/Src/stm32f4xx_hal_msp.o
                0x08001238                HAL_TIM_Base_MspInit
 .text.HAL_InitTick
                0x08001274       0x94 build/debug/Core/Src/stm32f4xx_hal_timebase_tim.o
                0x08001274                HAL_InitTick
 .text.__NVIC_SystemReset
                0x08001308       0x24 build/debug/Core/Src/stm32f4xx_it.o
 .text.NMI_Handler
                0x0800132c        0x2 build/debug/Core/Src/stm32f4xx_it.o
                0x0800132c                NMI_Handler
 *fill*         0x0800132e        0x2 
 .text.HardFault_Handler
                0x08001330       0x1c build/debug/Core/Src/stm32f4xx_it.o
                0x08001330                HardFault_Handler
 .text.MemManage_Handler
                0x0800134c        0x2 build/debug/Core/Src/stm32f4xx_it.o
                0x0800134c                MemManage_Handler
 .text.BusFault_Handler
                0x0800134e        0x2 build/debug/Core/Src/stm32f4xx_it.o
                0x0800134e                BusFault_Handler
 .text.UsageFault_Handler
                0x08001350        0x2 build/debug/Core/Src/stm32f4xx_it.o
                0x08001350                UsageFault_Handler
 .text.SVC_Handler
                0x08001352        0x2 build/debug/Core/Src/stm32f4xx_it.o
                0x08001352                SVC_Handler
 .text.DebugMon_Handler
                0x08001354        0x2 build/debug/Core/Src/stm32f4xx_it.o
                0x08001354                DebugMon_Handler
 .text.PendSV_Handler
                0x08001356        0x2 build/debug/Core/Src/stm32f4xx_it.o
                0x08001356                PendSV_Handler
 .text.SysTick_Handler
                0x08001358        0x2 build/debug/Core/Src/stm32f4xx_it.o
                0x08001358                SysTick_Handler
 *fill*         0x0800135a        0x2 
 .text.DMA1_Stream5_IRQHandler
                0x0800135c       0x10 build/debug/Core/Src/stm32f4xx_it.o
                0x0800135c                DMA1_Stream5_IRQHandler
 .text.TIM1_UP_TIM10_IRQHandler
                0x0800136c       0x10 build/debug/Core/Src/stm32f4xx_it.o
                0x0800136c                TIM1_UP_TIM10_IRQHandler
 .text.TIM2_IRQHandler
                0x0800137c       0x18 build/debug/Core/Src/stm32f4xx_it.o
                0x0800137c                TIM2_IRQHandler
 .text.EXTI15_10_IRQHandler
                0x08001394       0x10 build/debug/Core/Src/stm32f4xx_it.o
                0x08001394                EXTI15_10_IRQHandler
 .text.I2C1_MspInit
                0x080013a4       0x80 build/debug/Core/Src/stm32f4xx_nucleo_bus.o
 .text.I2C1_MspDeInit
                0x08001424       0x2c build/debug/Core/Src/stm32f4xx_nucleo_bus.o
 .text.BSP_I2C1_DeInit
                0x08001450       0x38 build/debug/Core/Src/stm32f4xx_nucleo_bus.o
                0x08001450                BSP_I2C1_DeInit
 .text.BSP_I2C1_WriteReg
                0x08001488       0x3c build/debug/Core/Src/stm32f4xx_nucleo_bus.o
                0x08001488                BSP_I2C1_WriteReg
 .text.BSP_I2C1_ReadReg
                0x080014c4       0x3c build/debug/Core/Src/stm32f4xx_nucleo_bus.o
                0x080014c4                BSP_I2C1_ReadReg
 .text.BSP_GetTick
                0x08001500        0x8 build/debug/Core/Src/stm32f4xx_nucleo_bus.o
                0x08001500                BSP_GetTick
 .text.MX_I2C1_Init
                0x08001508       0x30 build/debug/Core/Src/stm32f4xx_nucleo_bus.o
                0x08001508                MX_I2C1_Init
 .text.BSP_I2C1_Init
                0x08001538       0x48 build/debug/Core/Src/stm32f4xx_nucleo_bus.o
                0x08001538                BSP_I2C1_Init
 .text._read    0x08001580       0x20 build/debug/Core/Src/syscalls.o
                0x08001580                _read
 .text._write   0x080015a0       0x1c build/debug/Core/Src/syscalls.o
                0x080015a0                _write
 .text._close   0x080015bc        0x6 build/debug/Core/Src/syscalls.o
                0x080015bc                _close
 .text._fstat   0x080015c2        0xa build/debug/Core/Src/syscalls.o
                0x080015c2                _fstat
 .text._isatty  0x080015cc        0x4 build/debug/Core/Src/syscalls.o
                0x080015cc                _isatty
 .text._lseek   0x080015d0        0x4 build/debug/Core/Src/syscalls.o
                0x080015d0                _lseek
 .text._sbrk    0x080015d4       0x48 build/debug/Core/Src/sysmem.o
                0x080015d4                _sbrk
 .text.SystemInit
                0x0800161c       0x14 build/debug/Core/Src/system_stm32f4xx.o
                0x0800161c                SystemInit
 .text.IIS2DLPC_GetCapabilities
                0x08001630       0x24 build/debug/Drivers/BSP/Components/iis2dlpc/iis2dlpc.o
                0x08001630                IIS2DLPC_GetCapabilities
 .text.IIS2DLPC_ACC_SetOutputDataRate_When_Disabled
                0x08001654       0xdc build/debug/Drivers/BSP/Components/iis2dlpc/iis2dlpc.o
 .text.ReadRegWrap
                0x08001730        0xa build/debug/Drivers/BSP/Components/iis2dlpc/iis2dlpc.o
 .text.WriteRegWrap
                0x0800173a        0xa build/debug/Drivers/BSP/Components/iis2dlpc/iis2dlpc.o
 .text.IIS2DLPC_ACC_SetOutputDataRate_When_Enabled
                0x08001744      0x1a8 build/debug/Drivers/BSP/Components/iis2dlpc/iis2dlpc.o
 .text.IIS2DLPC_ACC_Enable
                0x080018ec       0x30 build/debug/Drivers/BSP/Components/iis2dlpc/iis2dlpc.o
                0x080018ec                IIS2DLPC_ACC_Enable
 .text.IIS2DLPC_ACC_Disable
                0x0800191c       0x24 build/debug/Drivers/BSP/Components/iis2dlpc/iis2dlpc.o
                0x0800191c                IIS2DLPC_ACC_Disable
 .text.IIS2DLPC_DeInit
                0x08001940       0x24 build/debug/Drivers/BSP/Components/iis2dlpc/iis2dlpc.o
                0x08001940                IIS2DLPC_DeInit
 .text.IIS2DLPC_Init
                0x08001964       0x80 build/debug/Drivers/BSP/Components/iis2dlpc/iis2dlpc.o
                0x08001964                IIS2DLPC_Init
 .text.IIS2DLPC_ACC_SetFullScale
                0x080019e4       0x2c build/debug/Drivers/BSP/Components/iis2dlpc/iis2dlpc.o
                0x080019e4                IIS2DLPC_ACC_SetFullScale
 .text.IIS2DLPC_ReadID
                0x08001a10       0x12 build/debug/Drivers/BSP/Components/iis2dlpc/iis2dlpc.o
                0x08001a10                IIS2DLPC_ReadID
 .text.IIS2DLPC_ACC_GetFullScale
                0x08001a22       0x4a build/debug/Drivers/BSP/Components/iis2dlpc/iis2dlpc.o
                0x08001a22                IIS2DLPC_ACC_GetFullScale
 .text.IIS2DLPC_ACC_GetSensitivity
                0x08001a6c       0xdc build/debug/Drivers/BSP/Components/iis2dlpc/iis2dlpc.o
                0x08001a6c                IIS2DLPC_ACC_GetSensitivity
 .text.IIS2DLPC_ACC_GetOutputDataRate
                0x08001b48      0x178 build/debug/Drivers/BSP/Components/iis2dlpc/iis2dlpc.o
                0x08001b48                IIS2DLPC_ACC_GetOutputDataRate
 .text.IIS2DLPC_ACC_GetAxesRaw
                0x08001cc0       0xbe build/debug/Drivers/BSP/Components/iis2dlpc/iis2dlpc.o
                0x08001cc0                IIS2DLPC_ACC_GetAxesRaw
 .text.IIS2DLPC_ACC_GetAxes
                0x08001d7e       0x7a build/debug/Drivers/BSP/Components/iis2dlpc/iis2dlpc.o
                0x08001d7e                IIS2DLPC_ACC_GetAxes
 .text.IIS2DLPC_ACC_SetOutputDataRate_With_Mode
                0x08001df8       0x16 build/debug/Drivers/BSP/Components/iis2dlpc/iis2dlpc.o
                0x08001df8                IIS2DLPC_ACC_SetOutputDataRate_With_Mode
 .text.IIS2DLPC_ACC_SetOutputDataRate
                0x08001e0e        0xc build/debug/Drivers/BSP/Components/iis2dlpc/iis2dlpc.o
                0x08001e0e                IIS2DLPC_ACC_SetOutputDataRate
 .text.IIS2DLPC_Write_Reg
                0x08001e1a       0x22 build/debug/Drivers/BSP/Components/iis2dlpc/iis2dlpc.o
                0x08001e1a                IIS2DLPC_Write_Reg
 .text.IIS2DLPC_RegisterBusIO
                0x08001e3c       0x78 build/debug/Drivers/BSP/Components/iis2dlpc/iis2dlpc.o
                0x08001e3c                IIS2DLPC_RegisterBusIO
 .text.iis2dlpc_read_reg
                0x08001eb4        0xa build/debug/Drivers/BSP/Components/iis2dlpc/iis2dlpc_reg.o
                0x08001eb4                iis2dlpc_read_reg
 .text.iis2dlpc_write_reg
                0x08001ebe        0xa build/debug/Drivers/BSP/Components/iis2dlpc/iis2dlpc_reg.o
                0x08001ebe                iis2dlpc_write_reg
 .text.iis2dlpc_power_mode_set
                0x08001ec8       0x7a build/debug/Drivers/BSP/Components/iis2dlpc/iis2dlpc_reg.o
                0x08001ec8                iis2dlpc_power_mode_set
 .text.iis2dlpc_power_mode_get
                0x08001f42       0xd4 build/debug/Drivers/BSP/Components/iis2dlpc/iis2dlpc_reg.o
                0x08001f42                iis2dlpc_power_mode_get
 .text.iis2dlpc_data_rate_set
                0x08002016       0x6c build/debug/Drivers/BSP/Components/iis2dlpc/iis2dlpc_reg.o
                0x08002016                iis2dlpc_data_rate_set
 .text.iis2dlpc_data_rate_get
                0x08002082       0xb0 build/debug/Drivers/BSP/Components/iis2dlpc/iis2dlpc_reg.o
                0x08002082                iis2dlpc_data_rate_get
 .text.iis2dlpc_block_data_update_set
                0x08002132       0x32 build/debug/Drivers/BSP/Components/iis2dlpc/iis2dlpc_reg.o
                0x08002132                iis2dlpc_block_data_update_set
 .text.iis2dlpc_full_scale_set
                0x08002164       0x32 build/debug/Drivers/BSP/Components/iis2dlpc/iis2dlpc_reg.o
                0x08002164                iis2dlpc_full_scale_set
 .text.iis2dlpc_full_scale_get
                0x08002196       0x44 build/debug/Drivers/BSP/Components/iis2dlpc/iis2dlpc_reg.o
                0x08002196                iis2dlpc_full_scale_get
 .text.iis2dlpc_acceleration_raw_get
                0x080021da       0x44 build/debug/Drivers/BSP/Components/iis2dlpc/iis2dlpc_reg.o
                0x080021da                iis2dlpc_acceleration_raw_get
 .text.iis2dlpc_device_id_get
                0x0800221e        0xe build/debug/Drivers/BSP/Components/iis2dlpc/iis2dlpc_reg.o
                0x0800221e                iis2dlpc_device_id_get
 .text.iis2dlpc_auto_increment_set
                0x0800222c       0x32 build/debug/Drivers/BSP/Components/iis2dlpc/iis2dlpc_reg.o
                0x0800222c                iis2dlpc_auto_increment_set
 .text.iis2dlpc_fifo_mode_set
                0x0800225e       0x32 build/debug/Drivers/BSP/Components/iis2dlpc/iis2dlpc_reg.o
                0x0800225e                iis2dlpc_fifo_mode_set
 .text.IIS2MDC_GetCapabilities
                0x08002290       0x24 build/debug/Drivers/BSP/Components/iis2mdc/iis2mdc.o
                0x08002290                IIS2MDC_GetCapabilities
 .text.IIS2MDC_MAG_GetSensitivity
                0x080022b4        0xa build/debug/Drivers/BSP/Components/iis2mdc/iis2mdc.o
                0x080022b4                IIS2MDC_MAG_GetSensitivity
 .text.IIS2MDC_MAG_GetFullScale
                0x080022be        0x8 build/debug/Drivers/BSP/Components/iis2mdc/iis2mdc.o
                0x080022be                IIS2MDC_MAG_GetFullScale
 .text.IIS2MDC_MAG_SetFullScale
                0x080022c6        0x4 build/debug/Drivers/BSP/Components/iis2mdc/iis2mdc.o
                0x080022c6                IIS2MDC_MAG_SetFullScale
 .text.ReadMagRegWrap
                0x080022ca       0x1e build/debug/Drivers/BSP/Components/iis2mdc/iis2mdc.o
 .text.WriteMagRegWrap
                0x080022e8       0x1e build/debug/Drivers/BSP/Components/iis2mdc/iis2mdc.o
 .text.IIS2MDC_MAG_Enable
                0x08002306       0x28 build/debug/Drivers/BSP/Components/iis2mdc/iis2mdc.o
                0x08002306                IIS2MDC_MAG_Enable
 .text.IIS2MDC_MAG_Disable
                0x0800232e       0x24 build/debug/Drivers/BSP/Components/iis2mdc/iis2mdc.o
                0x0800232e                IIS2MDC_MAG_Disable
 .text.IIS2MDC_DeInit
                0x08002352       0x16 build/debug/Drivers/BSP/Components/iis2mdc/iis2mdc.o
                0x08002352                IIS2MDC_DeInit
 .text.IIS2MDC_MAG_SetOutputDataRate
                0x08002368       0x50 build/debug/Drivers/BSP/Components/iis2mdc/iis2mdc.o
                0x08002368                IIS2MDC_MAG_SetOutputDataRate
 .text.IIS2MDC_Init
                0x080023b8       0x50 build/debug/Drivers/BSP/Components/iis2mdc/iis2mdc.o
                0x080023b8                IIS2MDC_Init
 .text.IIS2MDC_ReadID
                0x08002408       0x12 build/debug/Drivers/BSP/Components/iis2mdc/iis2mdc.o
                0x08002408                IIS2MDC_ReadID
 *fill*         0x0800241a        0x2 
 .text.IIS2MDC_MAG_GetOutputDataRate
                0x0800241c       0x58 build/debug/Drivers/BSP/Components/iis2mdc/iis2mdc.o
                0x0800241c                IIS2MDC_MAG_GetOutputDataRate
 .text.IIS2MDC_MAG_GetAxesRaw
                0x08002474       0x2c build/debug/Drivers/BSP/Components/iis2mdc/iis2mdc.o
                0x08002474                IIS2MDC_MAG_GetAxesRaw
 .text.IIS2MDC_MAG_GetAxes
                0x080024a0       0x74 build/debug/Drivers/BSP/Components/iis2mdc/iis2mdc.o
                0x080024a0                IIS2MDC_MAG_GetAxes
 .text.IIS2MDC_RegisterBusIO
                0x08002514       0x74 build/debug/Drivers/BSP/Components/iis2mdc/iis2mdc.o
                0x08002514                IIS2MDC_RegisterBusIO
 .text.iis2mdc_read_reg
                0x08002588        0xa build/debug/Drivers/BSP/Components/iis2mdc/iis2mdc_reg.o
                0x08002588                iis2mdc_read_reg
 .text.iis2mdc_write_reg
                0x08002592        0xa build/debug/Drivers/BSP/Components/iis2mdc/iis2mdc_reg.o
                0x08002592                iis2mdc_write_reg
 .text.iis2mdc_operating_mode_set
                0x0800259c       0x32 build/debug/Drivers/BSP/Components/iis2mdc/iis2mdc_reg.o
                0x0800259c                iis2mdc_operating_mode_set
 .text.iis2mdc_data_rate_set
                0x080025ce       0x32 build/debug/Drivers/BSP/Components/iis2mdc/iis2mdc_reg.o
                0x080025ce                iis2mdc_data_rate_set
 .text.iis2mdc_data_rate_get
                0x08002600       0x44 build/debug/Drivers/BSP/Components/iis2mdc/iis2mdc_reg.o
                0x08002600                iis2mdc_data_rate_get
 .text.iis2mdc_block_data_update_set
                0x08002644       0x32 build/debug/Drivers/BSP/Components/iis2mdc/iis2mdc_reg.o
                0x08002644                iis2mdc_block_data_update_set
 .text.iis2mdc_magnetic_raw_get
                0x08002676       0x44 build/debug/Drivers/BSP/Components/iis2mdc/iis2mdc_reg.o
                0x08002676                iis2mdc_magnetic_raw_get
 .text.iis2mdc_device_id_get
                0x080026ba        0xe build/debug/Drivers/BSP/Components/iis2mdc/iis2mdc_reg.o
                0x080026ba                iis2mdc_device_id_get
 .text.iis2mdc_self_test_set
                0x080026c8       0x32 build/debug/Drivers/BSP/Components/iis2mdc/iis2mdc_reg.o
                0x080026c8                iis2mdc_self_test_set
 .text.iis2mdc_i2c_interface_set
                0x080026fa       0x32 build/debug/Drivers/BSP/Components/iis2mdc/iis2mdc_reg.o
                0x080026fa                iis2mdc_i2c_interface_set
 .text.ISM330DHCX_GetCapabilities
                0x0800272c       0x28 build/debug/Drivers/BSP/Components/ism330dhcx/ism330dhcx.o
                0x0800272c                ISM330DHCX_GetCapabilities
 .text.ISM330DHCX_ACC_SetOutputDataRate_When_Disabled
                0x08002754       0xc8 build/debug/Drivers/BSP/Components/ism330dhcx/ism330dhcx.o
 .text.ISM330DHCX_GYRO_SetOutputDataRate_When_Disabled
                0x0800281c       0xc8 build/debug/Drivers/BSP/Components/ism330dhcx/ism330dhcx.o
 .text.ReadRegWrap
                0x080028e4        0xa build/debug/Drivers/BSP/Components/ism330dhcx/ism330dhcx.o
 .text.WriteRegWrap
                0x080028ee        0xa build/debug/Drivers/BSP/Components/ism330dhcx/ism330dhcx.o
 .text.ISM330DHCX_ACC_Enable
                0x080028f8       0x2a build/debug/Drivers/BSP/Components/ism330dhcx/ism330dhcx.o
                0x080028f8                ISM330DHCX_ACC_Enable
 *fill*         0x08002922        0x2 
 .text.ISM330DHCX_ACC_SetOutputDataRate_When_Enabled
                0x08002924       0xd4 build/debug/Drivers/BSP/Components/ism330dhcx/ism330dhcx.o
 .text.ISM330DHCX_ACC_SetOutputDataRate
                0x080029f8       0x16 build/debug/Drivers/BSP/Components/ism330dhcx/ism330dhcx.o
                0x080029f8                ISM330DHCX_ACC_SetOutputDataRate
 .text.ISM330DHCX_ACC_SetFullScale
                0x08002a0e       0x2c build/debug/Drivers/BSP/Components/ism330dhcx/ism330dhcx.o
                0x08002a0e                ISM330DHCX_ACC_SetFullScale
 .text.ISM330DHCX_GYRO_Enable
                0x08002a3a       0x2a build/debug/Drivers/BSP/Components/ism330dhcx/ism330dhcx.o
                0x08002a3a                ISM330DHCX_GYRO_Enable
 .text.ISM330DHCX_GYRO_SetOutputDataRate_When_Enabled
                0x08002a64       0xd4 build/debug/Drivers/BSP/Components/ism330dhcx/ism330dhcx.o
 .text.ISM330DHCX_GYRO_SetOutputDataRate
                0x08002b38       0x16 build/debug/Drivers/BSP/Components/ism330dhcx/ism330dhcx.o
                0x08002b38                ISM330DHCX_GYRO_SetOutputDataRate
 .text.ISM330DHCX_Init
                0x08002b4e       0xbc build/debug/Drivers/BSP/Components/ism330dhcx/ism330dhcx.o
                0x08002b4e                ISM330DHCX_Init
 .text.ISM330DHCX_GYRO_SetFullScale
                0x08002c0a       0x42 build/debug/Drivers/BSP/Components/ism330dhcx/ism330dhcx.o
                0x08002c0a                ISM330DHCX_GYRO_SetFullScale
 .text.ISM330DHCX_ReadID
                0x08002c4c       0x12 build/debug/Drivers/BSP/Components/ism330dhcx/ism330dhcx.o
                0x08002c4c                ISM330DHCX_ReadID
 .text.ISM330DHCX_ACC_Disable
                0x08002c5e       0x3a build/debug/Drivers/BSP/Components/ism330dhcx/ism330dhcx.o
                0x08002c5e                ISM330DHCX_ACC_Disable
 .text.ISM330DHCX_ACC_GetOutputDataRate
                0x08002c98       0xa4 build/debug/Drivers/BSP/Components/ism330dhcx/ism330dhcx.o
                0x08002c98                ISM330DHCX_ACC_GetOutputDataRate
 .text.ISM330DHCX_ACC_GetSensitivity
                0x08002d3c       0x58 build/debug/Drivers/BSP/Components/ism330dhcx/ism330dhcx.o
                0x08002d3c                ISM330DHCX_ACC_GetSensitivity
 .text.ISM330DHCX_ACC_GetFullScale
                0x08002d94       0x48 build/debug/Drivers/BSP/Components/ism330dhcx/ism330dhcx.o
                0x08002d94                ISM330DHCX_ACC_GetFullScale
 .text.ISM330DHCX_ACC_GetAxesRaw
                0x08002ddc       0x2c build/debug/Drivers/BSP/Components/ism330dhcx/ism330dhcx.o
                0x08002ddc                ISM330DHCX_ACC_GetAxesRaw
 .text.ISM330DHCX_ACC_GetAxes
                0x08002e08       0x7c build/debug/Drivers/BSP/Components/ism330dhcx/ism330dhcx.o
                0x08002e08                ISM330DHCX_ACC_GetAxes
 .text.ISM330DHCX_GYRO_Disable
                0x08002e84       0x3a build/debug/Drivers/BSP/Components/ism330dhcx/ism330dhcx.o
                0x08002e84                ISM330DHCX_GYRO_Disable
 .text.ISM330DHCX_DeInit
                0x08002ebe       0x2c build/debug/Drivers/BSP/Components/ism330dhcx/ism330dhcx.o
                0x08002ebe                ISM330DHCX_DeInit
 *fill*         0x08002eea        0x2 
 .text.ISM330DHCX_GYRO_GetOutputDataRate
                0x08002eec       0xa4 build/debug/Drivers/BSP/Components/ism330dhcx/ism330dhcx.o
                0x08002eec                ISM330DHCX_GYRO_GetOutputDataRate
 .text.ISM330DHCX_GYRO_GetSensitivity
                0x08002f90       0x78 build/debug/Drivers/BSP/Components/ism330dhcx/ism330dhcx.o
                0x08002f90                ISM330DHCX_GYRO_GetSensitivity
 .text.ISM330DHCX_GYRO_GetFullScale
                0x08003008       0x66 build/debug/Drivers/BSP/Components/ism330dhcx/ism330dhcx.o
                0x08003008                ISM330DHCX_GYRO_GetFullScale
 .text.ISM330DHCX_GYRO_GetAxesRaw
                0x0800306e       0x2c build/debug/Drivers/BSP/Components/ism330dhcx/ism330dhcx.o
                0x0800306e                ISM330DHCX_GYRO_GetAxesRaw
 .text.ISM330DHCX_GYRO_GetAxes
                0x0800309a       0x78 build/debug/Drivers/BSP/Components/ism330dhcx/ism330dhcx.o
                0x0800309a                ISM330DHCX_GYRO_GetAxes
 .text.ISM330DHCX_Write_Reg
                0x08003112       0x22 build/debug/Drivers/BSP/Components/ism330dhcx/ism330dhcx.o
                0x08003112                ISM330DHCX_Write_Reg
 .text.ISM330DHCX_RegisterBusIO
                0x08003134       0x78 build/debug/Drivers/BSP/Components/ism330dhcx/ism330dhcx.o
                0x08003134                ISM330DHCX_RegisterBusIO
 .text.ism330dhcx_read_reg
                0x080031ac        0xa build/debug/Drivers/BSP/Components/ism330dhcx/ism330dhcx_reg.o
                0x080031ac                ism330dhcx_read_reg
 .text.ism330dhcx_write_reg
                0x080031b6        0xa build/debug/Drivers/BSP/Components/ism330dhcx/ism330dhcx_reg.o
                0x080031b6                ism330dhcx_write_reg
 .text.ism330dhcx_xl_full_scale_set
                0x080031c0       0x32 build/debug/Drivers/BSP/Components/ism330dhcx/ism330dhcx_reg.o
                0x080031c0                ism330dhcx_xl_full_scale_set
 .text.ism330dhcx_xl_full_scale_get
                0x080031f2       0x44 build/debug/Drivers/BSP/Components/ism330dhcx/ism330dhcx_reg.o
                0x080031f2                ism330dhcx_xl_full_scale_get
 .text.ism330dhcx_xl_data_rate_get
                0x08003236       0x7a build/debug/Drivers/BSP/Components/ism330dhcx/ism330dhcx_reg.o
                0x08003236                ism330dhcx_xl_data_rate_get
 .text.ism330dhcx_gy_full_scale_set
                0x080032b0       0x32 build/debug/Drivers/BSP/Components/ism330dhcx/ism330dhcx_reg.o
                0x080032b0                ism330dhcx_gy_full_scale_set
 .text.ism330dhcx_gy_full_scale_get
                0x080032e2       0x5a build/debug/Drivers/BSP/Components/ism330dhcx/ism330dhcx_reg.o
                0x080032e2                ism330dhcx_gy_full_scale_get
 .text.ism330dhcx_gy_data_rate_get
                0x0800333c       0x74 build/debug/Drivers/BSP/Components/ism330dhcx/ism330dhcx_reg.o
                0x0800333c                ism330dhcx_gy_data_rate_get
 .text.ism330dhcx_block_data_update_set
                0x080033b0       0x32 build/debug/Drivers/BSP/Components/ism330dhcx/ism330dhcx_reg.o
                0x080033b0                ism330dhcx_block_data_update_set
 .text.ism330dhcx_angular_rate_raw_get
                0x080033e2       0x44 build/debug/Drivers/BSP/Components/ism330dhcx/ism330dhcx_reg.o
                0x080033e2                ism330dhcx_angular_rate_raw_get
 .text.ism330dhcx_acceleration_raw_get
                0x08003426       0x44 build/debug/Drivers/BSP/Components/ism330dhcx/ism330dhcx_reg.o
                0x08003426                ism330dhcx_acceleration_raw_get
 .text.ism330dhcx_device_conf_set
                0x0800346a       0x32 build/debug/Drivers/BSP/Components/ism330dhcx/ism330dhcx_reg.o
                0x0800346a                ism330dhcx_device_conf_set
 .text.ism330dhcx_mem_bank_set
                0x0800349c       0x32 build/debug/Drivers/BSP/Components/ism330dhcx/ism330dhcx_reg.o
                0x0800349c                ism330dhcx_mem_bank_set
 .text.ism330dhcx_device_id_get
                0x080034ce        0xe build/debug/Drivers/BSP/Components/ism330dhcx/ism330dhcx_reg.o
                0x080034ce                ism330dhcx_device_id_get
 .text.ism330dhcx_reset_set
                0x080034dc       0x32 build/debug/Drivers/BSP/Components/ism330dhcx/ism330dhcx_reg.o
                0x080034dc                ism330dhcx_reset_set
 .text.ism330dhcx_auto_increment_set
                0x0800350e       0x32 build/debug/Drivers/BSP/Components/ism330dhcx/ism330dhcx_reg.o
                0x0800350e                ism330dhcx_auto_increment_set
 .text.ism330dhcx_fifo_mode_set
                0x08003540       0x32 build/debug/Drivers/BSP/Components/ism330dhcx/ism330dhcx_reg.o
                0x08003540                ism330dhcx_fifo_mode_set
 .text.ism330dhcx_fsm_enable_get
                0x08003572       0x44 build/debug/Drivers/BSP/Components/ism330dhcx/ism330dhcx_reg.o
                0x08003572                ism330dhcx_fsm_enable_get
 .text.ism330dhcx_fsm_data_rate_get
                0x080035b6       0x5e build/debug/Drivers/BSP/Components/ism330dhcx/ism330dhcx_reg.o
                0x080035b6                ism330dhcx_fsm_data_rate_get
 .text.ism330dhcx_mlc_get
                0x08003614       0x38 build/debug/Drivers/BSP/Components/ism330dhcx/ism330dhcx_reg.o
                0x08003614                ism330dhcx_mlc_get
 .text.ism330dhcx_mlc_data_rate_get
                0x0800364c       0x5e build/debug/Drivers/BSP/Components/ism330dhcx/ism330dhcx_reg.o
                0x0800364c                ism330dhcx_mlc_data_rate_get
 .text.ism330dhcx_xl_data_rate_set
                0x080036aa      0x1ce build/debug/Drivers/BSP/Components/ism330dhcx/ism330dhcx_reg.o
                0x080036aa                ism330dhcx_xl_data_rate_set
 .text.ism330dhcx_gy_data_rate_set
                0x08003878      0x1ce build/debug/Drivers/BSP/Components/ism330dhcx/ism330dhcx_reg.o
                0x08003878                ism330dhcx_gy_data_rate_set
 *fill*         0x08003a46        0x2 
 .text.ISM330DHCX_0_Probe
                0x08003a48      0x120 build/debug/Drivers/BSP/IKS02A1/iks02a1_motion_sensors.o
 .text.IIS2DLPC_0_Probe
                0x08003b68      0x108 build/debug/Drivers/BSP/IKS02A1/iks02a1_motion_sensors.o
 .text.IIS2MDC_0_Probe
                0x08003c70      0x104 build/debug/Drivers/BSP/IKS02A1/iks02a1_motion_sensors.o
 .text.IKS02A1_MOTION_SENSOR_Init
                0x08003d74      0x180 build/debug/Drivers/BSP/IKS02A1/iks02a1_motion_sensors.o
                0x08003d74                IKS02A1_MOTION_SENSOR_Init
 .text.IKS02A1_MOTION_SENSOR_GetCapabilities
                0x08003ef4       0x30 build/debug/Drivers/BSP/IKS02A1/iks02a1_motion_sensors.o
                0x08003ef4                IKS02A1_MOTION_SENSOR_GetCapabilities
 .text.IKS02A1_MOTION_SENSOR_GetAxes
                0x08003f24       0x58 build/debug/Drivers/BSP/IKS02A1/iks02a1_motion_sensors.o
                0x08003f24                IKS02A1_MOTION_SENSOR_GetAxes
 .text.IKS02A1_MOTION_SENSOR_SetOutputDataRate
                0x08003f7c       0x54 build/debug/Drivers/BSP/IKS02A1/iks02a1_motion_sensors.o
                0x08003f7c                IKS02A1_MOTION_SENSOR_SetOutputDataRate
 .text.IKS02A1_MOTION_SENSOR_SetFullScale
                0x08003fd0       0x58 build/debug/Drivers/BSP/IKS02A1/iks02a1_motion_sensors.o
                0x08003fd0                IKS02A1_MOTION_SENSOR_SetFullScale
 .text.LED_USER_GPIO_Init
                0x08004028       0x68 build/debug/Drivers/BSP/STM32F4xx_Nucleo/stm32f4xx_nucleo.o
 .text.BUTTON_USER_GPIO_Init
                0x08004090       0x5c build/debug/Drivers/BSP/STM32F4xx_Nucleo/stm32f4xx_nucleo.o
 .text.USART2_MspInit
                0x080040ec       0xac build/debug/Drivers/BSP/STM32F4xx_Nucleo/stm32f4xx_nucleo.o
 .text.BSP_LED_Init
                0x08004198        0xa build/debug/Drivers/BSP/STM32F4xx_Nucleo/stm32f4xx_nucleo.o
                0x08004198                BSP_LED_Init
 *fill*         0x080041a2        0x2 
 .text.BSP_LED_On
                0x080041a4       0x14 build/debug/Drivers/BSP/STM32F4xx_Nucleo/stm32f4xx_nucleo.o
                0x080041a4                BSP_LED_On
 .text.BSP_PB_Init
                0x080041b8       0x5c build/debug/Drivers/BSP/STM32F4xx_Nucleo/stm32f4xx_nucleo.o
                0x080041b8                BSP_PB_Init
 .text.BSP_PB_GetState
                0x08004214       0x18 build/debug/Drivers/BSP/STM32F4xx_Nucleo/stm32f4xx_nucleo.o
                0x08004214                BSP_PB_GetState
 .text.BUTTON_USER_EXTI_Callback
                0x0800422c        0xa build/debug/Drivers/BSP/STM32F4xx_Nucleo/stm32f4xx_nucleo.o
 *fill*         0x08004236        0x2 
 .text.MX_USART2_UART_Init
                0x08004238       0x2c build/debug/Drivers/BSP/STM32F4xx_Nucleo/stm32f4xx_nucleo.o
                0x08004238                MX_USART2_UART_Init
 .text.BSP_COM_Init
                0x08004264       0x40 build/debug/Drivers/BSP/STM32F4xx_Nucleo/stm32f4xx_nucleo.o
                0x08004264                BSP_COM_Init
 .text.__io_putchar
                0x080042a4       0x30 build/debug/Drivers/BSP/STM32F4xx_Nucleo/stm32f4xx_nucleo.o
                0x080042a4                __io_putchar
 .text.HAL_Init
                0x080042d4       0x34 build/debug/Drivers/STM32F4xx_HAL_Driver/Src/stm32f4xx_hal.o
                0x080042d4                HAL_Init
 .text.HAL_IncTick
                0x08004308       0x18 build/debug/Drivers/STM32F4xx_HAL_Driver/Src/stm32f4xx_hal.o
                0x08004308                HAL_IncTick
 .text.HAL_GetTick
                0x08004320        0xc build/debug/Drivers/STM32F4xx_HAL_Driver/Src/stm32f4xx_hal.o
                0x08004320                HAL_GetTick
 .text.HAL_Delay
                0x0800432c       0x28 build/debug/Drivers/STM32F4xx_HAL_Driver/Src/stm32f4xx_hal.o
                0x0800432c                HAL_Delay
 .text.__NVIC_EnableIRQ
                0x08004354       0x1c build/debug/Drivers/STM32F4xx_HAL_Driver/Src/stm32f4xx_hal_cortex.o
 .text.__NVIC_SetPriority
                0x08004370       0x28 build/debug/Drivers/STM32F4xx_HAL_Driver/Src/stm32f4xx_hal_cortex.o
 .text.NVIC_EncodePriority
                0x08004398       0x3e build/debug/Drivers/STM32F4xx_HAL_Driver/Src/stm32f4xx_hal_cortex.o
 *fill*         0x080043d6        0x2 
 .text.HAL_NVIC_SetPriorityGrouping
                0x080043d8       0x24 build/debug/Drivers/STM32F4xx_HAL_Driver/Src/stm32f4xx_hal_cortex.o
                0x080043d8                HAL_NVIC_SetPriorityGrouping
 .text.HAL_NVIC_SetPriority
                0x080043fc       0x20 build/debug/Drivers/STM32F4xx_HAL_Driver/Src/stm32f4xx_hal_cortex.o
                0x080043fc                HAL_NVIC_SetPriority
 .text.HAL_NVIC_EnableIRQ
                0x0800441c        0x8 build/debug/Drivers/STM32F4xx_HAL_Driver/Src/stm32f4xx_hal_cortex.o
                0x0800441c                HAL_NVIC_EnableIRQ
 .text.DMA_SetConfig
                0x08004424       0x2c build/debug/Drivers/STM32F4xx_HAL_Driver/Src/stm32f4xx_hal_dma.o
 .text.DMA_CalcBaseAndBitshift
                0x08004450       0x44 build/debug/Drivers/STM32F4xx_HAL_Driver/Src/stm32f4xx_hal_dma.o
 .text.DMA_CheckFifoParam
                0x08004494       0x8e build/debug/Drivers/STM32F4xx_HAL_Driver/Src/stm32f4xx_hal_dma.o
 *fill*         0x08004522        0x2 
 .text.HAL_DMA_Init
                0x08004524       0xcc build/debug/Drivers/STM32F4xx_HAL_Driver/Src/stm32f4xx_hal_dma.o
                0x08004524                HAL_DMA_Init
 .text.HAL_DMA_Start_IT
                0x080045f0       0x6a build/debug/Drivers/STM32F4xx_HAL_Driver/Src/stm32f4xx_hal_dma.o
                0x080045f0                HAL_DMA_Start_IT
 *fill*         0x0800465a        0x2 
 .text.HAL_DMA_IRQHandler
                0x0800465c      0x1dc build/debug/Drivers/STM32F4xx_HAL_Driver/Src/stm32f4xx_hal_dma.o
                0x0800465c                HAL_DMA_IRQHandler
 .text.HAL_EXTI_RegisterCallback
                0x08004838        0xe build/debug/Drivers/STM32F4xx_HAL_Driver/Src/stm32f4xx_hal_exti.o
                0x08004838                HAL_EXTI_RegisterCallback
 .text.HAL_EXTI_GetHandle
                0x08004846        0xc build/debug/Drivers/STM32F4xx_HAL_Driver/Src/stm32f4xx_hal_exti.o
                0x08004846                HAL_EXTI_GetHandle
 *fill*         0x08004852        0x2 
 .text.HAL_EXTI_IRQHandler
                0x08004854       0x24 build/debug/Drivers/STM32F4xx_HAL_Driver/Src/stm32f4xx_hal_exti.o
                0x08004854                HAL_EXTI_IRQHandler
 .text.HAL_GPIO_Init
                0x08004878      0x1c8 build/debug/Drivers/STM32F4xx_HAL_Driver/Src/stm32f4xx_hal_gpio.o
                0x08004878                HAL_GPIO_Init
 .text.HAL_GPIO_DeInit
                0x08004a40      0x110 build/debug/Drivers/STM32F4xx_HAL_Driver/Src/stm32f4xx_hal_gpio.o
                0x08004a40                HAL_GPIO_DeInit
 .text.HAL_GPIO_ReadPin
                0x08004b50        0xe build/debug/Drivers/STM32F4xx_HAL_Driver/Src/stm32f4xx_hal_gpio.o
                0x08004b50                HAL_GPIO_ReadPin
 .text.HAL_GPIO_WritePin
                0x08004b5e        0xc build/debug/Drivers/STM32F4xx_HAL_Driver/Src/stm32f4xx_hal_gpio.o
                0x08004b5e                HAL_GPIO_WritePin
 .text.I2C_IsAcknowledgeFailed
                0x08004b6a       0x32 build/debug/Drivers/STM32F4xx_HAL_Driver/Src/stm32f4xx_hal_i2c.o
 .text.I2C_WaitOnFlagUntilTimeout
                0x08004b9c       0xaa build/debug/Drivers/STM32F4xx_HAL_Driver/Src/stm32f4xx_hal_i2c.o
 .text.I2C_WaitOnMasterAddressFlagUntilTimeout
                0x08004c46       0xd6 build/debug/Drivers/STM32F4xx_HAL_Driver/Src/stm32f4xx_hal_i2c.o
 .text.I2C_WaitOnTXEFlagUntilTimeout
                0x08004d1c       0x5e build/debug/Drivers/STM32F4xx_HAL_Driver/Src/stm32f4xx_hal_i2c.o
 *fill*         0x08004d7a        0x2 
 .text.I2C_RequestMemoryWrite
                0x08004d7c       0xd8 build/debug/Drivers/STM32F4xx_HAL_Driver/Src/stm32f4xx_hal_i2c.o
 .text.I2C_RequestMemoryRead
                0x08004e54      0x154 build/debug/Drivers/STM32F4xx_HAL_Driver/Src/stm32f4xx_hal_i2c.o
 .text.I2C_WaitOnBTFFlagUntilTimeout
                0x08004fa8       0x5e build/debug/Drivers/STM32F4xx_HAL_Driver/Src/stm32f4xx_hal_i2c.o
 .text.I2C_WaitOnRXNEFlagUntilTimeout
                0x08005006       0x78 build/debug/Drivers/STM32F4xx_HAL_Driver/Src/stm32f4xx_hal_i2c.o
 .text.HAL_I2C_MspInit
                0x0800507e        0x2 build/debug/Drivers/STM32F4xx_HAL_Driver/Src/stm32f4xx_hal_i2c.o
                0x0800507e                HAL_I2C_MspInit
 .text.HAL_I2C_Init
                0x08005080      0x1bc build/debug/Drivers/STM32F4xx_HAL_Driver/Src/stm32f4xx_hal_i2c.o
                0x08005080                HAL_I2C_Init
 .text.HAL_I2C_MspDeInit
                0x0800523c        0x2 build/debug/Drivers/STM32F4xx_HAL_Driver/Src/stm32f4xx_hal_i2c.o
                0x0800523c                HAL_I2C_MspDeInit
 .text.HAL_I2C_DeInit
                0x0800523e       0x32 build/debug/Drivers/STM32F4xx_HAL_Driver/Src/stm32f4xx_hal_i2c.o
                0x0800523e                HAL_I2C_DeInit
 .text.HAL_I2C_Mem_Write
                0x08005270      0x164 build/debug/Drivers/STM32F4xx_HAL_Driver/Src/stm32f4xx_hal_i2c.o
                0x08005270                HAL_I2C_Mem_Write
 .text.HAL_I2C_Mem_Read
                0x080053d4      0x2f8 build/debug/Drivers/STM32F4xx_HAL_Driver/Src/stm32f4xx_hal_i2c.o
                0x080053d4                HAL_I2C_Mem_Read
 .text.HAL_I2C_GetState
                0x080056cc        0x6 build/debug/Drivers/STM32F4xx_HAL_Driver/Src/stm32f4xx_hal_i2c.o
                0x080056cc                HAL_I2C_GetState
 .text.HAL_I2C_GetError
                0x080056d2        0x4 build/debug/Drivers/STM32F4xx_HAL_Driver/Src/stm32f4xx_hal_i2c.o
                0x080056d2                HAL_I2C_GetError
 *fill*         0x080056d6        0x2 
 .text.HAL_RCC_OscConfig
                0x080056d8      0x3f8 build/debug/Drivers/STM32F4xx_HAL_Driver/Src/stm32f4xx_hal_rcc.o
                0x080056d8                HAL_RCC_OscConfig
 .text.HAL_RCC_GetSysClockFreq
                0x08005ad0       0xdc build/debug/Drivers/STM32F4xx_HAL_Driver/Src/stm32f4xx_hal_rcc.o
                0x08005ad0                HAL_RCC_GetSysClockFreq
 .text.HAL_RCC_ClockConfig
                0x08005bac      0x160 build/debug/Drivers/STM32F4xx_HAL_Driver/Src/stm32f4xx_hal_rcc.o
                0x08005bac                HAL_RCC_ClockConfig
 .text.HAL_RCC_GetHCLKFreq
                0x08005d0c        0xc build/debug/Drivers/STM32F4xx_HAL_Driver/Src/stm32f4xx_hal_rcc.o
                0x08005d0c                HAL_RCC_GetHCLKFreq
 .text.HAL_RCC_GetPCLK1Freq
                0x08005d18       0x20 build/debug/Drivers/STM32F4xx_HAL_Driver/Src/stm32f4xx_hal_rcc.o
                0x08005d18                HAL_RCC_GetPCLK1Freq
 .text.HAL_RCC_GetPCLK2Freq
                0x08005d38       0x20 build/debug/Drivers/STM32F4xx_HAL_Driver/Src/stm32f4xx_hal_rcc.o
                0x08005d38                HAL_RCC_GetPCLK2Freq
 .text.HAL_RCC_GetClockConfig
                0x08005d58       0x3c build/debug/Drivers/STM32F4xx_HAL_Driver/Src/stm32f4xx_hal_rcc.o
                0x08005d58                HAL_RCC_GetClockConfig
 .text.TIM_TI1_ConfigInputStage
                0x08005d94       0x26 build/debug/Drivers/STM32F4xx_HAL_Driver/Src/stm32f4xx_hal_tim.o
 .text.TIM_TI2_ConfigInputStage
                0x08005dba       0x28 build/debug/Drivers/STM32F4xx_HAL_Driver/Src/stm32f4xx_hal_tim.o
 .text.TIM_ITRx_SetConfig
                0x08005de2       0x10 build/debug/Drivers/STM32F4xx_HAL_Driver/Src/stm32f4xx_hal_tim.o
 *fill*         0x08005df2        0x2 
 .text.HAL_TIM_Base_Start_IT
                0x08005df4       0x78 build/debug/Drivers/STM32F4xx_HAL_Driver/Src/stm32f4xx_hal_tim.o
                0x08005df4                HAL_TIM_Base_Start_IT
 .text.HAL_TIM_OC_DelayElapsedCallback
                0x08005e6c        0x2 build/debug/Drivers/STM32F4xx_HAL_Driver/Src/stm32f4xx_hal_tim.o
                0x08005e6c                HAL_TIM_OC_DelayElapsedCallback
 .text.HAL_TIM_IC_CaptureCallback
                0x08005e6e        0x2 build/debug/Drivers/STM32F4xx_HAL_Driver/Src/stm32f4xx_hal_tim.o
                0x08005e6e                HAL_TIM_IC_CaptureCallback
 .text.HAL_TIM_PWM_PulseFinishedCallback
                0x08005e70        0x2 build/debug/Drivers/STM32F4xx_HAL_Driver/Src/stm32f4xx_hal_tim.o
                0x08005e70                HAL_TIM_PWM_PulseFinishedCallback
 .text.HAL_TIM_TriggerCallback
                0x08005e72        0x2 build/debug/Drivers/STM32F4xx_HAL_Driver/Src/stm32f4xx_hal_tim.o
                0x08005e72                HAL_TIM_TriggerCallback
 .text.HAL_TIM_IRQHandler
                0x08005e74      0x15e build/debug/Drivers/STM32F4xx_HAL_Driver/Src/stm32f4xx_hal_tim.o
                0x08005e74                HAL_TIM_IRQHandler
 *fill*         0x08005fd2        0x2 
 .text.TIM_Base_SetConfig
                0x08005fd4       0xac build/debug/Drivers/STM32F4xx_HAL_Driver/Src/stm32f4xx_hal_tim.o
                0x08005fd4                TIM_Base_SetConfig
 .text.HAL_TIM_Base_Init
                0x08006080       0x58 build/debug/Drivers/STM32F4xx_HAL_Driver/Src/stm32f4xx_hal_tim.o
                0x08006080                HAL_TIM_Base_Init
 .text.TIM_ETR_SetConfig
                0x080060d8       0x1a build/debug/Drivers/STM32F4xx_HAL_Driver/Src/stm32f4xx_hal_tim.o
                0x080060d8                TIM_ETR_SetConfig
 .text.HAL_TIM_ConfigClockSource
                0x080060f2       0xfe build/debug/Drivers/STM32F4xx_HAL_Driver/Src/stm32f4xx_hal_tim.o
                0x080060f2                HAL_TIM_ConfigClockSource
 .text.HAL_TIMEx_MasterConfigSynchronization
                0x080061f0       0x7c build/debug/Drivers/STM32F4xx_HAL_Driver/Src/stm32f4xx_hal_tim_ex.o
                0x080061f0                HAL_TIMEx_MasterConfigSynchronization
 .text.HAL_TIMEx_CommutCallback
                0x0800626c        0x2 build/debug/Drivers/STM32F4xx_HAL_Driver/Src/stm32f4xx_hal_tim_ex.o
                0x0800626c                HAL_TIMEx_CommutCallback
 .text.HAL_TIMEx_BreakCallback
                0x0800626e        0x2 build/debug/Drivers/STM32F4xx_HAL_Driver/Src/stm32f4xx_hal_tim_ex.o
                0x0800626e                HAL_TIMEx_BreakCallback
 .text.UART_EndTxTransfer
                0x08006270       0x20 build/debug/Drivers/STM32F4xx_HAL_Driver/Src/stm32f4xx_hal_uart.o
 .text.UART_EndRxTransfer
                0x08006290       0x5c build/debug/Drivers/STM32F4xx_HAL_Driver/Src/stm32f4xx_hal_uart.o
 .text.UART_SetConfig
                0x080062ec      0x110 build/debug/Drivers/STM32F4xx_HAL_Driver/Src/stm32f4xx_hal_uart.o
 .text.UART_WaitOnFlagUntilTimeout
                0x080063fc       0x86 build/debug/Drivers/STM32F4xx_HAL_Driver/Src/stm32f4xx_hal_uart.o
 .text.HAL_UART_MspInit
                0x08006482        0x2 build/debug/Drivers/STM32F4xx_HAL_Driver/Src/stm32f4xx_hal_uart.o
                0x08006482                HAL_UART_MspInit
 .text.HAL_UART_Init
                0x08006484       0x60 build/debug/Drivers/STM32F4xx_HAL_Driver/Src/stm32f4xx_hal_uart.o
                0x08006484                HAL_UART_Init
 .text.HAL_UART_Transmit
                0x080064e4       0xcc build/debug/Drivers/STM32F4xx_HAL_Driver/Src/stm32f4xx_hal_uart.o
                0x080064e4                HAL_UART_Transmit
 .text.HAL_UART_RxCpltCallback
                0x080065b0        0x2 build/debug/Drivers/STM32F4xx_HAL_Driver/Src/stm32f4xx_hal_uart.o
                0x080065b0                HAL_UART_RxCpltCallback
 .text.HAL_UART_RxHalfCpltCallback
                0x080065b2        0x2 build/debug/Drivers/STM32F4xx_HAL_Driver/Src/stm32f4xx_hal_uart.o
                0x080065b2                HAL_UART_RxHalfCpltCallback
 .text.HAL_UART_ErrorCallback
                0x080065b4        0x2 build/debug/Drivers/STM32F4xx_HAL_Driver/Src/stm32f4xx_hal_uart.o
                0x080065b4                HAL_UART_ErrorCallback
 .text.UART_DMAError
                0x080065b6       0x58 build/debug/Drivers/STM32F4xx_HAL_Driver/Src/stm32f4xx_hal_uart.o
 .text.HAL_UARTEx_RxEventCallback
                0x0800660e        0x2 build/debug/Drivers/STM32F4xx_HAL_Driver/Src/stm32f4xx_hal_uart.o
                0x0800660e                HAL_UARTEx_RxEventCallback
 .text.UART_DMARxHalfCplt
                0x08006610       0x1e build/debug/Drivers/STM32F4xx_HAL_Driver/Src/stm32f4xx_hal_uart.o
 .text.UART_DMAReceiveCplt
                0x0800662e       0x9a build/debug/Drivers/STM32F4xx_HAL_Driver/Src/stm32f4xx_hal_uart.o
 .text.UART_Start_Receive_DMA
                0x080066c8       0xa4 build/debug/Drivers/STM32F4xx_HAL_Driver/Src/stm32f4xx_hal_uart.o
                0x080066c8                UART_Start_Receive_DMA
 .text.HAL_UART_Receive_DMA
                0x0800676c       0x26 build/debug/Drivers/STM32F4xx_HAL_Driver/Src/stm32f4xx_hal_uart.o
                0x0800676c                HAL_UART_Receive_DMA
 *fill*         0x08006792        0x6 
 .text.floatToInt
                0x08006798       0xc4 build/debug/MEMS/App/app_mems.o
 .text.MX_IKS02A1_DataLogTerminal_Init
                0x0800685c      0x12c build/debug/MEMS/App/app_mems.o
 .text.MX_MEMS_Init
                0x08006988        0x8 build/debug/MEMS/App/app_mems.o
                0x08006988                MX_MEMS_Init
 .text.BSP_PB_Callback
                0x08006990        0xc build/debug/MEMS/App/app_mems.o
                0x08006990                BSP_PB_Callback
 .text.Reset_Handler
                0x0800699c       0x50 build/debug/startup_stm32f411xe.o
                0x0800699c                Reset_Handler
 .text.Default_Handler
                0x080069ec        0x2 build/debug/startup_stm32f411xe.o
                0x080069ec                RTC_Alarm_IRQHandler
                0x080069ec                EXTI2_IRQHandler
                0x080069ec                SPI4_IRQHandler
                0x080069ec                TIM1_CC_IRQHandler
                0x080069ec                DMA2_Stream5_IRQHandler
                0x080069ec                PVD_IRQHandler
                0x080069ec                SDIO_IRQHandler
                0x080069ec                TAMP_STAMP_IRQHandler
                0x080069ec                EXTI3_IRQHandler
                0x080069ec                I2C3_ER_IRQHandler
                0x080069ec                EXTI0_IRQHandler
                0x080069ec                I2C2_EV_IRQHandler
                0x080069ec                DMA1_Stream2_IRQHandler
                0x080069ec                FPU_IRQHandler
                0x080069ec                DMA2_Stream2_IRQHandler
                0x080069ec                SPI1_IRQHandler
                0x080069ec                TIM1_BRK_TIM9_IRQHandler
                0x080069ec                DMA2_Stream3_IRQHandler
                0x080069ec                USART6_IRQHandler
                0x080069ec                DMA2_Stream0_IRQHandler
                0x080069ec                TIM4_IRQHandler
                0x080069ec                I2C1_EV_IRQHandler
                0x080069ec                DMA1_Stream6_IRQHandler
                0x080069ec                DMA1_Stream1_IRQHandler
                0x080069ec                TIM3_IRQHandler
                0x080069ec                RCC_IRQHandler
                0x080069ec                Default_Handler
                0x080069ec                ADC_IRQHandler
                0x080069ec                DMA1_Stream7_IRQHandler
                0x080069ec                SPI5_IRQHandler
                0x080069ec                TIM5_IRQHandler
                0x080069ec                DMA2_Stream7_IRQHandler
                0x080069ec                I2C3_EV_IRQHandler
                0x080069ec                EXTI9_5_IRQHandler
                0x080069ec                RTC_WKUP_IRQHandler
                0x080069ec                SPI2_IRQHandler
                0x080069ec                DMA1_Stream0_IRQHandler
                0x080069ec                EXTI4_IRQHandler
                0x080069ec                WWDG_IRQHandler
                0x080069ec                OTG_FS_WKUP_IRQHandler
                0x080069ec                TIM1_TRG_COM_TIM11_IRQHandler
                0x080069ec                EXTI1_IRQHandler
                0x080069ec                USART2_IRQHandler
                0x080069ec                I2C2_ER_IRQHandler
                0x080069ec                DMA2_Stream1_IRQHandler
                0x080069ec                FLASH_IRQHandler
                0x080069ec                DMA2_Stream4_IRQHandler
                0x080069ec                USART1_IRQHandler
                0x080069ec                OTG_FS_IRQHandler
                0x080069ec                SPI3_IRQHandler
                0x080069ec                DMA1_Stream4_IRQHandler
                0x080069ec                I2C1_ER_IRQHandler
                0x080069ec                DMA2_Stream6_IRQHandler
                0x080069ec                DMA1_Stream3_IRQHandler
 *fill*         0x080069ee        0x2 
 .text.std      0x080069f0       0x6c c:/users/jessejabezarendse/appdata/roaming/code/user/globalstorage/bmd.stm32-for-vscode/@xpack-dev-tools/arm-none-eabi-gcc/12.3.1-1.2.1/.content/bin/../lib/gcc/arm-none-eabi/12.3.1/../../../../arm-none-eabi/lib/thumb/v7e-m+fp/hard\libc_nano.a(libc_a-findfp.o)
 .text.stdio_exit_handler
                0x08006a5c       0x18 c:/users/jessejabezarendse/appdata/roaming/code/user/globalstorage/bmd.stm32-for-vscode/@xpack-dev-tools/arm-none-eabi-gcc/12.3.1-1.2.1/.content/bin/../lib/gcc/arm-none-eabi/12.3.1/../../../../arm-none-eabi/lib/thumb/v7e-m+fp/hard\libc_nano.a(libc_a-findfp.o)
 .text.cleanup_stdio
                0x08006a74       0x40 c:/users/jessejabezarendse/appdata/roaming/code/user/globalstorage/bmd.stm32-for-vscode/@xpack-dev-tools/arm-none-eabi-gcc/12.3.1-1.2.1/.content/bin/../lib/gcc/arm-none-eabi/12.3.1/../../../../arm-none-eabi/lib/thumb/v7e-m+fp/hard\libc_nano.a(libc_a-findfp.o)
 .text.global_stdio_init.part.0
                0x08006ab4       0x3c c:/users/jessejabezarendse/appdata/roaming/code/user/globalstorage/bmd.stm32-for-vscode/@xpack-dev-tools/arm-none-eabi-gcc/12.3.1-1.2.1/.content/bin/../lib/gcc/arm-none-eabi/12.3.1/../../../../arm-none-eabi/lib/thumb/v7e-m+fp/hard\libc_nano.a(libc_a-findfp.o)
 .text.__sfp_lock_acquire
                0x08006af0        0xc c:/users/jessejabezarendse/appdata/roaming/code/user/globalstorage/bmd.stm32-for-vscode/@xpack-dev-tools/arm-none-eabi-gcc/12.3.1-1.2.1/.content/bin/../lib/gcc/arm-none-eabi/12.3.1/../../../../arm-none-eabi/lib/thumb/v7e-m+fp/hard\libc_nano.a(libc_a-findfp.o)
                0x08006af0                __sfp_lock_acquire
 .text.__sfp_lock_release
                0x08006afc        0xc c:/users/jessejabezarendse/appdata/roaming/code/user/globalstorage/bmd.stm32-for-vscode/@xpack-dev-tools/arm-none-eabi-gcc/12.3.1-1.2.1/.content/bin/../lib/gcc/arm-none-eabi/12.3.1/../../../../arm-none-eabi/lib/thumb/v7e-m+fp/hard\libc_nano.a(libc_a-findfp.o)
                0x08006afc                __sfp_lock_release
 .text.__sinit  0x08006b08       0x30 c:/users/jessejabezarendse/appdata/roaming/code/user/globalstorage/bmd.stm32-for-vscode/@xpack-dev-tools/arm-none-eabi-gcc/12.3.1-1.2.1/.content/bin/../lib/gcc/arm-none-eabi/12.3.1/../../../../arm-none-eabi/lib/thumb/v7e-m+fp/hard\libc_nano.a(libc_a-findfp.o)
                0x08006b08                __sinit
 .text._fwalk_sglue
                0x08006b38       0x3c c:/users/jessejabezarendse/appdata/roaming/code/user/globalstorage/bmd.stm32-for-vscode/@xpack-dev-tools/arm-none-eabi-gcc/12.3.1-1.2.1/.content/bin/../lib/gcc/arm-none-eabi/12.3.1/../../../../arm-none-eabi/lib/thumb/v7e-m+fp/hard\libc_nano.a(libc_a-fwalk.o)
                0x08006b38                _fwalk_sglue
 .text.printf   0x08006b74       0x24 c:/users/jessejabezarendse/appdata/roaming/code/user/globalstorage/bmd.stm32-for-vscode/@xpack-dev-tools/arm-none-eabi-gcc/12.3.1-1.2.1/.content/bin/../lib/gcc/arm-none-eabi/12.3.1/../../../../arm-none-eabi/lib/thumb/v7e-m+fp/hard\libc_nano.a(libc_a-printf.o)
                0x08006b74                iprintf
                0x08006b74                printf
 .text.snprintf
                0x08006b98       0x68 c:/users/jessejabezarendse/appdata/roaming/code/user/globalstorage/bmd.stm32-for-vscode/@xpack-dev-tools/arm-none-eabi-gcc/12.3.1-1.2.1/.content/bin/../lib/gcc/arm-none-eabi/12.3.1/../../../../arm-none-eabi/lib/thumb/v7e-m+fp/hard\libc_nano.a(libc_a-snprintf.o)
                0x08006b98                sniprintf
                0x08006b98                snprintf
 .text.__sread  0x08006c00       0x22 c:/users/jessejabezarendse/appdata/roaming/code/user/globalstorage/bmd.stm32-for-vscode/@xpack-dev-tools/arm-none-eabi-gcc/12.3.1-1.2.1/.content/bin/../lib/gcc/arm-none-eabi/12.3.1/../../../../arm-none-eabi/lib/thumb/v7e-m+fp/hard\libc_nano.a(libc_a-stdio.o)
                0x08006c00                __sread
 .text.__swrite
                0x08006c22       0x38 c:/users/jessejabezarendse/appdata/roaming/code/user/globalstorage/bmd.stm32-for-vscode/@xpack-dev-tools/arm-none-eabi-gcc/12.3.1-1.2.1/.content/bin/../lib/gcc/arm-none-eabi/12.3.1/../../../../arm-none-eabi/lib/thumb/v7e-m+fp/hard\libc_nano.a(libc_a-stdio.o)
                0x08006c22                __swrite
 .text.__sseek  0x08006c5a       0x24 c:/users/jessejabezarendse/appdata/roaming/code/user/globalstorage/bmd.stm32-for-vscode/@xpack-dev-tools/arm-none-eabi-gcc/12.3.1-1.2.1/.content/bin/../lib/gcc/arm-none-eabi/12.3.1/../../../../arm-none-eabi/lib/thumb/v7e-m+fp/hard\libc_nano.a(libc_a-stdio.o)
                0x08006c5a                __sseek
 .text.__sclose
                0x08006c7e        0x8 c:/users/jessejabezarendse/appdata/roaming/code/user/globalstorage/bmd.stm32-for-vscode/@xpack-dev-tools/arm-none-eabi-gcc/12.3.1-1.2.1/.content/bin/../lib/gcc/arm-none-eabi/12.3.1/../../../../arm-none-eabi/lib/thumb/v7e-m+fp/hard\libc_nano.a(libc_a-stdio.o)
                0x08006c7e                __sclose
 .text.memset   0x08006c86       0x10 c:/users/jessejabezarendse/appdata/roaming/code/user/globalstorage/bmd.stm32-for-vscode/@xpack-dev-tools/arm-none-eabi-gcc/12.3.1-1.2.1/.content/bin/../lib/gcc/arm-none-eabi/12.3.1/../../../../arm-none-eabi/lib/thumb/v7e-m+fp/hard\libc_nano.a(libc_a-memset.o)
                0x08006c86                memset
 *fill*         0x08006c96        0x2 
 .text._close_r
                0x08006c98       0x20 c:/users/jessejabezarendse/appdata/roaming/code/user/globalstorage/bmd.stm32-for-vscode/@xpack-dev-tools/arm-none-eabi-gcc/12.3.1-1.2.1/.content/bin/../lib/gcc/arm-none-eabi/12.3.1/../../../../arm-none-eabi/lib/thumb/v7e-m+fp/hard\libc_nano.a(libc_a-closer.o)
                0x08006c98                _close_r
 .text._lseek_r
                0x08006cb8       0x24 c:/users/jessejabezarendse/appdata/roaming/code/user/globalstorage/bmd.stm32-for-vscode/@xpack-dev-tools/arm-none-eabi-gcc/12.3.1-1.2.1/.content/bin/../lib/gcc/arm-none-eabi/12.3.1/../../../../arm-none-eabi/lib/thumb/v7e-m+fp/hard\libc_nano.a(libc_a-lseekr.o)
                0x08006cb8                _lseek_r
 .text._read_r  0x08006cdc       0x24 c:/users/jessejabezarendse/appdata/roaming/code/user/globalstorage/bmd.stm32-for-vscode/@xpack-dev-tools/arm-none-eabi-gcc/12.3.1-1.2.1/.content/bin/../lib/gcc/arm-none-eabi/12.3.1/../../../../arm-none-eabi/lib/thumb/v7e-m+fp/hard\libc_nano.a(libc_a-readr.o)
                0x08006cdc                _read_r
 .text._write_r
                0x08006d00       0x24 c:/users/jessejabezarendse/appdata/roaming/code/user/globalstorage/bmd.stm32-for-vscode/@xpack-dev-tools/arm-none-eabi-gcc/12.3.1-1.2.1/.content/bin/../lib/gcc/arm-none-eabi/12.3.1/../../../../arm-none-eabi/lib/thumb/v7e-m+fp/hard\libc_nano.a(libc_a-writer.o)
                0x08006d00                _write_r
 .text.__errno  0x08006d24        0xc c:/users/jessejabezarendse/appdata/roaming/code/user/globalstorage/bmd.stm32-for-vscode/@xpack-dev-tools/arm-none-eabi-gcc/12.3.1-1.2.1/.content/bin/../lib/gcc/arm-none-eabi/12.3.1/../../../../arm-none-eabi/lib/thumb/v7e-m+fp/hard\libc_nano.a(libc_a-errno.o)
                0x08006d24                __errno
 .text.__libc_init_array
                0x08006d30       0x48 c:/users/jessejabezarendse/appdata/roaming/code/user/globalstorage/bmd.stm32-for-vscode/@xpack-dev-tools/arm-none-eabi-gcc/12.3.1-1.2.1/.content/bin/../lib/gcc/arm-none-eabi/12.3.1/../../../../arm-none-eabi/lib/thumb/v7e-m+fp/hard\libc_nano.a(libc_a-init.o)
                0x08006d30                __libc_init_array
 .text.__retarget_lock_init_recursive
                0x08006d78        0x2 c:/users/jessejabezarendse/appdata/roaming/code/user/globalstorage/bmd.stm32-for-vscode/@xpack-dev-tools/arm-none-eabi-gcc/12.3.1-1.2.1/.content/bin/../lib/gcc/arm-none-eabi/12.3.1/../../../../arm-none-eabi/lib/thumb/v7e-m+fp/hard\libc_nano.a(libc_a-lock.o)
                0x08006d78                __retarget_lock_init_recursive
 .text.__retarget_lock_acquire_recursive
                0x08006d7a        0x2 c:/users/jessejabezarendse/appdata/roaming/code/user/globalstorage/bmd.stm32-for-vscode/@xpack-dev-tools/arm-none-eabi-gcc/12.3.1-1.2.1/.content/bin/../lib/gcc/arm-none-eabi/12.3.1/../../../../arm-none-eabi/lib/thumb/v7e-m+fp/hard\libc_nano.a(libc_a-lock.o)
                0x08006d7a                __retarget_lock_acquire_recursive
 .text.__retarget_lock_release_recursive
                0x08006d7c        0x2 c:/users/jessejabezarendse/appdata/roaming/code/user/globalstorage/bmd.stm32-for-vscode/@xpack-dev-tools/arm-none-eabi-gcc/12.3.1-1.2.1/.content/bin/../lib/gcc/arm-none-eabi/12.3.1/../../../../arm-none-eabi/lib/thumb/v7e-m+fp/hard\libc_nano.a(libc_a-lock.o)
                0x08006d7c                __retarget_lock_release_recursive
 *fill*         0x08006d7e        0x2 
 .text._free_r  0x08006d80       0x94 c:/users/jessejabezarendse/appdata/roaming/code/user/globalstorage/bmd.stm32-for-vscode/@xpack-dev-tools/arm-none-eabi-gcc/12.3.1-1.2.1/.content/bin/../lib/gcc/arm-none-eabi/12.3.1/../../../../arm-none-eabi/lib/thumb/v7e-m+fp/hard\libc_nano.a(libc_a-freer.o)
                0x08006d80                _free_r
 .text.sbrk_aligned
                0x08006e14       0x44 c:/users/jessejabezarendse/appdata/roaming/code/user/globalstorage/bmd.stm32-for-vscode/@xpack-dev-tools/arm-none-eabi-gcc/12.3.1-1.2.1/.content/bin/../lib/gcc/arm-none-eabi/12.3.1/../../../../arm-none-eabi/lib/thumb/v7e-m+fp/hard\libc_nano.a(libc_a-mallocr.o)
 .text._malloc_r
                0x08006e58      0x100 c:/users/jessejabezarendse/appdata/roaming/code/user/globalstorage/bmd.stm32-for-vscode/@xpack-dev-tools/arm-none-eabi-gcc/12.3.1-1.2.1/.content/bin/../lib/gcc/arm-none-eabi/12.3.1/../../../../arm-none-eabi/lib/thumb/v7e-m+fp/hard\libc_nano.a(libc_a-mallocr.o)
                0x08006e58                _malloc_r
 .text.__malloc_lock
                0x08006f58        0xc c:/users/jessejabezarendse/appdata/roaming/code/user/globalstorage/bmd.stm32-for-vscode/@xpack-dev-tools/arm-none-eabi-gcc/12.3.1-1.2.1/.content/bin/../lib/gcc/arm-none-eabi/12.3.1/../../../../arm-none-eabi/lib/thumb/v7e-m+fp/hard\libc_nano.a(libc_a-mlock.o)
                0x08006f58                __malloc_lock
 .text.__malloc_unlock
                0x08006f64        0xc c:/users/jessejabezarendse/appdata/roaming/code/user/globalstorage/bmd.stm32-for-vscode/@xpack-dev-tools/arm-none-eabi-gcc/12.3.1-1.2.1/.content/bin/../lib/gcc/arm-none-eabi/12.3.1/../../../../arm-none-eabi/lib/thumb/v7e-m+fp/hard\libc_nano.a(libc_a-mlock.o)
                0x08006f64                __malloc_unlock
 .text.__ssputs_r
                0x08006f70       0xb6 c:/users/jessejabezarendse/appdata/roaming/code/user/globalstorage/bmd.stm32-for-vscode/@xpack-dev-tools/arm-none-eabi-gcc/12.3.1-1.2.1/.content/bin/../lib/gcc/arm-none-eabi/12.3.1/../../../../arm-none-eabi/lib/thumb/v7e-m+fp/hard\libc_nano.a(libc_a-nano-svfprintf.o)
                0x08006f70                __ssputs_r
 *fill*         0x08007026        0x2 
 .text._svfprintf_r
                0x08007028      0x1f8 c:/users/jessejabezarendse/appdata/roaming/code/user/globalstorage/bmd.stm32-for-vscode/@xpack-dev-tools/arm-none-eabi-gcc/12.3.1-1.2.1/.content/bin/../lib/gcc/arm-none-eabi/12.3.1/../../../../arm-none-eabi/lib/thumb/v7e-m+fp/hard\libc_nano.a(libc_a-nano-svfprintf.o)
                0x08007028                _svfiprintf_r
                0x08007028                _svfprintf_r
 .text.__sfputc_r
                0x08007220       0x2e c:/users/jessejabezarendse/appdata/roaming/code/user/globalstorage/bmd.stm32-for-vscode/@xpack-dev-tools/arm-none-eabi-gcc/12.3.1-1.2.1/.content/bin/../lib/gcc/arm-none-eabi/12.3.1/../../../../arm-none-eabi/lib/thumb/v7e-m+fp/hard\libc_nano.a(libc_a-nano-vfprintf.o)
 .text.__sfputs_r
                0x0800724e       0x24 c:/users/jessejabezarendse/appdata/roaming/code/user/globalstorage/bmd.stm32-for-vscode/@xpack-dev-tools/arm-none-eabi-gcc/12.3.1-1.2.1/.content/bin/../lib/gcc/arm-none-eabi/12.3.1/../../../../arm-none-eabi/lib/thumb/v7e-m+fp/hard\libc_nano.a(libc_a-nano-vfprintf.o)
                0x0800724e                __sfputs_r
 *fill*         0x08007272        0x2 
 .text._vfprintf_r
                0x08007274      0x230 c:/users/jessejabezarendse/appdata/roaming/code/user/globalstorage/bmd.stm32-for-vscode/@xpack-dev-tools/arm-none-eabi-gcc/12.3.1-1.2.1/.content/bin/../lib/gcc/arm-none-eabi/12.3.1/../../../../arm-none-eabi/lib/thumb/v7e-m+fp/hard\libc_nano.a(libc_a-nano-vfprintf.o)
                0x08007274                _vfprintf_r
                0x08007274                _vfiprintf_r
 .text._printf_common
                0x080074a4       0xda c:/users/jessejabezarendse/appdata/roaming/code/user/globalstorage/bmd.stm32-for-vscode/@xpack-dev-tools/arm-none-eabi-gcc/12.3.1-1.2.1/.content/bin/../lib/gcc/arm-none-eabi/12.3.1/../../../../arm-none-eabi/lib/thumb/v7e-m+fp/hard\libc_nano.a(libc_a-nano-vfprintf_i.o)
                0x080074a4                _printf_common
 *fill*         0x0800757e        0x2 
 .text._printf_i
                0x08007580      0x258 c:/users/jessejabezarendse/appdata/roaming/code/user/globalstorage/bmd.stm32-for-vscode/@xpack-dev-tools/arm-none-eabi-gcc/12.3.1-1.2.1/.content/bin/../lib/gcc/arm-none-eabi/12.3.1/../../../../arm-none-eabi/lib/thumb/v7e-m+fp/hard\libc_nano.a(libc_a-nano-vfprintf_i.o)
                0x08007580                _printf_i
 .text.__sflush_r
                0x080077d8      0x108 c:/users/jessejabezarendse/appdata/roaming/code/user/globalstorage/bmd.stm32-for-vscode/@xpack-dev-tools/arm-none-eabi-gcc/12.3.1-1.2.1/.content/bin/../lib/gcc/arm-none-eabi/12.3.1/../../../../arm-none-eabi/lib/thumb/v7e-m+fp/hard\libc_nano.a(libc_a-fflush.o)
                0x080077d8                __sflush_r
 .text._fflush_r
                0x080078e0       0x50 c:/users/jessejabezarendse/appdata/roaming/code/user/globalstorage/bmd.stm32-for-vscode/@xpack-dev-tools/arm-none-eabi-gcc/12.3.1-1.2.1/.content/bin/../lib/gcc/arm-none-eabi/12.3.1/../../../../arm-none-eabi/lib/thumb/v7e-m+fp/hard\libc_nano.a(libc_a-fflush.o)
                0x080078e0                _fflush_r
 .text.__swbuf_r
                0x08007930       0x7c c:/users/jessejabezarendse/appdata/roaming/code/user/globalstorage/bmd.stm32-for-vscode/@xpack-dev-tools/arm-none-eabi-gcc/12.3.1-1.2.1/.content/bin/../lib/gcc/arm-none-eabi/12.3.1/../../../../arm-none-eabi/lib/thumb/v7e-m+fp/hard\libc_nano.a(libc_a-wbuf.o)
                0x08007930                __swbuf_r
 .text.__swsetup_r
                0x080079ac       0xac c:/users/jessejabezarendse/appdata/roaming/code/user/globalstorage/bmd.stm32-for-vscode/@xpack-dev-tools/arm-none-eabi-gcc/12.3.1-1.2.1/.content/bin/../lib/gcc/arm-none-eabi/12.3.1/../../../../arm-none-eabi/lib/thumb/v7e-m+fp/hard\libc_nano.a(libc_a-wsetup.o)
                0x080079ac                __swsetup_r
 .text.memmove  0x08007a58       0x34 c:/users/jessejabezarendse/appdata/roaming/code/user/globalstorage/bmd.stm32-for-vscode/@xpack-dev-tools/arm-none-eabi-gcc/12.3.1-1.2.1/.content/bin/../lib/gcc/arm-none-eabi/12.3.1/../../../../arm-none-eabi/lib/thumb/v7e-m+fp/hard\libc_nano.a(libc_a-memmove.o)
                0x08007a58                memmove
 .text._sbrk_r  0x08007a8c       0x20 c:/users/jessejabezarendse/appdata/roaming/code/user/globalstorage/bmd.stm32-for-vscode/@xpack-dev-tools/arm-none-eabi-gcc/12.3.1-1.2.1/.content/bin/../lib/gcc/arm-none-eabi/12.3.1/../../../../arm-none-eabi/lib/thumb/v7e-m+fp/hard\libc_nano.a(libc_a-sbrkr.o)
                0x08007a8c                _sbrk_r
 .text.memcpy   0x08007aac       0x1c c:/users/jessejabezarendse/appdata/roaming/code/user/globalstorage/bmd.stm32-for-vscode/@xpack-dev-tools/arm-none-eabi-gcc/12.3.1-1.2.1/.content/bin/../lib/gcc/arm-none-eabi/12.3.1/../../../../arm-none-eabi/lib/thumb/v7e-m+fp/hard\libc_nano.a(libc_a-memcpy-stub.o)
                0x08007aac                memcpy
 .text._realloc_r
                0x08007ac8       0x5c c:/users/jessejabezarendse/appdata/roaming/code/user/globalstorage/bmd.stm32-for-vscode/@xpack-dev-tools/arm-none-eabi-gcc/12.3.1-1.2.1/.content/bin/../lib/gcc/arm-none-eabi/12.3.1/../../../../arm-none-eabi/lib/thumb/v7e-m+fp/hard\libc_nano.a(libc_a-reallocr.o)
                0x08007ac8                _realloc_r
 .text.__swhatbuf_r
                0x08007b24       0x4c c:/users/jessejabezarendse/appdata/roaming/code/user/globalstorage/bmd.stm32-for-vscode/@xpack-dev-tools/arm-none-eabi-gcc/12.3.1-1.2.1/.content/bin/../lib/gcc/arm-none-eabi/12.3.1/../../../../arm-none-eabi/lib/thumb/v7e-m+fp/hard\libc_nano.a(libc_a-makebuf.o)
                0x08007b24                __swhatbuf_r
 .text.__smakebuf_r
                0x08007b70       0x78 c:/users/jessejabezarendse/appdata/roaming/code/user/globalstorage/bmd.stm32-for-vscode/@xpack-dev-tools/arm-none-eabi-gcc/12.3.1-1.2.1/.content/bin/../lib/gcc/arm-none-eabi/12.3.1/../../../../arm-none-eabi/lib/thumb/v7e-m+fp/hard\libc_nano.a(libc_a-makebuf.o)
                0x08007b70                __smakebuf_r
 .text._fstat_r
                0x08007be8       0x24 c:/users/jessejabezarendse/appdata/roaming/code/user/globalstorage/bmd.stm32-for-vscode/@xpack-dev-tools/arm-none-eabi-gcc/12.3.1-1.2.1/.content/bin/../lib/gcc/arm-none-eabi/12.3.1/../../../../arm-none-eabi/lib/thumb/v7e-m+fp/hard\libc_nano.a(libc_a-fstatr.o)
                0x08007be8                _fstat_r
 .text._isatty_r
                0x08007c0c       0x20 c:/users/jessejabezarendse/appdata/roaming/code/user/globalstorage/bmd.stm32-for-vscode/@xpack-dev-tools/arm-none-eabi-gcc/12.3.1-1.2.1/.content/bin/../lib/gcc/arm-none-eabi/12.3.1/../../../../arm-none-eabi/lib/thumb/v7e-m+fp/hard\libc_nano.a(libc_a-isattyr.o)
                0x08007c0c                _isatty_r
 .text._malloc_usable_size_r
                0x08007c2c       0x10 c:/users/jessejabezarendse/appdata/roaming/code/user/globalstorage/bmd.stm32-for-vscode/@xpack-dev-tools/arm-none-eabi-gcc/12.3.1-1.2.1/.content/bin/../lib/gcc/arm-none-eabi/12.3.1/../../../../arm-none-eabi/lib/thumb/v7e-m+fp/hard\libc_nano.a(libc_a-msizer.o)
                0x08007c2c                _malloc_usable_size_r
 *fill*         0x08007c3c        0x4 
 .text.pow      0x08007c40       0xf0 c:/users/jessejabezarendse/appdata/roaming/code/user/globalstorage/bmd.stm32-for-vscode/@xpack-dev-tools/arm-none-eabi-gcc/12.3.1-1.2.1/.content/bin/../lib/gcc/arm-none-eabi/12.3.1/../../../../arm-none-eabi/lib/thumb/v7e-m+fp/hard\libm.a(libm_a-w_pow.o)
                0x08007c40                pow
 .text.finite   0x08007d30       0x18 c:/users/jessejabezarendse/appdata/roaming/code/user/globalstorage/bmd.stm32-for-vscode/@xpack-dev-tools/arm-none-eabi-gcc/12.3.1-1.2.1/.content/bin/../lib/gcc/arm-none-eabi/12.3.1/../../../../arm-none-eabi/lib/thumb/v7e-m+fp/hard\libm.a(libm_a-s_finite.o)
                0x08007d30                finite
 .text.__ieee754_pow
                0x08007d48      0xbec c:/users/jessejabezarendse/appdata/roaming/code/user/globalstorage/bmd.stm32-for-vscode/@xpack-dev-tools/arm-none-eabi-gcc/12.3.1-1.2.1/.content/bin/../lib/gcc/arm-none-eabi/12.3.1/../../../../arm-none-eabi/lib/thumb/v7e-m+fp/hard\libm.a(libm_a-e_pow.o)
                0x08007d48                __ieee754_pow
 .text.fabs     0x08008934       0x10 c:/users/jessejabezarendse/appdata/roaming/code/user/globalstorage/bmd.stm32-for-vscode/@xpack-dev-tools/arm-none-eabi-gcc/12.3.1-1.2.1/.content/bin/../lib/gcc/arm-none-eabi/12.3.1/../../../../arm-none-eabi/lib/thumb/v7e-m+fp/hard\libm.a(libm_a-s_fabs.o)
                0x08008934                fabs
 *fill*         0x08008944        0x4 
 .text.scalbn   0x08008948      0x114 c:/users/jessejabezarendse/appdata/roaming/code/user/globalstorage/bmd.stm32-for-vscode/@xpack-dev-tools/arm-none-eabi-gcc/12.3.1-1.2.1/.content/bin/../lib/gcc/arm-none-eabi/12.3.1/../../../../arm-none-eabi/lib/thumb/v7e-m+fp/hard\libm.a(libm_a-s_scalbn.o)
                0x08008948                scalbn
 .text.with_errno
                0x08008a5c       0x24 c:/users/jessejabezarendse/appdata/roaming/code/user/globalstorage/bmd.stm32-for-vscode/@xpack-dev-tools/arm-none-eabi-gcc/12.3.1-1.2.1/.content/bin/../lib/gcc/arm-none-eabi/12.3.1/../../../../arm-none-eabi/lib/thumb/v7e-m+fp/hard\libm.a(libm_a-math_err.o)
 .text.xflow    0x08008a80       0x34 c:/users/jessejabezarendse/appdata/roaming/code/user/globalstorage/bmd.stm32-for-vscode/@xpack-dev-tools/arm-none-eabi-gcc/12.3.1-1.2.1/.content/bin/../lib/gcc/arm-none-eabi/12.3.1/../../../../arm-none-eabi/lib/thumb/v7e-m+fp/hard\libm.a(libm_a-math_err.o)
 *fill*         0x08008ab4        0x4 
 .text.__math_uflow
                0x08008ab8       0x10 c:/users/jessejabezarendse/appdata/roaming/code/user/globalstorage/bmd.stm32-for-vscode/@xpack-dev-tools/arm-none-eabi-gcc/12.3.1-1.2.1/.content/bin/../lib/gcc/arm-none-eabi/12.3.1/../../../../arm-none-eabi/lib/thumb/v7e-m+fp/hard\libm.a(libm_a-math_err.o)
                0x08008ab8                __math_uflow
 .text.__math_oflow
                0x08008ac8       0x10 c:/users/jessejabezarendse/appdata/roaming/code/user/globalstorage/bmd.stm32-for-vscode/@xpack-dev-tools/arm-none-eabi-gcc/12.3.1-1.2.1/.content/bin/../lib/gcc/arm-none-eabi/12.3.1/../../../../arm-none-eabi/lib/thumb/v7e-m+fp/hard\libm.a(libm_a-math_err.o)
                0x08008ac8                __math_oflow
 .text.__ieee754_sqrt
                0x08008ad8      0x1f4 c:/users/jessejabezarendse/appdata/roaming/code/user/globalstorage/bmd.stm32-for-vscode/@xpack-dev-tools/arm-none-eabi-gcc/12.3.1-1.2.1/.content/bin/../lib/gcc/arm-none-eabi/12.3.1/../../../../arm-none-eabi/lib/thumb/v7e-m+fp/hard\libm.a(libm_a-e_sqrt.o)
                0x08008ad8                __ieee754_sqrt
 .text.__udivmoddi4
                0x08008ccc      0x2bc c:/users/jessejabezarendse/appdata/roaming/code/user/globalstorage/bmd.stm32-for-vscode/@xpack-dev-tools/arm-none-eabi-gcc/12.3.1-1.2.1/.content/bin/../lib/gcc/arm-none-eabi/12.3.1/thumb/v7e-m+fp/hard\libgcc.a(_udivmoddi4.o)
                0x08008ccc                __udivmoddi4
 *(.glue_7)
 .glue_7        0x08008f88        0x0 linker stubs
 *(.glue_7t)
 .glue_7t       0x08008f88        0x0 linker stubs
 *(.eh_frame)
 .eh_frame      0x08008f88        0x0 c:/users/jessejabezarendse/appdata/roaming/code/user/globalstorage/bmd.stm32-for-vscode/@xpack-dev-tools/arm-none-eabi-gcc/12.3.1-1.2.1/.content/bin/../lib/gcc/arm-none-eabi/12.3.1/thumb/v7e-m+fp/hard/crtbegin.o
 *(.init)
 .init          0x08008f88        0x4 c:/users/jessejabezarendse/appdata/roaming/code/user/globalstorage/bmd.stm32-for-vscode/@xpack-dev-tools/arm-none-eabi-gcc/12.3.1-1.2.1/.content/bin/../lib/gcc/arm-none-eabi/12.3.1/thumb/v7e-m+fp/hard/crti.o
                0x08008f88                _init
 .init          0x08008f8c        0x8 c:/users/jessejabezarendse/appdata/roaming/code/user/globalstorage/bmd.stm32-for-vscode/@xpack-dev-tools/arm-none-eabi-gcc/12.3.1-1.2.1/.content/bin/../lib/gcc/arm-none-eabi/12.3.1/thumb/v7e-m+fp/hard/crtn.o
 *(.fini)
 .fini          0x08008f94        0x4 c:/users/jessejabezarendse/appdata/roaming/code/user/globalstorage/bmd.stm32-for-vscode/@xpack-dev-tools/arm-none-eabi-gcc/12.3.1-1.2.1/.content/bin/../lib/gcc/arm-none-eabi/12.3.1/thumb/v7e-m+fp/hard/crti.o
                0x08008f94                _fini
 .fini          0x08008f98        0x8 c:/users/jessejabezarendse/appdata/roaming/code/user/globalstorage/bmd.stm32-for-vscode/@xpack-dev-tools/arm-none-eabi-gcc/12.3.1-1.2.1/.content/bin/../lib/gcc/arm-none-eabi/12.3.1/thumb/v7e-m+fp/hard/crtn.o
                0x08008fa0                        . = ALIGN (0x4)
                0x08008fa0                        _etext = .

.vfp11_veneer   0x08008fa0        0x0
 .vfp11_veneer  0x08008fa0        0x0 linker stubs

.v4_bx          0x08008fa0        0x0
 .v4_bx         0x08008fa0        0x0 linker stubs

.iplt           0x08008fa0        0x0
 .iplt          0x08008fa0        0x0 c:/users/jessejabezarendse/appdata/roaming/code/user/globalstorage/bmd.stm32-for-vscode/@xpack-dev-tools/arm-none-eabi-gcc/12.3.1-1.2.1/.content/bin/../lib/gcc/arm-none-eabi/12.3.1/thumb/v7e-m+fp/hard/crtbegin.o

.rodata         0x08008fa0      0x168
                0x08008fa0                        . = ALIGN (0x4)
 *(.rodata)
 *(.rodata*)
 .rodata.APBPrescTable
                0x08008fa0        0x8 build/debug/Core/Src/system_stm32f4xx.o
                0x08008fa0                APBPrescTable
 .rodata.AHBPrescTable
                0x08008fa8       0x10 build/debug/Core/Src/system_stm32f4xx.o
                0x08008fa8                AHBPrescTable
 .rodata.FunctionIndex
                0x08008fb8       0x14 build/debug/Drivers/BSP/IKS02A1/iks02a1_motion_sensors.o
 .rodata.flagBitshiftOffset.0
                0x08008fcc        0x8 build/debug/Drivers/STM32F4xx_HAL_Driver/Src/stm32f4xx_hal_dma.o
 .rodata.MX_IKS02A1_DataLogTerminal_Init.str1.4
                0x08008fd4       0xff build/debug/MEMS/App/app_mems.o
 .rodata._svfprintf_r.str1.1
                0x080090d3       0x11 c:/users/jessejabezarendse/appdata/roaming/code/user/globalstorage/bmd.stm32-for-vscode/@xpack-dev-tools/arm-none-eabi-gcc/12.3.1-1.2.1/.content/bin/../lib/gcc/arm-none-eabi/12.3.1/../../../../arm-none-eabi/lib/thumb/v7e-m+fp/hard\libc_nano.a(libc_a-nano-svfprintf.o)
 .rodata._vfprintf_r.str1.1
                0x080090e4       0x11 c:/users/jessejabezarendse/appdata/roaming/code/user/globalstorage/bmd.stm32-for-vscode/@xpack-dev-tools/arm-none-eabi-gcc/12.3.1-1.2.1/.content/bin/../lib/gcc/arm-none-eabi/12.3.1/../../../../arm-none-eabi/lib/thumb/v7e-m+fp/hard\libc_nano.a(libc_a-nano-vfprintf.o)
 .rodata._printf_i.str1.1
                0x080090e4       0x22 c:/users/jessejabezarendse/appdata/roaming/code/user/globalstorage/bmd.stm32-for-vscode/@xpack-dev-tools/arm-none-eabi-gcc/12.3.1-1.2.1/.content/bin/../lib/gcc/arm-none-eabi/12.3.1/../../../../arm-none-eabi/lib/thumb/v7e-m+fp/hard\libc_nano.a(libc_a-nano-vfprintf_i.o)
                0x08009108                        . = ALIGN (0x4)
 *fill*         0x08009106        0x2 

.ARM.extab
 *(.ARM.extab* .gnu.linkonce.armextab.*)

.ARM            0x08009108        0x8
                0x08009108                        __exidx_start = .
 *(.ARM.exidx*)
 .ARM.exidx     0x08009108        0x8 c:/users/jessejabezarendse/appdata/roaming/code/user/globalstorage/bmd.stm32-for-vscode/@xpack-dev-tools/arm-none-eabi-gcc/12.3.1-1.2.1/.content/bin/../lib/gcc/arm-none-eabi/12.3.1/../../../../arm-none-eabi/lib/thumb/v7e-m+fp/hard\libc_nano.a(libc_a-memchr.o)
 .ARM.exidx.text.__udivmoddi4
                0x08009110        0x0 c:/users/jessejabezarendse/appdata/roaming/code/user/globalstorage/bmd.stm32-for-vscode/@xpack-dev-tools/arm-none-eabi-gcc/12.3.1-1.2.1/.content/bin/../lib/gcc/arm-none-eabi/12.3.1/thumb/v7e-m+fp/hard\libgcc.a(_udivmoddi4.o)
                                  0x8 (size before relaxing)
                0x08009110                        __exidx_end = .

.rel.dyn        0x08009110        0x0
 .rel.iplt      0x08009110        0x0 c:/users/jessejabezarendse/appdata/roaming/code/user/globalstorage/bmd.stm32-for-vscode/@xpack-dev-tools/arm-none-eabi-gcc/12.3.1-1.2.1/.content/bin/../lib/gcc/arm-none-eabi/12.3.1/thumb/v7e-m+fp/hard/crtbegin.o

.preinit_array  0x08009110        0x0
                0x08009110                        PROVIDE (__preinit_array_start = .)
 *(.preinit_array*)
                0x08009110                        PROVIDE (__preinit_array_end = .)

.init_array     0x08009110        0x4
                0x08009110                        PROVIDE (__init_array_start = .)
 *(SORT_BY_NAME(.init_array.*))
 *(.init_array*)
 .init_array    0x08009110        0x4 c:/users/jessejabezarendse/appdata/roaming/code/user/globalstorage/bmd.stm32-for-vscode/@xpack-dev-tools/arm-none-eabi-gcc/12.3.1-1.2.1/.content/bin/../lib/gcc/arm-none-eabi/12.3.1/thumb/v7e-m+fp/hard/crtbegin.o
                0x08009114                        PROVIDE (__init_array_end = .)

.fini_array     0x08009114        0x4
                0x08009114                        PROVIDE (__fini_array_start = .)
 *(SORT_BY_NAME(.fini_array.*))
 *(.fini_array*)
 .fini_array    0x08009114        0x4 c:/users/jessejabezarendse/appdata/roaming/code/user/globalstorage/bmd.stm32-for-vscode/@xpack-dev-tools/arm-none-eabi-gcc/12.3.1-1.2.1/.content/bin/../lib/gcc/arm-none-eabi/12.3.1/thumb/v7e-m+fp/hard/crtbegin.o
                0x08009118                        PROVIDE (__fini_array_end = .)
                0x08009118                        _sidata = LOADADDR (.data)

.data           0x20000000      0x150 load address 0x08009118
                0x20000000                        . = ALIGN (0x4)
                0x20000000                        _sdata = .
 *(.data)
 *(.data*)
 .data.terminator
                0x20000000        0x4 build/debug/Core/Src/IKS02A1_Simulink.o
                0x20000000                terminator
 .data.header   0x20000004        0x4 build/debug/Core/Src/IKS02A1_Simulink.o
                0x20000004                header
 .data.SystemCoreClock
                0x20000008        0x4 build/debug/Core/Src/system_stm32f4xx.o
                0x20000008                SystemCoreClock
 .data.IIS2DLPC_ACC_Driver
                0x2000000c       0x24 build/debug/Drivers/BSP/Components/iis2dlpc/iis2dlpc.o
                0x2000000c                IIS2DLPC_ACC_Driver
 .data.IIS2DLPC_COMMON_Driver
                0x20000030       0x10 build/debug/Drivers/BSP/Components/iis2dlpc/iis2dlpc.o
                0x20000030                IIS2DLPC_COMMON_Driver
 .data.IIS2MDC_MAG_Driver
                0x20000040       0x24 build/debug/Drivers/BSP/Components/iis2mdc/iis2mdc.o
                0x20000040                IIS2MDC_MAG_Driver
 .data.IIS2MDC_COMMON_Driver
                0x20000064       0x10 build/debug/Drivers/BSP/Components/iis2mdc/iis2mdc.o
                0x20000064                IIS2MDC_COMMON_Driver
 .data.ISM330DHCX_GYRO_Driver
                0x20000074       0x24 build/debug/Drivers/BSP/Components/ism330dhcx/ism330dhcx.o
                0x20000074                ISM330DHCX_GYRO_Driver
 .data.ISM330DHCX_ACC_Driver
                0x20000098       0x24 build/debug/Drivers/BSP/Components/ism330dhcx/ism330dhcx.o
                0x20000098                ISM330DHCX_ACC_Driver
 .data.ISM330DHCX_COMMON_Driver
                0x200000bc       0x10 build/debug/Drivers/BSP/Components/ism330dhcx/ism330dhcx.o
                0x200000bc                ISM330DHCX_COMMON_Driver
 .data.COM_USART
                0x200000cc        0x4 build/debug/Drivers/BSP/STM32F4xx_Nucleo/stm32f4xx_nucleo.o
                0x200000cc                COM_USART
 .data.hpb_exti
                0x200000d0        0x8 build/debug/Drivers/BSP/STM32F4xx_Nucleo/stm32f4xx_nucleo.o
                0x200000d0                hpb_exti
 .data.uwTickFreq
                0x200000d8        0x1 build/debug/Drivers/STM32F4xx_HAL_Driver/Src/stm32f4xx_hal.o
                0x200000d8                uwTickFreq
 *fill*         0x200000d9        0x3 
 .data.uwTickPrio
                0x200000dc        0x4 build/debug/Drivers/STM32F4xx_HAL_Driver/Src/stm32f4xx_hal.o
                0x200000dc                uwTickPrio
 .data.__sglue  0x200000e0        0xc c:/users/jessejabezarendse/appdata/roaming/code/user/globalstorage/bmd.stm32-for-vscode/@xpack-dev-tools/arm-none-eabi-gcc/12.3.1-1.2.1/.content/bin/../lib/gcc/arm-none-eabi/12.3.1/../../../../arm-none-eabi/lib/thumb/v7e-m+fp/hard\libc_nano.a(libc_a-findfp.o)
                0x200000e0                __sglue
 .data._impure_ptr
                0x200000ec        0x4 c:/users/jessejabezarendse/appdata/roaming/code/user/globalstorage/bmd.stm32-for-vscode/@xpack-dev-tools/arm-none-eabi-gcc/12.3.1-1.2.1/.content/bin/../lib/gcc/arm-none-eabi/12.3.1/../../../../arm-none-eabi/lib/thumb/v7e-m+fp/hard\libc_nano.a(libc_a-impure.o)
                0x200000ec                _impure_ptr
 .data._impure_data
                0x200000f0       0x4c c:/users/jessejabezarendse/appdata/roaming/code/user/globalstorage/bmd.stm32-for-vscode/@xpack-dev-tools/arm-none-eabi-gcc/12.3.1-1.2.1/.content/bin/../lib/gcc/arm-none-eabi/12.3.1/../../../../arm-none-eabi/lib/thumb/v7e-m+fp/hard\libc_nano.a(libc_a-impure.o)
                0x200000f0                _impure_data
 *fill*         0x2000013c        0x4 
 .data.tiny     0x20000140        0x8 c:/users/jessejabezarendse/appdata/roaming/code/user/globalstorage/bmd.stm32-for-vscode/@xpack-dev-tools/arm-none-eabi-gcc/12.3.1-1.2.1/.content/bin/../lib/gcc/arm-none-eabi/12.3.1/../../../../arm-none-eabi/lib/thumb/v7e-m+fp/hard\libm.a(libm_a-e_sqrt.o)
 .data.one      0x20000148        0x8 c:/users/jessejabezarendse/appdata/roaming/code/user/globalstorage/bmd.stm32-for-vscode/@xpack-dev-tools/arm-none-eabi-gcc/12.3.1-1.2.1/.content/bin/../lib/gcc/arm-none-eabi/12.3.1/../../../../arm-none-eabi/lib/thumb/v7e-m+fp/hard\libm.a(libm_a-e_sqrt.o)
                0x20000150                        . = ALIGN (0x4)
                0x20000150                        _edata = .

.igot.plt       0x20000150        0x0 load address 0x08009268
 .igot.plt      0x20000150        0x0 c:/users/jessejabezarendse/appdata/roaming/code/user/globalstorage/bmd.stm32-for-vscode/@xpack-dev-tools/arm-none-eabi-gcc/12.3.1-1.2.1/.content/bin/../lib/gcc/arm-none-eabi/12.3.1/thumb/v7e-m+fp/hard/crtbegin.o
                0x20000150                        . = ALIGN (0x4)

.bss            0x20000150      0x5c4 load address 0x08009268
                0x20000150                        _sbss = .
                0x20000150                        __bss_start__ = _sbss
 *(.bss)
 *(.bss*)
 .bss.completed.1
                0x20000150        0x1 c:/users/jessejabezarendse/appdata/roaming/code/user/globalstorage/bmd.stm32-for-vscode/@xpack-dev-tools/arm-none-eabi-gcc/12.3.1-1.2.1/.content/bin/../lib/gcc/arm-none-eabi/12.3.1/thumb/v7e-m+fp/hard/crtbegin.o
 *fill*         0x20000151        0x3 