Archive member included to satisfy reference by file (symbol)

c:/users/jessejabezarendse/appdata/roaming/code/user/globalstorage/bmd.stm32-for-vscode/@xpack-dev-tools/arm-none-eabi-gcc/12.3.1-1.2.1/.content/bin/../lib/gcc/arm-none-eabi/12.3.1/../../../../arm-none-eabi/lib/thumb/v7e-m+fp/hard\libc_nano.a(libc_a-atexit.o)
                              c:/users/jessejabezarendse/appdata/roaming/code/user/globalstorage/bmd.stm32-for-vscode/@xpack-dev-tools/arm-none-eabi-gcc/12.3.1-1.2.1/.content/bin/../lib/gcc/arm-none-eabi/12.3.1/../../../../arm-none-eabi/lib/thumb/v7e-m+fp/hard/crt0.o (atexit)
c:/users/jessejabezarendse/appdata/roaming/code/user/globalstorage/bmd.stm32-for-vscode/@xpack-dev-tools/arm-none-eabi-gcc/12.3.1-1.2.1/.content/bin/../lib/gcc/arm-none-eabi/12.3.1/../../../../arm-none-eabi/lib/thumb/v7e-m+fp/hard\libc_nano.a(libc_a-exit.o)
                              c:/users/jessejabezarendse/appdata/roaming/code/user/globalstorage/bmd.stm32-for-vscode/@xpack-dev-tools/arm-none-eabi-gcc/12.3.1-1.2.1/.content/bin/../lib/gcc/arm-none-eabi/12.3.1/../../../../arm-none-eabi/lib/thumb/v7e-m+fp/hard/crt0.o (exit)
c:/users/jessejabezarendse/appdata/roaming/code/user/globalstorage/bmd.stm32-for-vscode/@xpack-dev-tools/arm-none-eabi-gcc/12.3.1-1.2.1/.content/bin/../lib/gcc/arm-none-eabi/12.3.1/../../../../arm-none-eabi/lib/thumb/v7e-m+fp/hard\libc_nano.a(libc_a-findfp.o)
                              c:/users/jessejabezarendse/appdata/roaming/code/user/globalstorage/bmd.stm32-for-vscode/@xpack-dev-tools/arm-none-eabi-gcc/12.3.1-1.2.1/.content/bin/../lib/gcc/arm-none-eabi/12.3.1/../../../../arm-none-eabi/lib/thumb/v7e-m+fp/hard\libc_nano.a(libc_a-exit.o) (__stdio_exit_handler)
c:/users/jessejabezarendse/appdata/roaming/code/user/globalstorage/bmd.stm32-for-vscode/@xpack-dev-tools/arm-none-eabi-gcc/12.3.1-1.2.1/.content/bin/../lib/gcc/arm-none-eabi/12.3.1/../../../../arm-none-eabi/lib/thumb/v7e-m+fp/hard\libc_nano.a(libc_a-fwalk.o)
                              c:/users/jessejabezarendse/appdata/roaming/code/user/globalstorage/bmd.stm32-for-vscode/@xpack-dev-tools/arm-none-eabi-gcc/12.3.1-1.2.1/.content/bin/../lib/gcc/arm-none-eabi/12.3.1/../../../../arm-none-eabi/lib/thumb/v7e-m+fp/hard\libc_nano.a(libc_a-findfp.o) (_fwalk_sglue)
c:/users/jessejabezarendse/appdata/roaming/code/user/globalstorage/bmd.stm32-for-vscode/@xpack-dev-tools/arm-none-eabi-gcc/12.3.1-1.2.1/.content/bin/../lib/gcc/arm-none-eabi/12.3.1/../../../../arm-none-eabi/lib/thumb/v7e-m+fp/hard\libc_nano.a(libc_a-printf.o)
                              build/debug/MEMS/App/app_mems.o (printf)
c:/users/jessejabezarendse/appdata/roaming/code/user/globalstorage/bmd.stm32-for-vscode/@xpack-dev-tools/arm-none-eabi-gcc/12.3.1-1.2.1/.content/bin/../lib/gcc/arm-none-eabi/12.3.1/../../../../arm-none-eabi/lib/thumb/v7e-m+fp/hard\libc_nano.a(libc_a-snprintf.o)
                              build/debug/MEMS/App/app_mems.o (snprintf)
c:/users/jessejabezarendse/appdata/roaming/code/user/globalstorage/bmd.stm32-for-vscode/@xpack-dev-tools/arm-none-eabi-gcc/12.3.1-1.2.1/.content/bin/../lib/gcc/arm-none-eabi/12.3.1/../../../../arm-none-eabi/lib/thumb/v7e-m+fp/hard\libc_nano.a(libc_a-stdio.o)
                              c:/users/jessejabezarendse/appdata/roaming/code/user/globalstorage/bmd.stm32-for-vscode/@xpack-dev-tools/arm-none-eabi-gcc/12.3.1-1.2.1/.content/bin/../lib/gcc/arm-none-eabi/12.3.1/../../../../arm-none-eabi/lib/thumb/v7e-m+fp/hard\libc_nano.a(libc_a-findfp.o) (__sread)
c:/users/jessejabezarendse/appdata/roaming/code/user/globalstorage/bmd.stm32-for-vscode/@xpack-dev-tools/arm-none-eabi-gcc/12.3.1-1.2.1/.content/bin/../lib/gcc/arm-none-eabi/12.3.1/../../../../arm-none-eabi/lib/thumb/v7e-m+fp/hard\libc_nano.a(libc_a-memset.o)
                              c:/users/jessejabezarendse/appdata/roaming/code/user/globalstorage/bmd.stm32-for-vscode/@xpack-dev-tools/arm-none-eabi-gcc/12.3.1-1.2.1/.content/bin/../lib/gcc/arm-none-eabi/12.3.1/../../../../arm-none-eabi/lib/thumb/v7e-m+fp/hard/crt0.o (memset)
c:/users/jessejabezarendse/appdata/roaming/code/user/globalstorage/bmd.stm32-for-vscode/@xpack-dev-tools/arm-none-eabi-gcc/12.3.1-1.2.1/.content/bin/../lib/gcc/arm-none-eabi/12.3.1/../../../../arm-none-eabi/lib/thumb/v7e-m+fp/hard\libc_nano.a(libc_a-closer.o)
                              c:/users/jessejabezarendse/appdata/roaming/code/user/globalstorage/bmd.stm32-for-vscode/@xpack-dev-tools/arm-none-eabi-gcc/12.3.1-1.2.1/.content/bin/../lib/gcc/arm-none-eabi/12.3.1/../../../../arm-none-eabi/lib/thumb/v7e-m+fp/hard\libc_nano.a(libc_a-stdio.o) (_close_r)
c:/users/jessejabezarendse/appdata/roaming/code/user/globalstorage/bmd.stm32-for-vscode/@xpack-dev-tools/arm-none-eabi-gcc/12.3.1-1.2.1/.content/bin/../lib/gcc/arm-none-eabi/12.3.1/../../../../arm-none-eabi/lib/thumb/v7e-m+fp/hard\libc_nano.a(libc_a-reent.o)
[...]
Memory Configuration

Name             Origin             Length             Attributes
RAM              0x20000000         0x00020000         xrw
FLASH            0x08000000         0x00080000         xr
*default*        0x00000000         0xffffffff

Linker script and memory map

LOAD c:/users/jessejabezarendse/appdata/roaming/code/user/globalstorage/bmd.stm32-for-vscode/@xpack-dev-tools/arm-none-eabi-gcc/12.3.1-1.2.1/.content/bin/../lib/gcc/arm-none-eabi/12.3.1/thumb/v7e-m+fp/hard/crti.o
LOAD c:/users/jessejabezarendse/appdata/roaming/code/user/globalstorage/bmd.stm32-for-vscode/@xpack-dev-tools/arm-none-eabi-gcc/12.3.1-1.2.1/.content/bin/../lib/gcc/arm-none-eabi/12.3.1/thumb/v7e-m+fp/hard/crtbegin.o
LOAD c:/users/jessejabezarendse/appdata/roaming/code/user/globalstorage/bmd.stm32-for-vscode/@xpack-dev-tools/arm-none-eabi-gcc/12.3.1-1.2.1/.content/bin/../lib/gcc/arm-none-eabi/12.3.1/../../../../arm-none-eabi/lib/thumb/v7e-m+fp/hard/crt0.o
LOAD build/debug/Core/Src/IKS02A1_Simulink.o
LOAD build/debug/Core/Src/main.o
LOAD build/debug/Core/Src/stm32f4xx_hal_msp.o
LOAD build/debug/Core/Src/stm32f4xx_hal_timebase_tim.o
LOAD build/debug/Core/Src/stm32f4xx_it.o
LOAD build/debug/Core/Src/stm32f4xx_nucleo_bus.o
LOAD build/debug/Core/Src/syscalls.o
LOAD build/debug/Core/Src/sysmem.o
LOAD build/debug/Core/Src/system_stm32f4xx.o
LOAD build/debug/Drivers/BSP/Components/iis2dlpc/iis2dlpc.o
LOAD build/debug/Drivers/BSP/Components/iis2dlpc/iis2dlpc_reg.o
LOAD build/debug/Drivers/BSP/Components/iis2mdc/iis2mdc.o
LOAD build/debug/Drivers/BSP/Components/iis2mdc/iis2mdc_reg.o
LOAD build/debug/Drivers/BSP/Components/ism330dhcx/ism330dhcx.o
LOAD build/debug/Drivers/BSP/Components/ism330dhcx/ism330dhcx_reg.o
LOAD build/debug/Drivers/BSP/IKS02A1/iks02a1_motion_sensors.o
LOAD build/debug/Drivers/BSP/IKS02A1/iks02a1_motion_sensors_ex.o
LOAD build/debug/Drivers/BSP/STM32F4xx_Nucleo/stm32f4xx_nucleo.o
LOAD build/debug/Drivers/STM32F4xx_HAL_Driver/Src/stm32f4xx_hal.o
LOAD build/debug/Drivers/STM32F4xx_HAL_Driver/Src/stm32f4xx_hal_cortex.o
LOAD build/debug/Drivers/STM32F4xx_HAL_Driver/Src/stm32f4xx_hal_dma.o
LOAD build/debug/Drivers/STM32F4xx_HAL_Driver/Src/stm32f4xx_hal_dma_ex.o
LOAD build/debug/Drivers/STM32F4xx_HAL_Driver/Src/stm32f4xx_hal_exti.o
LOAD build/debug/Drivers/STM32F4xx_HAL_Driver/Src/stm32f4xx_hal_flash.o
LOAD build/debug/Drivers/STM32F4xx_HAL_Driver/Src/stm32f4xx_hal_flash_ex.o
LOAD build/debug/Drivers/STM32F4xx_HAL_Driver/Src/stm32f4xx_hal_flash_ramfunc.o
LOAD build/debug/Drivers/STM32F4xx_HAL_Driver/Src/stm32f4xx_hal_gpio.o
LOAD build/debug/Drivers/STM32F4xx_HAL_Driver/Src/stm32f4xx_hal_i2c.o
LOAD build/debug/Drivers/STM32F4xx_HAL_Driver/Src/stm32f4xx_hal_i2c_ex.o
LOAD build/debug/Drivers/STM32F4xx_HAL_Driver/Src/stm32f4xx_hal_pwr.o
LOAD build/debug/Drivers/STM32F4xx_HAL_Driver/Src/stm32f4xx_hal_pwr_ex.o
LOAD build/debug/Drivers/STM32F4xx_HAL_Driver/Src/stm32f4xx_hal_rcc.o
LOAD build/debug/Drivers/STM32F4xx_HAL_Driver/Src/stm32f4xx_hal_rcc_ex.o
LOAD build/debug/Drivers/STM32F4xx_HAL_Driver/Src/stm32f4xx_hal_tim.o
LOAD build/debug/Drivers/STM32F4xx_HAL_Driver/Src/stm32f4xx_hal_tim_ex.o
LOAD build/debug/Drivers/STM32F4xx_HAL_Driver/Src/stm32f4xx_hal_uart.o
LOAD build/debug/MEMS/App/app_mems.o
LOAD build/debug/startup_stm32f411xe.o
LOAD c:/users/jessejabezarendse/appdata/roaming/code/user/globalstorage/bmd.stm32-for-vscode/@xpack-dev-tools/arm-none-eabi-gcc/12.3.1-1.2.1/.content/bin/../lib/gcc/arm-none-eabi/12.3.1/../../../../arm-none-eabi/lib/thumb/v7e-m+fp/hard\libc_nano.a
LOAD c:/users/jessejabezarendse/appdata/roaming/code/user/globalstorage/bmd.stm32-for-vscode/@xpack-dev-tools/arm-none-eabi-gcc/12.3.1-1.2.1/.content/bin/../lib/gcc/arm-none-eabi/12.3.1/../../../../arm-none-eabi/lib/thumb/v7e-m+fp/hard\libm.a
LOAD c:/users/jessejabezarendse/appdata/roaming/code/user/globalstorage/bmd.stm32-for-vscode/@xpack-dev-tools/arm-none-eabi-gcc/12.3.1-1.2.1/.content/bin/../lib/gcc/arm-none-eabi/12.3.1/../../../../arm-none-eabi/lib/thumb/v7e-m+fp/hard\libnosys.a
START GROUP
LOAD c:/users/jessejabezarendse/appdata/roaming/code/user/globalstorage/bmd.stm32-for-vscode/@xpack-dev-tools/arm-none-eabi-gcc/12.3.1-1.2.1/.content/bin/../lib/gcc/arm-none-eabi/12.3.1/thumb/v7e-m+fp/hard\libgcc.a
LOAD c:/users/jessejabezarendse/appdata/roaming/code/user/globalstorage/bmd.stm32-for-vscode/@xpack-dev-tools/arm-none-eabi-gcc/12.3.1-1.2.1/.content/bin/../lib/gcc/arm-none-eabi/12.3.1/../../../../arm-none-eabi/lib/thumb/v7e-m+fp/hard\libc_nano.a
END GROUP
START GROUP
LOAD c:/users/jessejabezarendse/appdata/roaming/code/user/globalstorage/bmd.stm32-for-vscode/@xpack-dev-tools/arm-none-eabi-gcc/12.3.1-1.2.1/.content/bin/../lib/gcc/arm-none-eabi/12.3.1/thumb/v7e-m+fp/hard\libgcc.a
LOAD c:/users/jessejabezarendse/appdata/roaming/code/user/globalstorage/bmd.stm32-for-vscode/@xpack-dev-tools/arm-none-eabi-gcc/12.3.1-1.2.1/.content/bin/../lib/gcc/arm-none-eabi/12.3.1/../../../../arm-none-eabi/lib/thumb/v7e-m+fp/hard\libc_nano.a
END GROUP
LOAD c:/users/jessejabezarendse/appdata/roaming/code/user/globalstorage/bmd.stm32-for-vscode/@xpack-dev-tools/arm-none-eabi-gcc/12.3.1-1.2.1/.content/bin/../lib/gcc/arm-none-eabi/12.3.1/thumb/v7e-m+fp/hard/crtend.o
LOAD c:/users/jessejabezarendse/appdata/roaming/code/user/globalstorage/bmd.stm32-for-vscode/@xpack-dev-tools/arm-none-eabi-gcc/12.3.1-1.2.1/.content/bin/../lib/gcc/arm-none-eabi/12.3.1/thumb/v7e-m+fp/hard/crtn.o
                0x20020000                        _estack = (ORIGIN (RAM) + LENGTH (RAM))
                0x00000200                        _Min_Heap_Size = 0x200
                0x00000400                        _Min_Stack_Size = 0x400

.isr_vector     0x08000000      0x198
                0x08000000                        . = ALIGN (0x4)
 *(.isr_vector)
 .isr_vector    0x08000000      0x198 build/debug/startup_stm32f411xe.o
                0x08000000                g_pfnVectors
                0x08000198                        . = ALIGN (0x4)

.text           0x080001a0     0x8860
                0x080001a0                        . = ALIGN (0x4)
 *(.text)
 .text          0x080001a0       0xa0 c:/users/jessejabezarendse/appdata/roaming/code/user/globalstorage/bmd.stm32-for-vscode/@xpack-dev-tools/arm-none-eabi-gcc/12.3.1-1.2.1/.content/bin/../lib/gcc/arm-none-eabi/12.3.1/../../../../arm-none-eabi/lib/thumb/v7e-m+fp/hard\libc_nano.a(libc_a-memchr.o)
                0x080001a0                memchr
 .text          0x08000240      0x378 c:/users/jessejabezarendse/appdata/roaming/code/user/globalstorage/bmd.stm32-for-vscode/@xpack-dev-tools/arm-none-eabi-gcc/12.3.1-1.2.1/.content/bin/../lib/gcc/arm-none-eabi/12.3.1/thumb/v7e-m+fp/hard\libgcc.a(_arm_addsubdf3.o)
                0x08000240                __aeabi_drsub
                0x08000248                __aeabi_dsub
                0x08000248                __subdf3
                0x0800024c                __aeabi_dadd
                0x0800024c                __adddf3
                0x080004c4                __floatunsidf
                0x080004c4                __aeabi_ui2d
                0x080004e4                __floatsidf
                0x080004e4                __aeabi_i2d
                0x08000508                __aeabi_f2d
                0x08000508                __extendsfdf2
                0x0800054c                __floatundidf
                0x0800054c                __aeabi_ul2d
                0x0800055c                __floatdidf
                0x0800055c                __aeabi_l2d
 .text          0x080005b8      0x424 c:/users/jessejabezarendse/appdata/roaming/code/user/globalstorage/bmd.stm32-for-vscode/@xpack-dev-tools/arm-none-eabi-gcc/12.3.1-1.2.1/.content/bin/../lib/gcc/arm-none-eabi/12.3.1/thumb/v7e-m+fp/hard\libgcc.a(_arm_muldivdf3.o)
                0x080005b8                __aeabi_dmul
                0x080005b8                __muldf3
                0x0800080c                __divdf3
                0x0800080c                __aeabi_ddiv
 .text          0x080009dc      0x110 c:/users/jessejabezarendse/appdata/roaming/code/user/globalstorage/bmd.stm32-for-vscode/@xpack-dev-tools/arm-none-eabi-gcc/12.3.1-1.2.1/.content/bin/../lib/gcc/arm-none-eabi/12.3.1/thumb/v7e-m+fp/hard\libgcc.a(_arm_cmpdf2.o)
                0x080009dc                __gtdf2
                0x080009dc                __gedf2
                0x080009e4                __ltdf2
                0x080009e4                __ledf2
                0x080009ec                __nedf2
                0x080009ec                __eqdf2
                0x080009ec                __cmpdf2
                0x08000a68                __aeabi_cdrcmple
                0x08000a78                __aeabi_cdcmpeq
                0x08000a78                __aeabi_cdcmple
                0x08000a88                __aeabi_dcmpeq
                0x08000a9c                __aeabi_dcmplt
                0x08000ab0                __aeabi_dcmple
                0x08000ac4                __aeabi_dcmpge
                0x08000ad8                __aeabi_dcmpgt
 .text          0x08000aec       0x2c c:/users/jessejabezarendse/appdata/roaming/code/user/globalstorage/bmd.stm32-for-vscode/@xpack-dev-tools/arm-none-eabi-gcc/12.3.1-1.2.1/.content/bin/../lib/gcc/arm-none-eabi/12.3.1/thumb/v7e-m+fp/hard\libgcc.a(_arm_unorddf2.o)
                0x08000aec                __unorddf2
                0x08000aec                __aeabi_dcmpun
 .text          0x08000b18       0x50 c:/users/jessejabezarendse/appdata/roaming/code/user/globalstorage/bmd.stm32-for-vscode/@xpack-dev-tools/arm-none-eabi-gcc/12.3.1-1.2.1/.content/bin/../lib/gcc/arm-none-eabi/12.3.1/thumb/v7e-m+fp/hard\libgcc.a(_arm_fixdfsi.o)
                0x08000b18                __aeabi_d2iz
                0x08000b18                __fixdfsi
 .text          0x08000b68       0xa0 c:/users/jessejabezarendse/appdata/roaming/code/user/globalstorage/bmd.stm32-for-vscode/@xpack-dev-tools/arm-none-eabi-gcc/12.3.1-1.2.1/.content/bin/../lib/gcc/arm-none-eabi/12.3.1/thumb/v7e-m+fp/hard\libgcc.a(_arm_truncdfsf2.o)
                0x08000b68                __truncdfsf2
                0x08000b68                __aeabi_d2f
 .text          0x08000c08       0x30 c:/users/jessejabezarendse/appdata/roaming/code/user/globalstorage/bmd.stm32-for-vscode/@xpack-dev-tools/arm-none-eabi-gcc/12.3.1-1.2.1/.content/bin/../lib/gcc/arm-none-eabi/12.3.1/thumb/v7e-m+fp/hard\libgcc.a(_aeabi_uldivmod.o)
                0x08000c08                __aeabi_uldivmod
 .text          0x08000c38        0x4 c:/users/jessejabezarendse/appdata/roaming/code/user/globalstorage/bmd.stm32-for-vscode/@xpack-dev-tools/arm-none-eabi-gcc/12.3.1-1.2.1/.content/bin/../lib/gcc/arm-none-eabi/12.3.1/thumb/v7e-m+fp/hard\libgcc.a(_dvmd_tls.o)
                0x08000c38                __aeabi_idiv0
                0x08000c38                __aeabi_ldiv0
 *(.text*)
 .text.__do_global_dtors_aux
                0x08000c3c       0x24 c:/users/jessejabezarendse/appdata/roaming/code/user/globalstorage/bmd.stm32-for-vscode/@xpack-dev-tools/arm-none-eabi-gcc/12.3.1-1.2.1/.content/bin/../lib/gcc/arm-none-eabi/12.3.1/thumb/v7e-m+fp/hard/crtbegin.o
 .text.frame_dummy
                0x08000c60       0x1c c:/users/jessejabezarendse/appdata/roaming/code/user/globalstorage/bmd.stm32-for-vscode/@xpack-dev-tools/arm-none-eabi-gcc/12.3.1-1.2.1/.content/bin/../lib/gcc/arm-none-eabi/12.3.1/thumb/v7e-m+fp/hard/crtbegin.o
 .text.getIKS02A1
                0x08000c7c       0x4c build/debug/Core/Src/IKS02A1_Simulink.o
                0x08000c7c                getIKS02A1
 .text.sendToSimulink
                0x08000cc8      0x108 build/debug/Core/Src/IKS02A1_Simulink.o
                0x08000cc8                sendToSimulink
 .text.MX_DMA_Init
                0x08000dd0       0x34 build/debug/Core/Src/main.o
                0x08000dd0                MX_DMA_Init
 .text.MX_GPIO_Init
                0x08000e04      0x108 build/debug/Core/Src/main.o
                0x08000e04                MX_GPIO_Init
 .text.HAL_TIM_PeriodElapsedCallback
                0x08000f0c       0x18 build/debug/Core/Src/main.o
                0x08000f0c                HAL_TIM_PeriodElapsedCallback
 .text.Error_Handler
                0x08000f24        0x4 build/debug/Core/Src/main.o
                0x08000f24                Error_Handler
 .text.MX_TIM2_Init
                0x08000f28       0x68 build/debug/Core/Src/main.o
 .text.MX_USART2_UART_Init
                0x08000f90       0x34 build/debug/Core/Src/main.o
 .text.SystemClock_Config
                0x08000fc4       0xa0 build/debug/Core/Src/main.o
                0x08000fc4                SystemClock_Config
 .text.main     0x08001064       0x68 build/debug/Core/Src/main.o
                0x08001064                main
 .text.HAL_MspInit
                0x080010cc       0x40 build/debug/Core/Src/stm32f4xx_hal_msp.o
                0x080010cc                HAL_MspInit
 .text.HAL_TIM_Base_MspInit
                0x0800110c       0x3c build/debug/Core/Src/stm32f4xx_hal_msp.o
                0x0800110c                HAL_TIM_Base_MspInit
 .text.HAL_UART_MspInit
                0x08001148       0xa8 build/debug/Core/Src/stm32f4xx_hal_msp.o
                0x08001148                HAL_UART_MspInit
 .text.HAL_InitTick
                0x080011f0       0x94 build/debug/Core/Src/stm32f4xx_hal_timebase_tim.o
                0x080011f0                HAL_InitTick
 .text.__NVIC_SystemReset
                0x08001284       0x24 build/debug/Core/Src/stm32f4xx_it.o
 .text.NMI_Handler
                0x080012a8        0x2 build/debug/Core/Src/stm32f4xx_it.o
                0x080012a8                NMI_Handler
 *fill*         0x080012aa        0x2 
 .text.HardFault_Handler
                0x080012ac       0x1c build/debug/Core/Src/stm32f4xx_it.o
                0x080012ac                HardFault_Handler
 .text.MemManage_Handler
                0x080012c8        0x2 build/debug/Core/Src/stm32f4xx_it.o
                0x080012c8                MemManage_Handler
 .text.BusFault_Handler
                0x080012ca        0x2 build/debug/Core/Src/stm32f4xx_it.o
                0x080012ca                BusFault_Handler
 .text.UsageFault_Handler
                0x080012cc        0x2 build/debug/Core/Src/stm32f4xx_it.o
                0x080012cc                UsageFault_Handler
 .text.SVC_Handler
                0x080012ce        0x2 build/debug/Core/Src/stm32f4xx_it.o
                0x080012ce                SVC_Handler
 .text.DebugMon_Handler
                0x080012d0        0x2 build/debug/Core/Src/stm32f4xx_it.o
                0x080012d0                DebugMon_Handler
 .text.PendSV_Handler
                0x080012d2        0x2 build/debug/Core/Src/stm32f4xx_it.o
                0x080012d2                PendSV_Handler
 .text.SysTick_Handler
                0x080012d4        0x2 build/debug/Core/Src/stm32f4xx_it.o
                0x080012d4                SysTick_Handler
 *fill*         0x080012d6        0x2 
 .text.DMA1_Stream5_IRQHandler
                0x080012d8       0x10 build/debug/Core/Src/stm32f4xx_it.o
                0x080012d8                DMA1_Stream5_IRQHandler
 .text.TIM1_UP_TIM10_IRQHandler
                0x080012e8       0x10 build/debug/Core/Src/stm32f4xx_it.o
                0x080012e8                TIM1_UP_TIM10_IRQHandler
 .text.TIM2_IRQHandler
                0x080012f8       0x18 build/debug/Core/Src/stm32f4xx_it.o
                0x080012f8                TIM2_IRQHandler
 .text.EXTI15_10_IRQHandler
                0x08001310       0x10 build/debug/Core/Src/stm32f4xx_it.o
                0x08001310                EXTI15_10_IRQHandler
 .text.I2C1_MspInit
                0x08001320       0x80 build/debug/Core/Src/stm32f4xx_nucleo_bus.o
 .text.I2C1_MspDeInit
                0x080013a0       0x2c build/debug/Core/Src/stm32f4xx_nucleo_bus.o
 .text.BSP_I2C1_DeInit
                0x080013cc       0x38 build/debug/Core/Src/stm32f4xx_nucleo_bus.o
                0x080013cc                BSP_I2C1_DeInit
 .text.BSP_I2C1_WriteReg
                0x08001404       0x3c build/debug/Core/Src/stm32f4xx_nucleo_bus.o
                0x08001404                BSP_I2C1_WriteReg
 .text.BSP_I2C1_ReadReg
                0x08001440       0x3c build/debug/Core/Src/stm32f4xx_nucleo_bus.o
                0x08001440                BSP_I2C1_ReadReg
 .text.BSP_GetTick
                0x0800147c        0x8 build/debug/Core/Src/stm32f4xx_nucleo_bus.o
                0x0800147c                BSP_GetTick
 .text.MX_I2C1_Init
                0x08001484       0x30 build/debug/Core/Src/stm32f4xx_nucleo_bus.o
                0x08001484                MX_I2C1_Init
 .text.BSP_I2C1_Init
                0x080014b4       0x48 build/debug/Core/Src/stm32f4xx_nucleo_bus.o
                0x080014b4                BSP_I2C1_Init
 .text._read    0x080014fc       0x20 build/debug/Core/Src/syscalls.o
                0x080014fc                _read
 .text._write   0x0800151c       0x1c build/debug/Core/Src/syscalls.o
                0x0800151c                _write
 .text._close   0x08001538        0x6 build/debug/Core/Src/syscalls.o
                0x08001538                _close
 .text._fstat   0x0800153e        0xa build/debug/Core/Src/syscalls.o
                0x0800153e                _fstat
 .text._isatty  0x08001548        0x4 build/debug/Core/Src/syscalls.o
                0x08001548                _isatty
 .text._lseek   0x0800154c        0x4 build/debug/Core/Src/syscalls.o
                0x0800154c                _lseek
 .text._sbrk    0x08001550       0x48 build/debug/Core/Src/sysmem.o
                0x08001550                _sbrk
 .text.SystemInit
                0x08001598       0x14 build/debug/Core/Src/system_stm32f4xx.o
                0x08001598                SystemInit
 .text.IIS2DLPC_GetCapabilities
                0x080015ac       0x24 build/debug/Drivers/BSP/Components/iis2dlpc/iis2dlpc.o
                0x080015ac                IIS2DLPC_GetCapabilities
 .text.IIS2DLPC_ACC_SetOutputDataRate_When_Disabled
                0x080015d0       0xdc build/debug/Drivers/BSP/Components/iis2dlpc/iis2dlpc.o
 .text.ReadRegWrap
                0x080016ac        0xa build/debug/Drivers/BSP/Components/iis2dlpc/iis2dlpc.o
 .text.WriteRegWrap
                0x080016b6        0xa build/debug/Drivers/BSP/Components/iis2dlpc/iis2dlpc.o
 .text.IIS2DLPC_ACC_SetOutputDataRate_When_Enabled
                0x080016c0      0x1a8 build/debug/Drivers/BSP/Components/iis2dlpc/iis2dlpc.o
 .text.IIS2DLPC_ACC_Enable
                0x08001868       0x30 build/debug/Drivers/BSP/Components/iis2dlpc/iis2dlpc.o
                0x08001868                IIS2DLPC_ACC_Enable
 .text.IIS2DLPC_ACC_Disable
                0x08001898       0x24 build/debug/Drivers/BSP/Components/iis2dlpc/iis2dlpc.o
                0x08001898                IIS2DLPC_ACC_Disable
 .text.IIS2DLPC_DeInit
                0x080018bc       0x24 build/debug/Drivers/BSP/Components/iis2dlpc/iis2dlpc.o
                0x080018bc                IIS2DLPC_DeInit
 .text.IIS2DLPC_Init
                0x080018e0       0x80 build/debug/Drivers/BSP/Components/iis2dlpc/iis2dlpc.o
                0x080018e0                IIS2DLPC_Init
 .text.IIS2DLPC_ACC_SetFullScale
                0x08001960       0x2c build/debug/Drivers/BSP/Components/iis2dlpc/iis2dlpc.o
                0x08001960                IIS2DLPC_ACC_SetFullScale
 .text.IIS2DLPC_ReadID
                0x0800198c       0x12 build/debug/Drivers/BSP/Components/iis2dlpc/iis2dlpc.o
                0x0800198c                IIS2DLPC_ReadID
 .text.IIS2DLPC_ACC_GetFullScale
                0x0800199e       0x4a build/debug/Drivers/BSP/Components/iis2dlpc/iis2dlpc.o
                0x0800199e                IIS2DLPC_ACC_GetFullScale
 .text.IIS2DLPC_ACC_GetSensitivity
                0x080019e8       0xdc build/debug/Drivers/BSP/Components/iis2dlpc/iis2dlpc.o
                0x080019e8                IIS2DLPC_ACC_GetSensitivity
 .text.IIS2DLPC_ACC_GetOutputDataRate
                0x08001ac4      0x178 build/debug/Drivers/BSP/Components/iis2dlpc/iis2dlpc.o
                0x08001ac4                IIS2DLPC_ACC_GetOutputDataRate
 .text.IIS2DLPC_ACC_GetAxesRaw
                0x08001c3c       0xbe build/debug/Drivers/BSP/Components/iis2dlpc/iis2dlpc.o
                0x08001c3c                IIS2DLPC_ACC_GetAxesRaw
 .text.IIS2DLPC_ACC_GetAxes
                0x08001cfa       0x7a build/debug/Drivers/BSP/Components/iis2dlpc/iis2dlpc.o
                0x08001cfa                IIS2DLPC_ACC_GetAxes
 .text.IIS2DLPC_ACC_SetOutputDataRate_With_Mode
                0x08001d74       0x16 build/debug/Drivers/BSP/Components/iis2dlpc/iis2dlpc.o
                0x08001d74                IIS2DLPC_ACC_SetOutputDataRate_With_Mode
 .text.IIS2DLPC_ACC_SetOutputDataRate
                0x08001d8a        0xc build/debug/Drivers/BSP/Components/iis2dlpc/iis2dlpc.o
                0x08001d8a                IIS2DLPC_ACC_SetOutputDataRate
 .text.IIS2DLPC_Write_Reg
                0x08001d96       0x22 build/debug/Drivers/BSP/Components/iis2dlpc/iis2dlpc.o
                0x08001d96                IIS2DLPC_Write_Reg
 .text.IIS2DLPC_RegisterBusIO
                0x08001db8       0x78 build/debug/Drivers/BSP/Components/iis2dlpc/iis2dlpc.o
                0x08001db8                IIS2DLPC_RegisterBusIO
 .text.iis2dlpc_read_reg
                0x08001e30        0xa build/debug/Drivers/BSP/Components/iis2dlpc/iis2dlpc_reg.o
                0x08001e30                iis2dlpc_read_reg
 .text.iis2dlpc_write_reg
                0x08001e3a        0xa build/debug/Drivers/BSP/Components/iis2dlpc/iis2dlpc_reg.o
                0x08001e3a                iis2dlpc_write_reg
 .text.iis2dlpc_power_mode_set
                0x08001e44       0x7a build/debug/Drivers/BSP/Components/iis2dlpc/iis2dlpc_reg.o
                0x08001e44                iis2dlpc_power_mode_set
 .text.iis2dlpc_power_mode_get
                0x08001ebe       0xd4 build/debug/Drivers/BSP/Components/iis2dlpc/iis2dlpc_reg.o
                0x08001ebe                iis2dlpc_power_mode_get
 .text.iis2dlpc_data_rate_set
                0x08001f92       0x6c build/debug/Drivers/BSP/Components/iis2dlpc/iis2dlpc_reg.o
                0x08001f92                iis2dlpc_data_rate_set
 .text.iis2dlpc_data_rate_get
                0x08001ffe       0xb0 build/debug/Drivers/BSP/Components/iis2dlpc/iis2dlpc_reg.o
                0x08001ffe                iis2dlpc_data_rate_get
 .text.iis2dlpc_block_data_update_set
                0x080020ae       0x32 build/debug/Drivers/BSP/Components/iis2dlpc/iis2dlpc_reg.o
                0x080020ae                iis2dlpc_block_data_update_set
 .text.iis2dlpc_full_scale_set
                0x080020e0       0x32 build/debug/Drivers/BSP/Components/iis2dlpc/iis2dlpc_reg.o
                0x080020e0                iis2dlpc_full_scale_set
 .text.iis2dlpc_full_scale_get
                0x08002112       0x44 build/debug/Drivers/BSP/Components/iis2dlpc/iis2dlpc_reg.o
                0x08002112                iis2dlpc_full_scale_get
 .text.iis2dlpc_acceleration_raw_get
                0x08002156       0x44 build/debug/Drivers/BSP/Components/iis2dlpc/iis2dlpc_reg.o
                0x08002156                iis2dlpc_acceleration_raw_get
 .text.iis2dlpc_device_id_get
                0x0800219a        0xe build/debug/Drivers/BSP/Components/iis2dlpc/iis2dlpc_reg.o
                0x0800219a                iis2dlpc_device_id_get
 .text.iis2dlpc_auto_increment_set
                0x080021a8       0x32 build/debug/Drivers/BSP/Components/iis2dlpc/iis2dlpc_reg.o
                0x080021a8                iis2dlpc_auto_increment_set
 .text.iis2dlpc_fifo_mode_set
                0x080021da       0x32 build/debug/Drivers/BSP/Components/iis2dlpc/iis2dlpc_reg.o
                0x080021da                iis2dlpc_fifo_mode_set
 .text.IIS2MDC_GetCapabilities
                0x0800220c       0x24 build/debug/Drivers/BSP/Components/iis2mdc/iis2mdc.o
                0x0800220c                IIS2MDC_GetCapabilities
 .text.IIS2MDC_MAG_GetSensitivity
                0x08002230        0xa build/debug/Drivers/BSP/Components/iis2mdc/iis2mdc.o
                0x08002230                IIS2MDC_MAG_GetSensitivity
 .text.IIS2MDC_MAG_GetFullScale
                0x0800223a        0x8 build/debug/Drivers/BSP/Components/iis2mdc/iis2mdc.o
                0x0800223a                IIS2MDC_MAG_GetFullScale
 .text.IIS2MDC_MAG_SetFullScale
                0x08002242        0x4 build/debug/Drivers/BSP/Components/iis2mdc/iis2mdc.o
                0x08002242                IIS2MDC_MAG_SetFullScale
 .text.ReadMagRegWrap
                0x08002246       0x1e build/debug/Drivers/BSP/Components/iis2mdc/iis2mdc.o
 .text.WriteMagRegWrap
                0x08002264       0x1e build/debug/Drivers/BSP/Components/iis2mdc/iis2mdc.o
 .text.IIS2MDC_MAG_Enable
                0x08002282       0x28 build/debug/Drivers/BSP/Components/iis2mdc/iis2mdc.o
                0x08002282                IIS2MDC_MAG_Enable
 .text.IIS2MDC_MAG_Disable
                0x080022aa       0x24 build/debug/Drivers/BSP/Components/iis2mdc/iis2mdc.o
                0x080022aa                IIS2MDC_MAG_Disable
 .text.IIS2MDC_DeInit
                0x080022ce       0x16 build/debug/Drivers/BSP/Components/iis2mdc/iis2mdc.o
                0x080022ce                IIS2MDC_DeInit
 .text.IIS2MDC_MAG_SetOutputDataRate
                0x080022e4       0x50 build/debug/Drivers/BSP/Components/iis2mdc/iis2mdc.o
                0x080022e4                IIS2MDC_MAG_SetOutputDataRate
 .text.IIS2MDC_Init
                0x08002334       0x50 build/debug/Drivers/BSP/Components/iis2mdc/iis2mdc.o
                0x08002334                IIS2MDC_Init
 .text.IIS2MDC_ReadID
                0x08002384       0x12 build/debug/Drivers/BSP/Components/iis2mdc/iis2mdc.o
                0x08002384                IIS2MDC_ReadID
 *fill*         0x08002396        0x2 
 .text.IIS2MDC_MAG_GetOutputDataRate
                0x08002398       0x58 build/debug/Drivers/BSP/Components/iis2mdc/iis2mdc.o
                0x08002398                IIS2MDC_MAG_GetOutputDataRate
 .text.IIS2MDC_MAG_GetAxesRaw
                0x080023f0       0x2c build/debug/Drivers/BSP/Components/iis2mdc/iis2mdc.o
                0x080023f0                IIS2MDC_MAG_GetAxesRaw
 .text.IIS2MDC_MAG_GetAxes
                0x0800241c       0x74 build/debug/Drivers/BSP/Components/iis2mdc/iis2mdc.o
                0x0800241c                IIS2MDC_MAG_GetAxes
 .text.IIS2MDC_RegisterBusIO
                0x08002490       0x74 build/debug/Drivers/BSP/Components/iis2mdc/iis2mdc.o
                0x08002490                IIS2MDC_RegisterBusIO
 .text.iis2mdc_read_reg
                0x08002504        0xa build/debug/Drivers/BSP/Components/iis2mdc/iis2mdc_reg.o
                0x08002504                iis2mdc_read_reg
 .text.iis2mdc_write_reg
                0x0800250e        0xa build/debug/Drivers/BSP/Components/iis2mdc/iis2mdc_reg.o
                0x0800250e                iis2mdc_write_reg
 .text.iis2mdc_operating_mode_set
                0x08002518       0x32 build/debug/Drivers/BSP/Components/iis2mdc/iis2mdc_reg.o
                0x08002518                iis2mdc_operating_mode_set
 .text.iis2mdc_data_rate_set
                0x0800254a       0x32 build/debug/Drivers/BSP/Components/iis2mdc/iis2mdc_reg.o
                0x0800254a                iis2mdc_data_rate_set
 .text.iis2mdc_data_rate_get
                0x0800257c       0x44 build/debug/Drivers/BSP/Components/iis2mdc/iis2mdc_reg.o
                0x0800257c                iis2mdc_data_rate_get
 .text.iis2mdc_block_data_update_set
                0x080025c0       0x32 build/debug/Drivers/BSP/Components/iis2mdc/iis2mdc_reg.o
                0x080025c0                iis2mdc_block_data_update_set
 .text.iis2mdc_magnetic_raw_get
                0x080025f2       0x44 build/debug/Drivers/BSP/Components/iis2mdc/iis2mdc_reg.o
                0x080025f2                iis2mdc_magnetic_raw_get
 .text.iis2mdc_device_id_get
                0x08002636        0xe build/debug/Drivers/BSP/Components/iis2mdc/iis2mdc_reg.o
                0x08002636                iis2mdc_device_id_get
 .text.iis2mdc_self_test_set
                0x08002644       0x32 build/debug/Drivers/BSP/Components/iis2mdc/iis2mdc_reg.o
                0x08002644                iis2mdc_self_test_set
 .text.iis2mdc_i2c_interface_set
                0x08002676       0x32 build/debug/Drivers/BSP/Components/iis2mdc/iis2mdc_reg.o
                0x08002676                iis2mdc_i2c_interface_set
 .text.ISM330DHCX_GetCapabilities
                0x080026a8       0x28 build/debug/Drivers/BSP/Components/ism330dhcx/ism330dhcx.o
                0x080026a8                ISM330DHCX_GetCapabilities
 .text.ISM330DHCX_ACC_SetOutputDataRate_When_Disabled
                0x080026d0       0xc8 build/debug/Drivers/BSP/Components/ism330dhcx/ism330dhcx.o
 .text.ISM330DHCX_GYRO_SetOutputDataRate_When_Disabled
                0x08002798       0xc8 build/debug/Drivers/BSP/Components/ism330dhcx/ism330dhcx.o
 .text.ReadRegWrap
                0x08002860        0xa build/debug/Drivers/BSP/Components/ism330dhcx/ism330dhcx.o
 .text.WriteRegWrap
                0x0800286a        0xa build/debug/Drivers/BSP/Components/ism330dhcx/ism330dhcx.o
 .text.ISM330DHCX_ACC_Enable
                0x08002874       0x2a build/debug/Drivers/BSP/Components/ism330dhcx/ism330dhcx.o
                0x08002874                ISM330DHCX_ACC_Enable
 *fill*         0x0800289e        0x2 
 .text.ISM330DHCX_ACC_SetOutputDataRate_When_Enabled
                0x080028a0       0xd4 build/debug/Drivers/BSP/Components/ism330dhcx/ism330dhcx.o
 .text.ISM330DHCX_ACC_SetOutputDataRate
                0x08002974       0x16 build/debug/Drivers/BSP/Components/ism330dhcx/ism330dhcx.o
                0x08002974                ISM330DHCX_ACC_SetOutputDataRate
 .text.ISM330DHCX_ACC_SetFullScale
                0x0800298a       0x2c build/debug/Drivers/BSP/Components/ism330dhcx/ism330dhcx.o
                0x0800298a                ISM330DHCX_ACC_SetFullScale
 .text.ISM330DHCX_GYRO_Enable
                0x080029b6       0x2a build/debug/Drivers/BSP/Components/ism330dhcx/ism330dhcx.o
                0x080029b6                ISM330DHCX_GYRO_Enable
 .text.ISM330DHCX_GYRO_SetOutputDataRate_When_Enabled
                0x080029e0       0xd4 build/debug/Drivers/BSP/Components/ism330dhcx/ism330dhcx.o
 .text.ISM330DHCX_GYRO_SetOutputDataRate
                0x08002ab4       0x16 build/debug/Drivers/BSP/Components/ism330dhcx/ism330dhcx.o
                0x08002ab4                ISM330DHCX_GYRO_SetOutputDataRate
 .text.ISM330DHCX_Init
                0x08002aca       0xbc build/debug/Drivers/BSP/Components/ism330dhcx/ism330dhcx.o
                0x08002aca                ISM330DHCX_Init
 .text.ISM330DHCX_GYRO_SetFullScale
                0x08002b86       0x42 build/debug/Drivers/BSP/Components/ism330dhcx/ism330dhcx.o
                0x08002b86                ISM330DHCX_GYRO_SetFullScale
 .text.ISM330DHCX_ReadID
                0x08002bc8       0x12 build/debug/Drivers/BSP/Components/ism330dhcx/ism330dhcx.o
                0x08002bc8                ISM330DHCX_ReadID
 .text.ISM330DHCX_ACC_Disable
                0x08002bda       0x3a build/debug/Drivers/BSP/Components/ism330dhcx/ism330dhcx.o
                0x08002bda                ISM330DHCX_ACC_Disable
 .text.ISM330DHCX_ACC_GetOutputDataRate
                0x08002c14       0xa4 build/debug/Drivers/BSP/Components/ism330dhcx/ism330dhcx.o
                0x08002c14                ISM330DHCX_ACC_GetOutputDataRate
 .text.ISM330DHCX_ACC_GetSensitivity
                0x08002cb8       0x58 build/debug/Drivers/BSP/Components/ism330dhcx/ism330dhcx.o
                0x08002cb8                ISM330DHCX_ACC_GetSensitivity
 .text.ISM330DHCX_ACC_GetFullScale
                0x08002d10       0x48 build/debug/Drivers/BSP/Components/ism330dhcx/ism330dhcx.o
                0x08002d10                ISM330DHCX_ACC_GetFullScale
 .text.ISM330DHCX_ACC_GetAxesRaw
                0x08002d58       0x2c build/debug/Drivers/BSP/Components/ism330dhcx/ism330dhcx.o
                0x08002d58                ISM330DHCX_ACC_GetAxesRaw
 .text.ISM330DHCX_ACC_GetAxes
                0x08002d84       0x7c build/debug/Drivers/BSP/Components/ism330dhcx/ism330dhcx.o
                0x08002d84                ISM330DHCX_ACC_GetAxes
 .text.ISM330DHCX_GYRO_Disable
                0x08002e00       0x3a build/debug/Drivers/BSP/Components/ism330dhcx/ism330dhcx.o
                0x08002e00                ISM330DHCX_GYRO_Disable
 .text.ISM330DHCX_DeInit
                0x08002e3a       0x2c build/debug/Drivers/BSP/Components/ism330dhcx/ism330dhcx.o
                0x08002e3a                ISM330DHCX_DeInit
 *fill*         0x08002e66        0x2 
 .text.ISM330DHCX_GYRO_GetOutputDataRate
                0x08002e68       0xa4 build/debug/Drivers/BSP/Components/ism330dhcx/ism330dhcx.o
                0x08002e68                ISM330DHCX_GYRO_GetOutputDataRate
 .text.ISM330DHCX_GYRO_GetSensitivity
                0x08002f0c       0x78 build/debug/Drivers/BSP/Components/ism330dhcx/ism330dhcx.o
                0x08002f0c                ISM330DHCX_GYRO_GetSensitivity
 .text.ISM330DHCX_GYRO_GetFullScale
                0x08002f84       0x66 build/debug/Drivers/BSP/Components/ism330dhcx/ism330dhcx.o
                0x08002f84                ISM330DHCX_GYRO_GetFullScale
 .text.ISM330DHCX_GYRO_GetAxesRaw
                0x08002fea       0x2c build/debug/Drivers/BSP/Components/ism330dhcx/ism330dhcx.o
                0x08002fea                ISM330DHCX_GYRO_GetAxesRaw
 .text.ISM330DHCX_GYRO_GetAxes
                0x08003016       0x78 build/debug/Drivers/BSP/Components/ism330dhcx/ism330dhcx.o
                0x08003016                ISM330DHCX_GYRO_GetAxes
 .text.ISM330DHCX_Write_Reg
                0x0800308e       0x22 build/debug/Drivers/BSP/Components/ism330dhcx/ism330dhcx.o
                0x0800308e                ISM330DHCX_Write_Reg
 .text.ISM330DHCX_RegisterBusIO
                0x080030b0       0x78 build/debug/Drivers/BSP/Components/ism330dhcx/ism330dhcx.o
                0x080030b0                ISM330DHCX_RegisterBusIO
 .text.ism330dhcx_read_reg
                0x08003128        0xa build/debug/Drivers/BSP/Components/ism330dhcx/ism330dhcx_reg.o
                0x08003128                ism330dhcx_read_reg
 .text.ism330dhcx_write_reg
                0x08003132        0xa build/debug/Drivers/BSP/Components/ism330dhcx/ism330dhcx_reg.o
                0x08003132                ism330dhcx_write_reg
 .text.ism330dhcx_xl_full_scale_set
                0x0800313c       0x32 build/debug/Drivers/BSP/Components/ism330dhcx/ism330dhcx_reg.o
                0x0800313c                ism330dhcx_xl_full_scale_set
 .text.ism330dhcx_xl_full_scale_get
                0x0800316e       0x44 build/debug/Drivers/BSP/Components/ism330dhcx/ism330dhcx_reg.o
                0x0800316e                ism330dhcx_xl_full_scale_get
 .text.ism330dhcx_xl_data_rate_get
                0x080031b2       0x7a build/debug/Drivers/BSP/Components/ism330dhcx/ism330dhcx_reg.o
                0x080031b2                ism330dhcx_xl_data_rate_get
 .text.ism330dhcx_gy_full_scale_set
                0x0800322c       0x32 build/debug/Drivers/BSP/Components/ism330dhcx/ism330dhcx_reg.o
                0x0800322c                ism330dhcx_gy_full_scale_set
 .text.ism330dhcx_gy_full_scale_get
                0x0800325e       0x5a build/debug/Drivers/BSP/Components/ism330dhcx/ism330dhcx_reg.o
                0x0800325e                ism330dhcx_gy_full_scale_get
 .text.ism330dhcx_gy_data_rate_get
                0x080032b8       0x74 build/debug/Drivers/BSP/Components/ism330dhcx/ism330dhcx_reg.o
                0x080032b8                ism330dhcx_gy_data_rate_get
 .text.ism330dhcx_block_data_update_set
                0x0800332c       0x32 build/debug/Drivers/BSP/Components/ism330dhcx/ism330dhcx_reg.o
                0x0800332c                ism330dhcx_block_data_update_set
 .text.ism330dhcx_angular_rate_raw_get
                0x0800335e       0x44 build/debug/Drivers/BSP/Components/ism330dhcx/ism330dhcx_reg.o
                0x0800335e                ism330dhcx_angular_rate_raw_get
 .text.ism330dhcx_acceleration_raw_get
                0x080033a2       0x44 build/debug/Drivers/BSP/Components/ism330dhcx/ism330dhcx_reg.o
                0x080033a2                ism330dhcx_acceleration_raw_get
 .text.ism330dhcx_device_conf_set
                0x080033e6       0x32 build/debug/Drivers/BSP/Components/ism330dhcx/ism330dhcx_reg.o
                0x080033e6                ism330dhcx_device_conf_set
 .text.ism330dhcx_mem_bank_set
                0x08003418       0x32 build/debug/Drivers/BSP/Components/ism330dhcx/ism330dhcx_reg.o
                0x08003418                ism330dhcx_mem_bank_set
 .text.ism330dhcx_device_id_get
                0x0800344a        0xe build/debug/Drivers/BSP/Components/ism330dhcx/ism330dhcx_reg.o
                0x0800344a                ism330dhcx_device_id_get
 .text.ism330dhcx_reset_set
                0x08003458       0x32 build/debug/Drivers/BSP/Components/ism330dhcx/ism330dhcx_reg.o
                0x08003458                ism330dhcx_reset_set
 .text.ism330dhcx_auto_increment_set
                0x0800348a       0x32 build/debug/Drivers/BSP/Components/ism330dhcx/ism330dhcx_reg.o
                0x0800348a                ism330dhcx_auto_increment_set
 .text.ism330dhcx_fifo_mode_set
                0x080034bc       0x32 build/debug/Drivers/BSP/Components/ism330dhcx/ism330dhcx_reg.o
                0x080034bc                ism330dhcx_fifo_mode_set
 .text.ism330dhcx_fsm_enable_get
                0x080034ee       0x44 build/debug/Drivers/BSP/Components/ism330dhcx/ism330dhcx_reg.o
                0x080034ee                ism330dhcx_fsm_enable_get
 .text.ism330dhcx_fsm_data_rate_get
                0x08003532       0x5e build/debug/Drivers/BSP/Components/ism330dhcx/ism330dhcx_reg.o
                0x08003532                ism330dhcx_fsm_data_rate_get
 .text.ism330dhcx_mlc_get
                0x08003590       0x38 build/debug/Drivers/BSP/Components/ism330dhcx/ism330dhcx_reg.o
                0x08003590                ism330dhcx_mlc_get
 .text.ism330dhcx_mlc_data_rate_get
                0x080035c8       0x5e build/debug/Drivers/BSP/Components/ism330dhcx/ism330dhcx_reg.o
                0x080035c8                ism330dhcx_mlc_data_rate_get
 .text.ism330dhcx_xl_data_rate_set
                0x08003626      0x1ce build/debug/Drivers/BSP/Components/ism330dhcx/ism330dhcx_reg.o
                0x08003626                ism330dhcx_xl_data_rate_set
 .text.ism330dhcx_gy_data_rate_set
                0x080037f4      0x1ce build/debug/Drivers/BSP/Components/ism330dhcx/ism330dhcx_reg.o
                0x080037f4                ism330dhcx_gy_data_rate_set
 *fill*         0x080039c2        0x2 
 .text.ISM330DHCX_0_Probe
                0x080039c4      0x120 build/debug/Drivers/BSP/IKS02A1/iks02a1_motion_sensors.o
 .text.IIS2DLPC_0_Probe
                0x08003ae4      0x108 build/debug/Drivers/BSP/IKS02A1/iks02a1_motion_sensors.o
 .text.IIS2MDC_0_Probe
                0x08003bec      0x104 build/debug/Drivers/BSP/IKS02A1/iks02a1_motion_sensors.o
 .text.IKS02A1_MOTION_SENSOR_Init
                0x08003cf0      0x180 build/debug/Drivers/BSP/IKS02A1/iks02a1_motion_sensors.o
                0x08003cf0                IKS02A1_MOTION_SENSOR_Init
 .text.IKS02A1_MOTION_SENSOR_GetCapabilities
                0x08003e70       0x30 build/debug/Drivers/BSP/IKS02A1/iks02a1_motion_sensors.o
                0x08003e70                IKS02A1_MOTION_SENSOR_GetCapabilities
 .text.IKS02A1_MOTION_SENSOR_GetAxes
                0x08003ea0       0x58 build/debug/Drivers/BSP/IKS02A1/iks02a1_motion_sensors.o
                0x08003ea0                IKS02A1_MOTION_SENSOR_GetAxes
 .text.BUTTON_USER_GPIO_Init
                0x08003ef8       0x5c build/debug/Drivers/BSP/STM32F4xx_Nucleo/stm32f4xx_nucleo.o
 .text.BSP_PB_Init
                0x08003f54       0x5c build/debug/Drivers/BSP/STM32F4xx_Nucleo/stm32f4xx_nucleo.o
                0x08003f54                BSP_PB_Init
 .text.BSP_PB_GetState
                0x08003fb0       0x18 build/debug/Drivers/BSP/STM32F4xx_Nucleo/stm32f4xx_nucleo.o
                0x08003fb0                BSP_PB_GetState
 .text.BUTTON_USER_EXTI_Callback
                0x08003fc8        0xa build/debug/Drivers/BSP/STM32F4xx_Nucleo/stm32f4xx_nucleo.o
 *fill*         0x08003fd2        0x2 
 .text.HAL_Init
                0x08003fd4       0x34 build/debug/Drivers/STM32F4xx_HAL_Driver/Src/stm32f4xx_hal.o
                0x08003fd4                HAL_Init
 .text.HAL_IncTick
                0x08004008       0x18 build/debug/Drivers/STM32F4xx_HAL_Driver/Src/stm32f4xx_hal.o
                0x08004008                HAL_IncTick
 .text.HAL_GetTick
                0x08004020        0xc build/debug/Drivers/STM32F4xx_HAL_Driver/Src/stm32f4xx_hal.o
                0x08004020                HAL_GetTick
 .text.HAL_Delay
                0x0800402c       0x28 build/debug/Drivers/STM32F4xx_HAL_Driver/Src/stm32f4xx_hal.o
                0x0800402c                HAL_Delay
 .text.__NVIC_EnableIRQ
                0x08004054       0x1c build/debug/Drivers/STM32F4xx_HAL_Driver/Src/stm32f4xx_hal_cortex.o
 .text.__NVIC_SetPriority
                0x08004070       0x28 build/debug/Drivers/STM32F4xx_HAL_Driver/Src/stm32f4xx_hal_cortex.o
 .text.NVIC_EncodePriority
                0x08004098       0x3e build/debug/Drivers/STM32F4xx_HAL_Driver/Src/stm32f4xx_hal_cortex.o
 *fill*         0x080040d6        0x2 
 .text.HAL_NVIC_SetPriorityGrouping
                0x080040d8       0x24 build/debug/Drivers/STM32F4xx_HAL_Driver/Src/stm32f4xx_hal_cortex.o
                0x080040d8                HAL_NVIC_SetPriorityGrouping
 .text.HAL_NVIC_SetPriority
                0x080040fc       0x20 build/debug/Drivers/STM32F4xx_HAL_Driver/Src/stm32f4xx_hal_cortex.o
                0x080040fc                HAL_NVIC_SetPriority
 .text.HAL_NVIC_EnableIRQ
                0x0800411c        0x8 build/debug/Drivers/STM32F4xx_HAL_Driver/Src/stm32f4xx_hal_cortex.o
                0x0800411c                HAL_NVIC_EnableIRQ
 .text.DMA_CalcBaseAndBitshift
                0x08004124       0x44 build/debug/Drivers/STM32F4xx_HAL_Driver/Src/stm32f4xx_hal_dma.o
 .text.DMA_CheckFifoParam
                0x08004168       0x8e build/debug/Drivers/STM32F4xx_HAL_Driver/Src/stm32f4xx_hal_dma.o
 *fill*         0x080041f6        0x2 
 .text.HAL_DMA_Init
                0x080041f8       0xcc build/debug/Drivers/STM32F4xx_HAL_Driver/Src/stm32f4xx_hal_dma.o
                0x080041f8                HAL_DMA_Init
 .text.HAL_DMA_IRQHandler
                0x080042c4      0x1dc build/debug/Drivers/STM32F4xx_HAL_Driver/Src/stm32f4xx_hal_dma.o
                0x080042c4                HAL_DMA_IRQHandler
 .text.HAL_EXTI_RegisterCallback
                0x080044a0        0xe build/debug/Drivers/STM32F4xx_HAL_Driver/Src/stm32f4xx_hal_exti.o
                0x080044a0                HAL_EXTI_RegisterCallback
 .text.HAL_EXTI_GetHandle
                0x080044ae        0xc build/debug/Drivers/STM32F4xx_HAL_Driver/Src/stm32f4xx_hal_exti.o
                0x080044ae                HAL_EXTI_GetHandle
 *fill*         0x080044ba        0x2 
 .text.HAL_EXTI_IRQHandler
                0x080044bc       0x24 build/debug/Drivers/STM32F4xx_HAL_Driver/Src/stm32f4xx_hal_exti.o
                0x080044bc                HAL_EXTI_IRQHandler
 .text.HAL_GPIO_Init
                0x080044e0      0x1c8 build/debug/Drivers/STM32F4xx_HAL_Driver/Src/stm32f4xx_hal_gpio.o
                0x080044e0                HAL_GPIO_Init
 .text.HAL_GPIO_DeInit
                0x080046a8      0x110 build/debug/Drivers/STM32F4xx_HAL_Driver/Src/stm32f4xx_hal_gpio.o
                0x080046a8                HAL_GPIO_DeInit
 .text.HAL_GPIO_ReadPin
                0x080047b8        0xe build/debug/Drivers/STM32F4xx_HAL_Driver/Src/stm32f4xx_hal_gpio.o
                0x080047b8                HAL_GPIO_ReadPin
 .text.HAL_GPIO_WritePin
                0x080047c6        0xc build/debug/Drivers/STM32F4xx_HAL_Driver/Src/stm32f4xx_hal_gpio.o
                0x080047c6                HAL_GPIO_WritePin
 .text.HAL_GPIO_TogglePin
                0x080047d2       0x12 build/debug/Drivers/STM32F4xx_HAL_Driver/Src/stm32f4xx_hal_gpio.o
                0x080047d2                HAL_GPIO_TogglePin
 .text.I2C_IsAcknowledgeFailed
                0x080047e4       0x32 build/debug/Drivers/STM32F4xx_HAL_Driver/Src/stm32f4xx_hal_i2c.o
 .text.I2C_WaitOnFlagUntilTimeout
                0x08004816       0xaa build/debug/Drivers/STM32F4xx_HAL_Driver/Src/stm32f4xx_hal_i2c.o
 .text.I2C_WaitOnMasterAddressFlagUntilTimeout
                0x080048c0       0xd6 build/debug/Drivers/STM32F4xx_HAL_Driver/Src/stm32f4xx_hal_i2c.o
 .text.I2C_WaitOnTXEFlagUntilTimeout
                0x08004996       0x5e build/debug/Drivers/STM32F4xx_HAL_Driver/Src/stm32f4xx_hal_i2c.o
 .text.I2C_RequestMemoryWrite
                0x080049f4       0xd8 build/debug/Drivers/STM32F4xx_HAL_Driver/Src/stm32f4xx_hal_i2c.o
 .text.I2C_RequestMemoryRead
                0x08004acc      0x154 build/debug/Drivers/STM32F4xx_HAL_Driver/Src/stm32f4xx_hal_i2c.o
 .text.I2C_WaitOnBTFFlagUntilTimeout
                0x08004c20       0x5e build/debug/Drivers/STM32F4xx_HAL_Driver/Src/stm32f4xx_hal_i2c.o
 .text.I2C_WaitOnRXNEFlagUntilTimeout
                0x08004c7e       0x78 build/debug/Drivers/STM32F4xx_HAL_Driver/Src/stm32f4xx_hal_i2c.o
 .text.HAL_I2C_MspInit
                0x08004cf6        0x2 build/debug/Drivers/STM32F4xx_HAL_Driver/Src/stm32f4xx_hal_i2c.o
                0x08004cf6                HAL_I2C_MspInit
 .text.HAL_I2C_Init
                0x08004cf8      0x1bc build/debug/Drivers/STM32F4xx_HAL_Driver/Src/stm32f4xx_hal_i2c.o
                0x08004cf8                HAL_I2C_Init
 .text.HAL_I2C_MspDeInit
                0x08004eb4        0x2 build/debug/Drivers/STM32F4xx_HAL_Driver/Src/stm32f4xx_hal_i2c.o
                0x08004eb4                HAL_I2C_MspDeInit
 .text.HAL_I2C_DeInit
                0x08004eb6       0x32 build/debug/Drivers/STM32F4xx_HAL_Driver/Src/stm32f4xx_hal_i2c.o
                0x08004eb6                HAL_I2C_DeInit
 .text.HAL_I2C_Mem_Write
                0x08004ee8      0x164 build/debug/Drivers/STM32F4xx_HAL_Driver/Src/stm32f4xx_hal_i2c.o
                0x08004ee8                HAL_I2C_Mem_Write
 .text.HAL_I2C_Mem_Read
                0x0800504c      0x2f8 build/debug/Drivers/STM32F4xx_HAL_Driver/Src/stm32f4xx_hal_i2c.o
                0x0800504c                HAL_I2C_Mem_Read
 .text.HAL_I2C_GetState
                0x08005344        0x6 build/debug/Drivers/STM32F4xx_HAL_Driver/Src/stm32f4xx_hal_i2c.o
                0x08005344                HAL_I2C_GetState
 .text.HAL_I2C_GetError
                0x0800534a        0x4 build/debug/Drivers/STM32F4xx_HAL_Driver/Src/stm32f4xx_hal_i2c.o
                0x0800534a                HAL_I2C_GetError
 *fill*         0x0800534e        0x2 
 .text.HAL_RCC_OscConfig
                0x08005350      0x3f8 build/debug/Drivers/STM32F4xx_HAL_Driver/Src/stm32f4xx_hal_rcc.o
                0x08005350                HAL_RCC_OscConfig
 .text.HAL_RCC_GetSysClockFreq
                0x08005748       0xdc build/debug/Drivers/STM32F4xx_HAL_Driver/Src/stm32f4xx_hal_rcc.o
                0x08005748                HAL_RCC_GetSysClockFreq
 .text.HAL_RCC_ClockConfig
                0x08005824      0x160 build/debug/Drivers/STM32F4xx_HAL_Driver/Src/stm32f4xx_hal_rcc.o
                0x08005824                HAL_RCC_ClockConfig
 .text.HAL_RCC_GetHCLKFreq
                0x08005984        0xc build/debug/Drivers/STM32F4xx_HAL_Driver/Src/stm32f4xx_hal_rcc.o
                0x08005984                HAL_RCC_GetHCLKFreq
 .text.HAL_RCC_GetPCLK1Freq
                0x08005990       0x20 build/debug/Drivers/STM32F4xx_HAL_Driver/Src/stm32f4xx_hal_rcc.o
                0x08005990                HAL_RCC_GetPCLK1Freq
 .text.HAL_RCC_GetPCLK2Freq
                0x080059b0       0x20 build/debug/Drivers/STM32F4xx_HAL_Driver/Src/stm32f4xx_hal_rcc.o
                0x080059b0                HAL_RCC_GetPCLK2Freq
 .text.HAL_RCC_GetClockConfig
                0x080059d0       0x3c build/debug/Drivers/STM32F4xx_HAL_Driver/Src/stm32f4xx_hal_rcc.o
                0x080059d0                HAL_RCC_GetClockConfig
 .text.TIM_TI1_ConfigInputStage
                0x08005a0c       0x26 build/debug/Drivers/STM32F4xx_HAL_Driver/Src/stm32f4xx_hal_tim.o
 .text.TIM_TI2_ConfigInputStage
                0x08005a32       0x28 build/debug/Drivers/STM32F4xx_HAL_Driver/Src/stm32f4xx_hal_tim.o
 .text.TIM_ITRx_SetConfig
                0x08005a5a       0x10 build/debug/Drivers/STM32F4xx_HAL_Driver/Src/stm32f4xx_hal_tim.o
 *fill*         0x08005a6a        0x2 
 .text.HAL_TIM_Base_Start_IT
                0x08005a6c       0x78 build/debug/Drivers/STM32F4xx_HAL_Driver/Src/stm32f4xx_hal_tim.o
                0x08005a6c                HAL_TIM_Base_Start_IT
 .text.HAL_TIM_OC_DelayElapsedCallback
                0x08005ae4        0x2 build/debug/Drivers/STM32F4xx_HAL_Driver/Src/stm32f4xx_hal_tim.o
                0x08005ae4                HAL_TIM_OC_DelayElapsedCallback
 .text.HAL_TIM_IC_CaptureCallback
                0x08005ae6        0x2 build/debug/Drivers/STM32F4xx_HAL_Driver/Src/stm32f4xx_hal_tim.o
                0x08005ae6                HAL_TIM_IC_CaptureCallback
 .text.HAL_TIM_PWM_PulseFinishedCallback
                0x08005ae8        0x2 build/debug/Drivers/STM32F4xx_HAL_Driver/Src/stm32f4xx_hal_tim.o
                0x08005ae8                HAL_TIM_PWM_PulseFinishedCallback
 .text.HAL_TIM_TriggerCallback
                0x08005aea        0x2 build/debug/Drivers/STM32F4xx_HAL_Driver/Src/stm32f4xx_hal_tim.o
                0x08005aea                HAL_TIM_TriggerCallback
 .text.HAL_TIM_IRQHandler
                0x08005aec      0x15e build/debug/Drivers/STM32F4xx_HAL_Driver/Src/stm32f4xx_hal_tim.o
                0x08005aec                HAL_TIM_IRQHandler
 *fill*         0x08005c4a        0x2 
 .text.TIM_Base_SetConfig
                0x08005c4c       0xac build/debug/Drivers/STM32F4xx_HAL_Driver/Src/stm32f4xx_hal_tim.o
                0x08005c4c                TIM_Base_SetConfig
 .text.HAL_TIM_Base_Init
                0x08005cf8       0x58 build/debug/Drivers/STM32F4xx_HAL_Driver/Src/stm32f4xx_hal_tim.o
                0x08005cf8                HAL_TIM_Base_Init
 .text.TIM_ETR_SetConfig
                0x08005d50       0x1a build/debug/Drivers/STM32F4xx_HAL_Driver/Src/stm32f4xx_hal_tim.o
                0x08005d50                TIM_ETR_SetConfig
 .text.HAL_TIM_ConfigClockSource
                0x08005d6a       0xfe build/debug/Drivers/STM32F4xx_HAL_Driver/Src/stm32f4xx_hal_tim.o
                0x08005d6a                HAL_TIM_ConfigClockSource
 .text.HAL_TIMEx_MasterConfigSynchronization
                0x08005e68       0x7c build/debug/Drivers/STM32F4xx_HAL_Driver/Src/stm32f4xx_hal_tim_ex.o
                0x08005e68                HAL_TIMEx_MasterConfigSynchronization
 .text.HAL_TIMEx_CommutCallback
                0x08005ee4        0x2 build/debug/Drivers/STM32F4xx_HAL_Driver/Src/stm32f4xx_hal_tim_ex.o
                0x08005ee4                HAL_TIMEx_CommutCallback
 .text.HAL_TIMEx_BreakCallback
                0x08005ee6        0x2 build/debug/Drivers/STM32F4xx_HAL_Driver/Src/stm32f4xx_hal_tim_ex.o
                0x08005ee6                HAL_TIMEx_BreakCallback
 .text.UART_EndRxTransfer
                0x08005ee8       0x5c build/debug/Drivers/STM32F4xx_HAL_Driver/Src/stm32f4xx_hal_uart.o
 .text.UART_SetConfig
                0x08005f44      0x110 build/debug/Drivers/STM32F4xx_HAL_Driver/Src/stm32f4xx_hal_uart.o
 .text.UART_WaitOnFlagUntilTimeout
                0x08006054       0x86 build/debug/Drivers/STM32F4xx_HAL_Driver/Src/stm32f4xx_hal_uart.o
 .text.HAL_UART_Init
                0x080060da       0x60 build/debug/Drivers/STM32F4xx_HAL_Driver/Src/stm32f4xx_hal_uart.o
                0x080060da                HAL_UART_Init
 .text.HAL_UART_Transmit
                0x0800613a       0xcc build/debug/Drivers/STM32F4xx_HAL_Driver/Src/stm32f4xx_hal_uart.o
                0x0800613a                HAL_UART_Transmit
 *fill*         0x08006206        0x2 
 .text.floatToInt
                0x08006208       0xc4 build/debug/MEMS/App/app_mems.o
 .text.MX_IKS02A1_DataLogTerminal_Init
                0x080062cc      0x120 build/debug/MEMS/App/app_mems.o
 .text.MX_MEMS_Init
                0x080063ec        0x8 build/debug/MEMS/App/app_mems.o
                0x080063ec                MX_MEMS_Init
 .text.BSP_PB_Callback
                0x080063f4        0xc build/debug/MEMS/App/app_mems.o
                0x080063f4                BSP_PB_Callback
 .text.Reset_Handler
                0x08006400       0x50 build/debug/startup_stm32f411xe.o
                0x08006400                Reset_Handler
 .text.Default_Handler
                0x08006450        0x2 build/debug/startup_stm32f411xe.o
                0x08006450                RTC_Alarm_IRQHandler
                0x08006450                EXTI2_IRQHandler
                0x08006450                SPI4_IRQHandler
                0x08006450                TIM1_CC_IRQHandler
                0x08006450                DMA2_Stream5_IRQHandler
                0x08006450                PVD_IRQHandler
                0x08006450                SDIO_IRQHandler
                0x08006450                TAMP_STAMP_IRQHandler
                0x08006450                EXTI3_IRQHandler
                0x08006450                I2C3_ER_IRQHandler
                0x08006450                EXTI0_IRQHandler
                0x08006450                I2C2_EV_IRQHandler
                0x08006450                DMA1_Stream2_IRQHandler
                0x08006450                FPU_IRQHandler
                0x08006450                DMA2_Stream2_IRQHandler
                0x08006450                SPI1_IRQHandler
                0x08006450                TIM1_BRK_TIM9_IRQHandler
                0x08006450                DMA2_Stream3_IRQHandler
                0x08006450                USART6_IRQHandler
                0x08006450                DMA2_Stream0_IRQHandler
                0x08006450                TIM4_IRQHandler
                0x08006450                I2C1_EV_IRQHandler
                0x08006450                DMA1_Stream6_IRQHandler
                0x08006450                DMA1_Stream1_IRQHandler
                0x08006450                TIM3_IRQHandler
                0x08006450                RCC_IRQHandler
                0x08006450                Default_Handler
                0x08006450                ADC_IRQHandler
                0x08006450                DMA1_Stream7_IRQHandler
                0x08006450                SPI5_IRQHandler
                0x08006450                TIM5_IRQHandler
                0x08006450                DMA2_Stream7_IRQHandler
                0x08006450                I2C3_EV_IRQHandler
                0x08006450                EXTI9_5_IRQHandler
                0x08006450                RTC_WKUP_IRQHandler
                0x08006450                SPI2_IRQHandler
                0x08006450                DMA1_Stream0_IRQHandler
                0x08006450                EXTI4_IRQHandler
                0x08006450                WWDG_IRQHandler
                0x08006450                OTG_FS_WKUP_IRQHandler
                0x08006450                TIM1_TRG_COM_TIM11_IRQHandler
                0x08006450                EXTI1_IRQHandler
                0x08006450                USART2_IRQHandler
                0x08006450                I2C2_ER_IRQHandler
                0x08006450                DMA2_Stream1_IRQHandler
                0x08006450                FLASH_IRQHandler
                0x08006450                DMA2_Stream4_IRQHandler
                0x08006450                USART1_IRQHandler
                0x08006450                OTG_FS_IRQHandler
                0x08006450                SPI3_IRQHandler
                0x08006450                DMA1_Stream4_IRQHandler
                0x08006450                I2C1_ER_IRQHandler
                0x08006450                DMA2_Stream6_IRQHandler
                0x08006450                DMA1_Stream3_IRQHandler
 *fill*         0x08006452        0x2 
 .text.std      0x08006454       0x6c c:/users/jessejabezarendse/appdata/roaming/code/user/globalstorage/bmd.stm32-for-vscode/@xpack-dev-tools/arm-none-eabi-gcc/12.3.1-1.2.1/.content/bin/../lib/gcc/arm-none-eabi/12.3.1/../../../../arm-none-eabi/lib/thumb/v7e-m+fp/hard\libc_nano.a(libc_a-findfp.o)
 .text.stdio_exit_handler
                0x080064c0       0x18 c:/users/jessejabezarendse/appdata/roaming/code/user/globalstorage/bmd.stm32-for-vscode/@xpack-dev-tools/arm-none-eabi-gcc/12.3.1-1.2.1/.content/bin/../lib/gcc/arm-none-eabi/12.3.1/../../../../arm-none-eabi/lib/thumb/v7e-m+fp/hard\libc_nano.a(libc_a-findfp.o)
 .text.cleanup_stdio
                0x080064d8       0x40 c:/users/jessejabezarendse/appdata/roaming/code/user/globalstorage/bmd.stm32-for-vscode/@xpack-dev-tools/arm-none-eabi-gcc/12.3.1-1.2.1/.content/bin/../lib/gcc/arm-none-eabi/12.3.1/../../../../arm-none-eabi/lib/thumb/v7e-m+fp/hard\libc_nano.a(libc_a-findfp.o)
 .text.global_stdio_init.part.0
                0x08006518       0x3c c:/users/jessejabezarendse/appdata/roaming/code/user/globalstorage/bmd.stm32-for-vscode/@xpack-dev-tools/arm-none-eabi-gcc/12.3.1-1.2.1/.content/bin/../lib/gcc/arm-none-eabi/12.3.1/../../../../arm-none-eabi/lib/thumb/v7e-m+fp/hard\libc_nano.a(libc_a-findfp.o)
 .text.__sfp_lock_acquire
                0x08006554        0xc c:/users/jessejabezarendse/appdata/roaming/code/user/globalstorage/bmd.stm32-for-vscode/@xpack-dev-tools/arm-none-eabi-gcc/12.3.1-1.2.1/.content/bin/../lib/gcc/arm-none-eabi/12.3.1/../../../../arm-none-eabi/lib/thumb/v7e-m+fp/hard\libc_nano.a(libc_a-findfp.o)
                0x08006554                __sfp_lock_acquire
 .text.__sfp_lock_release
                0x08006560        0xc c:/users/jessejabezarendse/appdata/roaming/code/user/globalstorage/bmd.stm32-for-vscode/@xpack-dev-tools/arm-none-eabi-gcc/12.3.1-1.2.1/.content/bin/../lib/gcc/arm-none-eabi/12.3.1/../../../../arm-none-eabi/lib/thumb/v7e-m+fp/hard\libc_nano.a(libc_a-findfp.o)
                0x08006560                __sfp_lock_release
 .text.__sinit  0x0800656c       0x30 c:/users/jessejabezarendse/appdata/roaming/code/user/globalstorage/bmd.stm32-for-vscode/@xpack-dev-tools/arm-none-eabi-gcc/12.3.1-1.2.1/.content/bin/../lib/gcc/arm-none-eabi/12.3.1/../../../../arm-none-eabi/lib/thumb/v7e-m+fp/hard\libc_nano.a(libc_a-findfp.o)
                0x0800656c                __sinit
 .text._fwalk_sglue
                0x0800659c       0x3c c:/users/jessejabezarendse/appdata/roaming/code/user/globalstorage/bmd.stm32-for-vscode/@xpack-dev-tools/arm-none-eabi-gcc/12.3.1-1.2.1/.content/bin/../lib/gcc/arm-none-eabi/12.3.1/../../../../arm-none-eabi/lib/thumb/v7e-m+fp/hard\libc_nano.a(libc_a-fwalk.o)
                0x0800659c                _fwalk_sglue
 .text.printf   0x080065d8       0x24 c:/users/jessejabezarendse/appdata/roaming/code/user/globalstorage/bmd.stm32-for-vscode/@xpack-dev-tools/arm-none-eabi-gcc/12.3.1-1.2.1/.content/bin/../lib/gcc/arm-none-eabi/12.3.1/../../../../arm-none-eabi/lib/thumb/v7e-m+fp/hard\libc_nano.a(libc_a-printf.o)
                0x080065d8                iprintf
                0x080065d8                printf
 .text.snprintf
                0x080065fc       0x68 c:/users/jessejabezarendse/appdata/roaming/code/user/globalstorage/bmd.stm32-for-vscode/@xpack-dev-tools/arm-none-eabi-gcc/12.3.1-1.2.1/.content/bin/../lib/gcc/arm-none-eabi/12.3.1/../../../../arm-none-eabi/lib/thumb/v7e-m+fp/hard\libc_nano.a(libc_a-snprintf.o)
                0x080065fc                sniprintf
                0x080065fc                snprintf
 .text.__sread  0x08006664       0x22 c:/users/jessejabezarendse/appdata/roaming/code/user/globalstorage/bmd.stm32-for-vscode/@xpack-dev-tools/arm-none-eabi-gcc/12.3.1-1.2.1/.content/bin/../lib/gcc/arm-none-eabi/12.3.1/../../../../arm-none-eabi/lib/thumb/v7e-m+fp/hard\libc_nano.a(libc_a-stdio.o)
                0x08006664                __sread
 .text.__swrite
                0x08006686       0x38 c:/users/jessejabezarendse/appdata/roaming/code/user/globalstorage/bmd.stm32-for-vscode/@xpack-dev-tools/arm-none-eabi-gcc/12.3.1-1.2.1/.content/bin/../lib/gcc/arm-none-eabi/12.3.1/../../../../arm-none-eabi/lib/thumb/v7e-m+fp/hard\libc_nano.a(libc_a-stdio.o)
                0x08006686                __swrite
 .text.__sseek  0x080066be       0x24 c:/users/jessejabezarendse/appdata/roaming/code/user/globalstorage/bmd.stm32-for-vscode/@xpack-dev-tools/arm-none-eabi-gcc/12.3.1-1.2.1/.content/bin/../lib/gcc/arm-none-eabi/12.3.1/../../../../arm-none-eabi/lib/thumb/v7e-m+fp/hard\libc_nano.a(libc_a-stdio.o)
                0x080066be                __sseek
 .text.__sclose
                0x080066e2        0x8 c:/users/jessejabezarendse/appdata/roaming/code/user/globalstorage/bmd.stm32-for-vscode/@xpack-dev-tools/arm-none-eabi-gcc/12.3.1-1.2.1/.content/bin/../lib/gcc/arm-none-eabi/12.3.1/../../../../arm-none-eabi/lib/thumb/v7e-m+fp/hard\libc_nano.a(libc_a-stdio.o)
                0x080066e2                __sclose
 .text.memset   0x080066ea       0x10 c:/users/jessejabezarendse/appdata/roaming/code/user/globalstorage/bmd.stm32-for-vscode/@xpack-dev-tools/arm-none-eabi-gcc/12.3.1-1.2.1/.content/bin/../lib/gcc/arm-none-eabi/12.3.1/../../../../arm-none-eabi/lib/thumb/v7e-m+fp/hard\libc_nano.a(libc_a-memset.o)
                0x080066ea                memset
 *fill*         0x080066fa        0x2 
 .text._close_r
                0x080066fc       0x20 c:/users/jessejabezarendse/appdata/roaming/code/user/globalstorage/bmd.stm32-for-vscode/@xpack-dev-tools/arm-none-eabi-gcc/12.3.1-1.2.1/.content/bin/../lib/gcc/arm-none-eabi/12.3.1/../../../../arm-none-eabi/lib/thumb/v7e-m+fp/hard\libc_nano.a(libc_a-closer.o)
                0x080066fc                _close_r
 .text._lseek_r
                0x0800671c       0x24 c:/users/jessejabezarendse/appdata/roaming/code/user/globalstorage/bmd.stm32-for-vscode/@xpack-dev-tools/arm-none-eabi-gcc/12.3.1-1.2.1/.content/bin/../lib/gcc/arm-none-eabi/12.3.1/../../../../arm-none-eabi/lib/thumb/v7e-m+fp/hard\libc_nano.a(libc_a-lseekr.o)
                0x0800671c                _lseek_r
 .text._read_r  0x08006740       0x24 c:/users/jessejabezarendse/appdata/roaming/code/user/globalstorage/bmd.stm32-for-vscode/@xpack-dev-tools/arm-none-eabi-gcc/12.3.1-1.2.1/.content/bin/../lib/gcc/arm-none-eabi/12.3.1/../../../../arm-none-eabi/lib/thumb/v7e-m+fp/hard\libc_nano.a(libc_a-readr.o)
                0x08006740                _read_r
 .text._write_r
                0x08006764       0x24 c:/users/jessejabezarendse/appdata/roaming/code/user/globalstorage/bmd.stm32-for-vscode/@xpack-dev-tools/arm-none-eabi-gcc/12.3.1-1.2.1/.content/bin/../lib/gcc/arm-none-eabi/12.3.1/../../../../arm-none-eabi/lib/thumb/v7e-m+fp/hard\libc_nano.a(libc_a-writer.o)
                0x08006764                _write_r
 .text.__errno  0x08006788        0xc c:/users/jessejabezarendse/appdata/roaming/code/user/globalstorage/bmd.stm32-for-vscode/@xpack-dev-tools/arm-none-eabi-gcc/12.3.1-1.2.1/.content/bin/../lib/gcc/arm-none-eabi/12.3.1/../../../../arm-none-eabi/lib/thumb/v7e-m+fp/hard\libc_nano.a(libc_a-errno.o)
                0x08006788                __errno
 .text.__libc_init_array
                0x08006794       0x48 c:/users/jessejabezarendse/appdata/roaming/code/user/globalstorage/bmd.stm32-for-vscode/@xpack-dev-tools/arm-none-eabi-gcc/12.3.1-1.2.1/.content/bin/../lib/gcc/arm-none-eabi/12.3.1/../../../../arm-none-eabi/lib/thumb/v7e-m+fp/hard\libc_nano.a(libc_a-init.o)
                0x08006794                __libc_init_array
 .text.__retarget_lock_init_recursive
                0x080067dc        0x2 c:/users/jessejabezarendse/appdata/roaming/code/user/globalstorage/bmd.stm32-for-vscode/@xpack-dev-tools/arm-none-eabi-gcc/12.3.1-1.2.1/.content/bin/../lib/gcc/arm-none-eabi/12.3.1/../../../../arm-none-eabi/lib/thumb/v7e-m+fp/hard\libc_nano.a(libc_a-lock.o)
                0x080067dc                __retarget_lock_init_recursive
 .text.__retarget_lock_acquire_recursive
                0x080067de        0x2 c:/users/jessejabezarendse/appdata/roaming/code/user/globalstorage/bmd.stm32-for-vscode/@xpack-dev-tools/arm-none-eabi-gcc/12.3.1-1.2.1/.content/bin/../lib/gcc/arm-none-eabi/12.3.1/../../../../arm-none-eabi/lib/thumb/v7e-m+fp/hard\libc_nano.a(libc_a-lock.o)
                0x080067de                __retarget_lock_acquire_recursive
 .text.__retarget_lock_release_recursive
                0x080067e0        0x2 c:/users/jessejabezarendse/appdata/roaming/code/user/globalstorage/bmd.stm32-for-vscode/@xpack-dev-tools/arm-none-eabi-gcc/12.3.1-1.2.1/.content/bin/../lib/gcc/arm-none-eabi/12.3.1/../../../../arm-none-eabi/lib/thumb/v7e-m+fp/hard\libc_nano.a(libc_a-lock.o)
                0x080067e0                __retarget_lock_release_recursive
 *fill*         0x080067e2        0x2 
 .text._free_r  0x080067e4       0x94 c:/users/jessejabezarendse/appdata/roaming/code/user/globalstorage/bmd.stm32-for-vscode/@xpack-dev-tools/arm-none-eabi-gcc/12.3.1-1.2.1/.content/bin/../lib/gcc/arm-none-eabi/12.3.1/../../../../arm-none-eabi/lib/thumb/v7e-m+fp/hard\libc_nano.a(libc_a-freer.o)
                0x080067e4                _free_r
 .text.sbrk_aligned
                0x08006878       0x44 c:/users/jessejabezarendse/appdata/roaming/code/user/globalstorage/bmd.stm32-for-vscode/@xpack-dev-tools/arm-none-eabi-gcc/12.3.1-1.2.1/.content/bin/../lib/gcc/arm-none-eabi/12.3.1/../../../../arm-none-eabi/lib/thumb/v7e-m+fp/hard\libc_nano.a(libc_a-mallocr.o)
 .text._malloc_r
                0x080068bc      0x100 c:/users/jessejabezarendse/appdata/roaming/code/user/globalstorage/bmd.stm32-for-vscode/@xpack-dev-tools/arm-none-eabi-gcc/12.3.1-1.2.1/.content/bin/../lib/gcc/arm-none-eabi/12.3.1/../../../../arm-none-eabi/lib/thumb/v7e-m+fp/hard\libc_nano.a(libc_a-mallocr.o)
                0x080068bc                _malloc_r
 .text.__malloc_lock
                0x080069bc        0xc c:/users/jessejabezarendse/appdata/roaming/code/user/globalstorage/bmd.stm32-for-vscode/@xpack-dev-tools/arm-none-eabi-gcc/12.3.1-1.2.1/.content/bin/../lib/gcc/arm-none-eabi/12.3.1/../../../../arm-none-eabi/lib/thumb/v7e-m+fp/hard\libc_nano.a(libc_a-mlock.o)
                0x080069bc                __malloc_lock
 .text.__malloc_unlock
                0x080069c8        0xc c:/users/jessejabezarendse/appdata/roaming/code/user/globalstorage/bmd.stm32-for-vscode/@xpack-dev-tools/arm-none-eabi-gcc/12.3.1-1.2.1/.content/bin/../lib/gcc/arm-none-eabi/12.3.1/../../../../arm-none-eabi/lib/thumb/v7e-m+fp/hard\libc_nano.a(libc_a-mlock.o)
                0x080069c8                __malloc_unlock
 .text.__ssputs_r
                0x080069d4       0xb6 c:/users/jessejabezarendse/appdata/roaming/code/user/globalstorage/bmd.stm32-for-vscode/@xpack-dev-tools/arm-none-eabi-gcc/12.3.1-1.2.1/.content/bin/../lib/gcc/arm-none-eabi/12.3.1/../../../../arm-none-eabi/lib/thumb/v7e-m+fp/hard\libc_nano.a(libc_a-nano-svfprintf.o)
                0x080069d4                __ssputs_r
 *fill*         0x08006a8a        0x2 
 .text._svfprintf_r
                0x08006a8c      0x1f8 c:/users/jessejabezarendse/appdata/roaming/code/user/globalstorage/bmd.stm32-for-vscode/@xpack-dev-tools/arm-none-eabi-gcc/12.3.1-1.2.1/.content/bin/../lib/gcc/arm-none-eabi/12.3.1/../../../../arm-none-eabi/lib/thumb/v7e-m+fp/hard\libc_nano.a(libc_a-nano-svfprintf.o)
                0x08006a8c                _svfiprintf_r
                0x08006a8c                _svfprintf_r
 .text.__sfputc_r
                0x08006c84       0x2e c:/users/jessejabezarendse/appdata/roaming/code/user/globalstorage/bmd.stm32-for-vscode/@xpack-dev-tools/arm-none-eabi-gcc/12.3.1-1.2.1/.content/bin/../lib/gcc/arm-none-eabi/12.3.1/../../../../arm-none-eabi/lib/thumb/v7e-m+fp/hard\libc_nano.a(libc_a-nano-vfprintf.o)
 .text.__sfputs_r
                0x08006cb2       0x24 c:/users/jessejabezarendse/appdata/roaming/code/user/globalstorage/bmd.stm32-for-vscode/@xpack-dev-tools/arm-none-eabi-gcc/12.3.1-1.2.1/.content/bin/../lib/gcc/arm-none-eabi/12.3.1/../../../../arm-none-eabi/lib/thumb/v7e-m+fp/hard\libc_nano.a(libc_a-nano-vfprintf.o)
                0x08006cb2                __sfputs_r
 *fill*         0x08006cd6        0x2 
 .text._vfprintf_r
                0x08006cd8      0x230 c:/users/jessejabezarendse/appdata/roaming/code/user/globalstorage/bmd.stm32-for-vscode/@xpack-dev-tools/arm-none-eabi-gcc/12.3.1-1.2.1/.content/bin/../lib/gcc/arm-none-eabi/12.3.1/../../../../arm-none-eabi/lib/thumb/v7e-m+fp/hard\libc_nano.a(libc_a-nano-vfprintf.o)
                0x08006cd8                _vfprintf_r
                0x08006cd8                _vfiprintf_r
 .text._printf_common
                0x08006f08       0xda c:/users/jessejabezarendse/appdata/roaming/code/user/globalstorage/bmd.stm32-for-vscode/@xpack-dev-tools/arm-none-eabi-gcc/12.3.1-1.2.1/.content/bin/../lib/gcc/arm-none-eabi/12.3.1/../../../../arm-none-eabi/lib/thumb/v7e-m+fp/hard\libc_nano.a(libc_a-nano-vfprintf_i.o)
                0x08006f08                _printf_common
 *fill*         0x08006fe2        0x2 
 .text._printf_i
                0x08006fe4      0x258 c:/users/jessejabezarendse/appdata/roaming/code/user/globalstorage/bmd.stm32-for-vscode/@xpack-dev-tools/arm-none-eabi-gcc/12.3.1-1.2.1/.content/bin/../lib/gcc/arm-none-eabi/12.3.1/../../../../arm-none-eabi/lib/thumb/v7e-m+fp/hard\libc_nano.a(libc_a-nano-vfprintf_i.o)
                0x08006fe4                _printf_i
 .text.__sflush_r
                0x0800723c      0x108 c:/users/jessejabezarendse/appdata/roaming/code/user/globalstorage/bmd.stm32-for-vscode/@xpack-dev-tools/arm-none-eabi-gcc/12.3.1-1.2.1/.content/bin/../lib/gcc/arm-none-eabi/12.3.1/../../../../arm-none-eabi/lib/thumb/v7e-m+fp/hard\libc_nano.a(libc_a-fflush.o)
                0x0800723c                __sflush_r
 .text._fflush_r
                0x08007344       0x50 c:/users/jessejabezarendse/appdata/roaming/code/user/globalstorage/bmd.stm32-for-vscode/@xpack-dev-tools/arm-none-eabi-gcc/12.3.1-1.2.1/.content/bin/../lib/gcc/arm-none-eabi/12.3.1/../../../../arm-none-eabi/lib/thumb/v7e-m+fp/hard\libc_nano.a(libc_a-fflush.o)
                0x08007344                _fflush_r
 .text.__swbuf_r
                0x08007394       0x7c c:/users/jessejabezarendse/appdata/roaming/code/user/globalstorage/bmd.stm32-for-vscode/@xpack-dev-tools/arm-none-eabi-gcc/12.3.1-1.2.1/.content/bin/../lib/gcc/arm-none-eabi/12.3.1/../../../../arm-none-eabi/lib/thumb/v7e-m+fp/hard\libc_nano.a(libc_a-wbuf.o)
                0x08007394                __swbuf_r
 .text.__swsetup_r
                0x08007410       0xac c:/users/jessejabezarendse/appdata/roaming/code/user/globalstorage/bmd.stm32-for-vscode/@xpack-dev-tools/arm-none-eabi-gcc/12.3.1-1.2.1/.content/bin/../lib/gcc/arm-none-eabi/12.3.1/../../../../arm-none-eabi/lib/thumb/v7e-m+fp/hard\libc_nano.a(libc_a-wsetup.o)
                0x08007410                __swsetup_r
 .text.memmove  0x080074bc       0x34 c:/users/jessejabezarendse/appdata/roaming/code/user/globalstorage/bmd.stm32-for-vscode/@xpack-dev-tools/arm-none-eabi-gcc/12.3.1-1.2.1/.content/bin/../lib/gcc/arm-none-eabi/12.3.1/../../../../arm-none-eabi/lib/thumb/v7e-m+fp/hard\libc_nano.a(libc_a-memmove.o)
                0x080074bc                memmove
 .text._sbrk_r  0x080074f0       0x20 c:/users/jessejabezarendse/appdata/roaming/code/user/globalstorage/bmd.stm32-for-vscode/@xpack-dev-tools/arm-none-eabi-gcc/12.3.1-1.2.1/.content/bin/../lib/gcc/arm-none-eabi/12.3.1/../../../../arm-none-eabi/lib/thumb/v7e-m+fp/hard\libc_nano.a(libc_a-sbrkr.o)
                0x080074f0                _sbrk_r
 .text.memcpy   0x08007510       0x1c c:/users/jessejabezarendse/appdata/roaming/code/user/globalstorage/bmd.stm32-for-vscode/@xpack-dev-tools/arm-none-eabi-gcc/12.3.1-1.2.1/.content/bin/../lib/gcc/arm-none-eabi/12.3.1/../../../../arm-none-eabi/lib/thumb/v7e-m+fp/hard\libc_nano.a(libc_a-memcpy-stub.o)
                0x08007510                memcpy
 .text._realloc_r
                0x0800752c       0x5c c:/users/jessejabezarendse/appdata/roaming/code/user/globalstorage/bmd.stm32-for-vscode/@xpack-dev-tools/arm-none-eabi-gcc/12.3.1-1.2.1/.content/bin/../lib/gcc/arm-none-eabi/12.3.1/../../../../arm-none-eabi/lib/thumb/v7e-m+fp/hard\libc_nano.a(libc_a-reallocr.o)
                0x0800752c                _realloc_r
 .text.__swhatbuf_r
                0x08007588       0x4c c:/users/jessejabezarendse/appdata/roaming/code/user/globalstorage/bmd.stm32-for-vscode/@xpack-dev-tools/arm-none-eabi-gcc/12.3.1-1.2.1/.content/bin/../lib/gcc/arm-none-eabi/12.3.1/../../../../arm-none-eabi/lib/thumb/v7e-m+fp/hard\libc_nano.a(libc_a-makebuf.o)
                0x08007588                __swhatbuf_r
 .text.__smakebuf_r
                0x080075d4       0x78 c:/users/jessejabezarendse/appdata/roaming/code/user/globalstorage/bmd.stm32-for-vscode/@xpack-dev-tools/arm-none-eabi-gcc/12.3.1-1.2.1/.content/bin/../lib/gcc/arm-none-eabi/12.3.1/../../../../arm-none-eabi/lib/thumb/v7e-m+fp/hard\libc_nano.a(libc_a-makebuf.o)
                0x080075d4                __smakebuf_r
 .text._fstat_r
                0x0800764c       0x24 c:/users/jessejabezarendse/appdata/roaming/code/user/globalstorage/bmd.stm32-for-vscode/@xpack-dev-tools/arm-none-eabi-gcc/12.3.1-1.2.1/.content/bin/../lib/gcc/arm-none-eabi/12.3.1/../../../../arm-none-eabi/lib/thumb/v7e-m+fp/hard\libc_nano.a(libc_a-fstatr.o)
                0x0800764c                _fstat_r
 .text._isatty_r
                0x08007670       0x20 c:/users/jessejabezarendse/appdata/roaming/code/user/globalstorage/bmd.stm32-for-vscode/@xpack-dev-tools/arm-none-eabi-gcc/12.3.1-1.2.1/.content/bin/../lib/gcc/arm-none-eabi/12.3.1/../../../../arm-none-eabi/lib/thumb/v7e-m+fp/hard\libc_nano.a(libc_a-isattyr.o)
                0x08007670                _isatty_r
 .text._malloc_usable_size_r
                0x08007690       0x10 c:/users/jessejabezarendse/appdata/roaming/code/user/globalstorage/bmd.stm32-for-vscode/@xpack-dev-tools/arm-none-eabi-gcc/12.3.1-1.2.1/.content/bin/../lib/gcc/arm-none-eabi/12.3.1/../../../../arm-none-eabi/lib/thumb/v7e-m+fp/hard\libc_nano.a(libc_a-msizer.o)
                0x08007690                _malloc_usable_size_r
 .text.pow      0x080076a0       0xf0 c:/users/jessejabezarendse/appdata/roaming/code/user/globalstorage/bmd.stm32-for-vscode/@xpack-dev-tools/arm-none-eabi-gcc/12.3.1-1.2.1/.content/bin/../lib/gcc/arm-none-eabi/12.3.1/../../../../arm-none-eabi/lib/thumb/v7e-m+fp/hard\libm.a(libm_a-w_pow.o)
                0x080076a0                pow
 .text.finite   0x08007790       0x18 c:/users/jessejabezarendse/appdata/roaming/code/user/globalstorage/bmd.stm32-for-vscode/@xpack-dev-tools/arm-none-eabi-gcc/12.3.1-1.2.1/.content/bin/../lib/gcc/arm-none-eabi/12.3.1/../../../../arm-none-eabi/lib/thumb/v7e-m+fp/hard\libm.a(libm_a-s_finite.o)
                0x08007790                finite
 .text.__ieee754_pow
                0x080077a8      0xbec c:/users/jessejabezarendse/appdata/roaming/code/user/globalstorage/bmd.stm32-for-vscode/@xpack-dev-tools/arm-none-eabi-gcc/12.3.1-1.2.1/.content/bin/../lib/gcc/arm-none-eabi/12.3.1/../../../../arm-none-eabi/lib/thumb/v7e-m+fp/hard\libm.a(libm_a-e_pow.o)
                0x080077a8                __ieee754_pow
 .text.fabs     0x08008394       0x10 c:/users/jessejabezarendse/appdata/roaming/code/user/globalstorage/bmd.stm32-for-vscode/@xpack-dev-tools/arm-none-eabi-gcc/12.3.1-1.2.1/.content/bin/../lib/gcc/arm-none-eabi/12.3.1/../../../../arm-none-eabi/lib/thumb/v7e-m+fp/hard\libm.a(libm_a-s_fabs.o)
                0x08008394                fabs
 *fill*         0x080083a4        0x4 
 .text.scalbn   0x080083a8      0x114 c:/users/jessejabezarendse/appdata/roaming/code/user/globalstorage/bmd.stm32-for-vscode/@xpack-dev-tools/arm-none-eabi-gcc/12.3.1-1.2.1/.content/bin/../lib/gcc/arm-none-eabi/12.3.1/../../../../arm-none-eabi/lib/thumb/v7e-m+fp/hard\libm.a(libm_a-s_scalbn.o)
                0x080083a8                scalbn
 .text.with_errno
                0x080084bc       0x24 c:/users/jessejabezarendse/appdata/roaming/code/user/globalstorage/bmd.stm32-for-vscode/@xpack-dev-tools/arm-none-eabi-gcc/12.3.1-1.2.1/.content/bin/../lib/gcc/arm-none-eabi/12.3.1/../../../../arm-none-eabi/lib/thumb/v7e-m+fp/hard\libm.a(libm_a-math_err.o)
 .text.xflow    0x080084e0       0x34 c:/users/jessejabezarendse/appdata/roaming/code/user/globalstorage/bmd.stm32-for-vscode/@xpack-dev-tools/arm-none-eabi-gcc/12.3.1-1.2.1/.content/bin/../lib/gcc/arm-none-eabi/12.3.1/../../../../arm-none-eabi/lib/thumb/v7e-m+fp/hard\libm.a(libm_a-math_err.o)
 *fill*         0x08008514        0x4 
 .text.__math_uflow
                0x08008518       0x10 c:/users/jessejabezarendse/appdata/roaming/code/user/globalstorage/bmd.stm32-for-vscode/@xpack-dev-tools/arm-none-eabi-gcc/12.3.1-1.2.1/.content/bin/../lib/gcc/arm-none-eabi/12.3.1/../../../../arm-none-eabi/lib/thumb/v7e-m+fp/hard\libm.a(libm_a-math_err.o)
                0x08008518                __math_uflow
 .text.__math_oflow
                0x08008528       0x10 c:/users/jessejabezarendse/appdata/roaming/code/user/globalstorage/bmd.stm32-for-vscode/@xpack-dev-tools/arm-none-eabi-gcc/12.3.1-1.2.1/.content/bin/../lib/gcc/arm-none-eabi/12.3.1/../../../../arm-none-eabi/lib/thumb/v7e-m+fp/hard\libm.a(libm_a-math_err.o)
                0x08008528                __math_oflow
 .text.__ieee754_sqrt
                0x08008538      0x1f4 c:/users/jessejabezarendse/appdata/roaming/code/user/globalstorage/bmd.stm32-for-vscode/@xpack-dev-tools/arm-none-eabi-gcc/12.3.1-1.2.1/.content/bin/../lib/gcc/arm-none-eabi/12.3.1/../../../../arm-none-eabi/lib/thumb/v7e-m+fp/hard\libm.a(libm_a-e_sqrt.o)
                0x08008538                __ieee754_sqrt
 .text.__udivmoddi4
                0x0800872c      0x2bc c:/users/jessejabezarendse/appdata/roaming/code/user/globalstorage/bmd.stm32-for-vscode/@xpack-dev-tools/arm-none-eabi-gcc/12.3.1-1.2.1/.content/bin/../lib/gcc/arm-none-eabi/12.3.1/thumb/v7e-m+fp/hard\libgcc.a(_udivmoddi4.o)
                0x0800872c                __udivmoddi4
 *(.glue_7)
 .glue_7        0x080089e8        0x0 linker stubs
 *(.glue_7t)
 .glue_7t       0x080089e8        0x0 linker stubs
 *(.eh_frame)
 .eh_frame      0x080089e8        0x0 c:/users/jessejabezarendse/appdata/roaming/code/user/globalstorage/bmd.stm32-for-vscode/@xpack-dev-tools/arm-none-eabi-gcc/12.3.1-1.2.1/.content/bin/../lib/gcc/arm-none-eabi/12.3.1/thumb/v7e-m+fp/hard/crtbegin.o
 *(.init)
 .init          0x080089e8        0x4 c:/users/jessejabezarendse/appdata/roaming/code/user/globalstorage/bmd.stm32-for-vscode/@xpack-dev-tools/arm-none-eabi-gcc/12.3.1-1.2.1/.content/bin/../lib/gcc/arm-none-eabi/12.3.1/thumb/v7e-m+fp/hard/crti.o
                0x080089e8                _init
 .init          0x080089ec        0x8 c:/users/jessejabezarendse/appdata/roaming/code/user/globalstorage/bmd.stm32-for-vscode/@xpack-dev-tools/arm-none-eabi-gcc/12.3.1-1.2.1/.content/bin/../lib/gcc/arm-none-eabi/12.3.1/thumb/v7e-m+fp/hard/crtn.o
 *(.fini)
 .fini          0x080089f4        0x4 c:/users/jessejabezarendse/appdata/roaming/code/user/globalstorage/bmd.stm32-for-vscode/@xpack-dev-tools/arm-none-eabi-gcc/12.3.1-1.2.1/.content/bin/../lib/gcc/arm-none-eabi/12.3.1/thumb/v7e-m+fp/hard/crti.o
                0x080089f4                _fini
 .fini          0x080089f8        0x8 c:/users/jessejabezarendse/appdata/roaming/code/user/globalstorage/bmd.stm32-for-vscode/@xpack-dev-tools/arm-none-eabi-gcc/12.3.1-1.2.1/.content/bin/../lib/gcc/arm-none-eabi/12.3.1/thumb/v7e-m+fp/hard/crtn.o
                0x08008a00                        . = ALIGN (0x4)
                0x08008a00                        _etext = .

.vfp11_veneer   0x08008a00        0x0
 .vfp11_veneer  0x08008a00        0x0 linker stubs

.v4_bx          0x08008a00        0x0
 .v4_bx         0x08008a00        0x0 linker stubs

.iplt           0x08008a00        0x0
 .iplt          0x08008a00        0x0 c:/users/jessejabezarendse/appdata/roaming/code/user/globalstorage/bmd.stm32-for-vscode/@xpack-dev-tools/arm-none-eabi-gcc/12.3.1-1.2.1/.content/bin/../lib/gcc/arm-none-eabi/12.3.1/thumb/v7e-m+fp/hard/crtbegin.o

.rodata         0x08008a00      0x168
                0x08008a00                        . = ALIGN (0x4)
 *(.rodata)
 *(.rodata*)
 .rodata.APBPrescTable
                0x08008a00        0x8 build/debug/Core/Src/system_stm32f4xx.o
                0x08008a00                APBPrescTable
 .rodata.AHBPrescTable
                0x08008a08       0x10 build/debug/Core/Src/system_stm32f4xx.o
                0x08008a08                AHBPrescTable
 .rodata.FunctionIndex
                0x08008a18       0x14 build/debug/Drivers/BSP/IKS02A1/iks02a1_motion_sensors.o
 .rodata.flagBitshiftOffset.0
                0x08008a2c        0x8 build/debug/Drivers/STM32F4xx_HAL_Driver/Src/stm32f4xx_hal_dma.o
 .rodata.MX_IKS02A1_DataLogTerminal_Init.str1.4
                0x08008a34       0xff build/debug/MEMS/App/app_mems.o
 .rodata._svfprintf_r.str1.1
                0x08008b33       0x11 c:/users/jessejabezarendse/appdata/roaming/code/user/globalstorage/bmd.stm32-for-vscode/@xpack-dev-tools/arm-none-eabi-gcc/12.3.1-1.2.1/.content/bin/../lib/gcc/arm-none-eabi/12.3.1/../../../../arm-none-eabi/lib/thumb/v7e-m+fp/hard\libc_nano.a(libc_a-nano-svfprintf.o)
 .rodata._vfprintf_r.str1.1
                0x08008b44       0x11 c:/users/jessejabezarendse/appdata/roaming/code/user/globalstorage/bmd.stm32-for-vscode/@xpack-dev-tools/arm-none-eabi-gcc/12.3.1-1.2.1/.content/bin/../lib/gcc/arm-none-eabi/12.3.1/../../../../arm-none-eabi/lib/thumb/v7e-m+fp/hard\libc_nano.a(libc_a-nano-vfprintf.o)
 .rodata._printf_i.str1.1
                0x08008b44       0x22 c:/users/jessejabezarendse/appdata/roaming/code/user/globalstorage/bmd.stm32-for-vscode/@xpack-dev-tools/arm-none-eabi-gcc/12.3.1-1.2.1/.content/bin/../lib/gcc/arm-none-eabi/12.3.1/../../../../arm-none-eabi/lib/thumb/v7e-m+fp/hard\libc_nano.a(libc_a-nano-vfprintf_i.o)
                0x08008b68                        . = ALIGN (0x4)
 *fill*         0x08008b66        0x2 

.ARM.extab
 *(.ARM.extab* .gnu.linkonce.armextab.*)

.ARM            0x08008b68        0x8
                0x08008b68                        __exidx_start = .
 *(.ARM.exidx*)
 .ARM.exidx     0x08008b68        0x8 c:/users/jessejabezarendse/appdata/roaming/code/user/globalstorage/bmd.stm32-for-vscode/@xpack-dev-tools/arm-none-eabi-gcc/12.3.1-1.2.1/.content/bin/../lib/gcc/arm-none-eabi/12.3.1/../../../../arm-none-eabi/lib/thumb/v7e-m+fp/hard\libc_nano.a(libc_a-memchr.o)
 .ARM.exidx.text.__udivmoddi4
                0x08008b70        0x0 c:/users/jessejabezarendse/appdata/roaming/code/user/globalstorage/bmd.stm32-for-vscode/@xpack-dev-tools/arm-none-eabi-gcc/12.3.1-1.2.1/.content/bin/../lib/gcc/arm-none-eabi/12.3.1/thumb/v7e-m+fp/hard\libgcc.a(_udivmoddi4.o)
                                  0x8 (size before relaxing)
                0x08008b70                        __exidx_end = .

.rel.dyn        0x08008b70        0x0
 .rel.iplt      0x08008b70        0x0 c:/users/jessejabezarendse/appdata/roaming/code/user/globalstorage/bmd.stm32-for-vscode/@xpack-dev-tools/arm-none-eabi-gcc/12.3.1-1.2.1/.content/bin/../lib/gcc/arm-none-eabi/12.3.1/thumb/v7e-m+fp/hard/crtbegin.o

.preinit_array  0x08008b70        0x0
                0x08008b70                        PROVIDE (__preinit_array_start = .)
 *(.preinit_array*)
                0x08008b70                        PROVIDE (__preinit_array_end = .)

.init_array     0x08008b70        0x4
                0x08008b70                        PROVIDE (__init_array_start = .)
 *(SORT_BY_NAME(.init_array.*))
 *(.init_array*)
 .init_array    0x08008b70        0x4 c:/users/jessejabezarendse/appdata/roaming/code/user/globalstorage/bmd.stm32-for-vscode/@xpack-dev-tools/arm-none-eabi-gcc/12.3.1-1.2.1/.content/bin/../lib/gcc/arm-none-eabi/12.3.1/thumb/v7e-m+fp/hard/crtbegin.o
                0x08008b74                        PROVIDE (__init_array_end = .)

.fini_array     0x08008b74        0x4
                0x08008b74                        PROVIDE (__fini_array_start = .)
 *(SORT_BY_NAME(.fini_array.*))
 *(.fini_array*)
 .fini_array    0x08008b74        0x4 c:/users/jessejabezarendse/appdata/roaming/code/user/globalstorage/bmd.stm32-for-vscode/@xpack-dev-tools/arm-none-eabi-gcc/12.3.1-1.2.1/.content/bin/../lib/gcc/arm-none-eabi/12.3.1/thumb/v7e-m+fp/hard/crtbegin.o
                0x08008b78                        PROVIDE (__fini_array_end = .)
                0x08008b78                        _sidata = LOADADDR (.data)

.data           0x20000000      0x148 load address 0x08008b78
                0x20000000                        . = ALIGN (0x4)
                0x20000000                        _sdata = .
 *(.data)
 *(.data*)
 .data.terminator
                0x20000000        0x4 build/debug/Core/Src/IKS02A1_Simulink.o
                0x20000000                terminator
 .data.header   0x20000004        0x4 build/debug/Core/Src/IKS02A1_Simulink.o
                0x20000004                header
 .data.SystemCoreClock
                0x20000008        0x4 build/debug/Core/Src/system_stm32f4xx.o
                0x20000008                SystemCoreClock
 .data.IIS2DLPC_ACC_Driver
                0x2000000c       0x24 build/debug/Drivers/BSP/Components/iis2dlpc/iis2dlpc.o
                0x2000000c                IIS2DLPC_ACC_Driver
 .data.IIS2DLPC_COMMON_Driver
                0x20000030       0x10 build/debug/Drivers/BSP/Components/iis2dlpc/iis2dlpc.o
                0x20000030                IIS2DLPC_COMMON_Driver
 .data.IIS2MDC_MAG_Driver
                0x20000040       0x24 build/debug/Drivers/BSP/Components/iis2mdc/iis2mdc.o
                0x20000040                IIS2MDC_MAG_Driver
 .data.IIS2MDC_COMMON_Driver
                0x20000064       0x10 build/debug/Drivers/BSP/Components/iis2mdc/iis2mdc.o
                0x20000064                IIS2MDC_COMMON_Driver
 .data.ISM330DHCX_GYRO_Driver
                0x20000074       0x24 build/debug/Drivers/BSP/Components/ism330dhcx/ism330dhcx.o
                0x20000074                ISM330DHCX_GYRO_Driver
 .data.ISM330DHCX_ACC_Driver
                0x20000098       0x24 build/debug/Drivers/BSP/Components/ism330dhcx/ism330dhcx.o
                0x20000098                ISM330DHCX_ACC_Driver
 .data.ISM330DHCX_COMMON_Driver
                0x200000bc       0x10 build/debug/Drivers/BSP/Components/ism330dhcx/ism330dhcx.o
                0x200000bc                ISM330DHCX_COMMON_Driver
 .data.hpb_exti
                0x200000cc        0x8 build/debug/Drivers/BSP/STM32F4xx_Nucleo/stm32f4xx_nucleo.o
                0x200000cc                hpb_exti
 .data.uwTickFreq
                0x200000d4        0x1 build/debug/Drivers/STM32F4xx_HAL_Driver/Src/stm32f4xx_hal.o
                0x200000d4                uwTickFreq
 *fill*         0x200000d5        0x3 
 .data.uwTickPrio
                0x200000d8        0x4 build/debug/Drivers/STM32F4xx_HAL_Driver/Src/stm32f4xx_hal.o
                0x200000d8                uwTickPrio
 .data.__sglue  0x200000dc        0xc c:/users/jessejabezarendse/appdata/roaming/code/user/globalstorage/bmd.stm32-for-vscode/@xpack-dev-tools/arm-none-eabi-gcc/12.3.1-1.2.1/.content/bin/../lib/gcc/arm-none-eabi/12.3.1/../../../../arm-none-eabi/lib/thumb/v7e-m+fp/hard\libc_nano.a(libc_a-findfp.o)
                0x200000dc                __sglue
 .data._impure_ptr
                0x200000e8        0x4 c:/users/jessejabezarendse/appdata/roaming/code/user/globalstorage/bmd.stm32-for-vscode/@xpack-dev-tools/arm-none-eabi-gcc/12.3.1-1.2.1/.content/bin/../lib/gcc/arm-none-eabi/12.3.1/../../../../arm-none-eabi/lib/thumb/v7e-m+fp/hard\libc_nano.a(libc_a-impure.o)
                0x200000e8                _impure_ptr
 .data._impure_data
                0x200000ec       0x4c c:/users/jessejabezarendse/appdata/roaming/code/user/globalstorage/bmd.stm32-for-vscode/@xpack-dev-tools/arm-none-eabi-gcc/12.3.1-1.2.1/.content/bin/../lib/gcc/arm-none-eabi/12.3.1/../../../../arm-none-eabi/lib/thumb/v7e-m+fp/hard\libc_nano.a(libc_a-impure.o)
                0x200000ec                _impure_data
 .data.tiny     0x20000138        0x8 c:/users/jessejabezarendse/appdata/roaming/code/user/globalstorage/bmd.stm32-for-vscode/@xpack-dev-tools/arm-none-eabi-gcc/12.3.1-1.2.1/.content/bin/../lib/gcc/arm-none-eabi/12.3.1/../../../../arm-none-eabi/lib/thumb/v7e-m+fp/hard\libm.a(libm_a-e_sqrt.o)
 .data.one      0x20000140        0x8 c:/users/jessejabezarendse/appdata/roaming/code/user/globalstorage/bmd.stm32-for-vscode/@xpack-dev-tools/arm-none-eabi-gcc/12.3.1-1.2.1/.content/bin/../lib/gcc/arm-none-eabi/12.3.1/../../../../arm-none-eabi/lib/thumb/v7e-m+fp/hard\libm.a(libm_a-e_sqrt.o)
                0x20000148                        . = ALIGN (0x4)
                0x20000148                        _edata = .

.igot.plt       0x20000148        0x0 load address 0x08008cc0
 .igot.plt      0x20000148        0x0 c:/users/jessejabezarendse/appdata/roaming/code/user/globalstorage/bmd.stm32-for-vscode/@xpack-dev-tools/arm-none-eabi-gcc/12.3.1-1.2.1/.content/bin/../lib/gcc/arm-none-eabi/12.3.1/thumb/v7e-m+fp/hard/crtbegin.o
                0x20000148                        . = ALIGN (0x4)

.bss            0x20000148      0x584 load address 0x08008cc0
                0x20000148                        _sbss = .
                0x20000148                        __bss_start__ = _sbss
 *(.bss)
 *(.bss*)
 .bss.completed.1
                0x20000148        0x1 c:/users/jessejabezarendse/appdata/roaming/code/user/globalstorage/bmd.stm32-for-vscode/@xpack-dev-tools/arm-none-eabi-gcc/12.3.1-1.2.1/.content/bin/../lib/gcc/arm-none-eabi/12.3.1/thumb/v7e-m+fp/hard/crtbegin.o
 *fill*         0x20000149        0x3 
 .bss.object.0  0x2000014c       0x18 c:/users/jessejabezarendse/appdata/roaming/code/user/globalstorage/bmd.stm32-for-vscode/@xpack-dev-tools/arm-none-eabi-gcc/12.3.1-1.2.1/.content/bin/../lib/gcc/arm-none-eabi/12.3.1/thumb/v7e-m+fp/hard/crtbegin.o
 .bss.counter   0x20000164        0x4 build/debug/Core/Src/main.o
                0x20000164                counter
 .bss.clearToSend
                0x20000168        0x1 build/debug/Core/Src/main.o
                0x20000168                clearToSend
 *fill*         0x20000169        0x3 
 .bss.mag_axis  0x2000016c        0xc build/debug/Core/Src/main.o
                0x2000016c                mag_axis
 .bss.accel2_axis
                0x20000178        0xc build/debug/Core/Src/main.o
                0x20000178                accel2_axis
 .bss.gyro_axis
                0x20000184        0xc build/debug/Core/Src/main.o
                0x20000184                gyro_axis
 .bss.accel1_axis
                0x20000190        0xc build/debug/Core/Src/main.o
                0x20000190                accel1_axis
 .bss.hdma_usart2_rx
                0x2000019c       0x60 build/debug/Core/Src/main.o
                0x2000019c                hdma_usart2_rx
 .bss.huart2    0x200001fc       0x48 build/debug/Core/Src/main.o
                0x200001fc                huart2
 .bss.htim2     0x20000244       0x48 build/debug/Core/Src/main.o
                0x20000244                htim2
 .bss.htim1     0x2000028c       0x48 build/debug/Core/Src/stm32f4xx_hal_timebase_tim.o
                0x2000028c                htim1
 .bss.I2C1InitCounter
                0x200002d4        0x4 build/debug/Core/Src/stm32f4xx_nucleo_bus.o
 .bss.hi2c1     0x200002d8       0x54 build/debug/Core/Src/stm32f4xx_nucleo_bus.o
                0x200002d8                hi2c1
 .bss.__sbrk_heap_end
                0x2000032c        0x4 build/debug/Core/Src/sysmem.o
 .bss.iis2mdc_obj_0.0
                0x20000330       0x34 build/debug/Drivers/BSP/IKS02A1/iks02a1_motion_sensors.o
 .bss.iis2dlpc_obj_0.1
                0x20000364       0x3c build/debug/Drivers/BSP/IKS02A1/iks02a1_motion_sensors.o
 .bss.ism330dhcx_obj_0.2
                0x200003a0       0x38 build/debug/Drivers/BSP/IKS02A1/iks02a1_motion_sensors.o
 .bss.MotionCtx
                0x200003d8        0xc build/debug/Drivers/BSP/IKS02A1/iks02a1_motion_sensors.o
 .bss.MotionDrv
                0x200003e4        0xc build/debug/Drivers/BSP/IKS02A1/iks02a1_motion_sensors.o
 .bss.MotionFuncDrv
                0x200003f0       0x24 build/debug/Drivers/BSP/IKS02A1/iks02a1_motion_sensors.o
 .bss.MotionCompObj
                0x20000414        0xc build/debug/Drivers/BSP/IKS02A1/iks02a1_motion_sensors.o
                0x20000414                MotionCompObj
 .bss.uwTick    0x20000420        0x4 build/debug/Drivers/STM32F4xx_HAL_Driver/Src/stm32f4xx_hal.o
                0x20000420                uwTick
 .bss.PushButtonState
                0x20000424        0x4 build/debug/MEMS/App/app_mems.o
 .bss.dataOut   0x20000428      0x100 build/debug/MEMS/App/app_mems.o
 .bss.MotionCapabilities
                0x20000528       0x54 build/debug/MEMS/App/app_mems.o
 .bss.PushButtonDetected
                0x2000057c        0x1 build/debug/MEMS/App/app_mems.o
 *fill*         0x2000057d        0x3 
 .bss.__sf      0x20000580      0x138 c:/users/jessejabezarendse/appdata/roaming/code/user/globalstorage/bmd.stm32-for-vscode/@xpack-dev-tools/arm-none-eabi-gcc/12.3.1-1.2.1/.content/bin/../lib/gcc/arm-none-eabi/12.3.1/../../../../arm-none-eabi/lib/thumb/v7e-m+fp/hard\libc_nano.a(libc_a-findfp.o)
                0x20000580                __sf
 .bss.__stdio_exit_handler
                0x200006b8        0x4 c:/users/jessejabezarendse/appdata/roaming/code/user/globalstorage/bmd.stm32-for-vscode/@xpack-dev-tools/arm-none-eabi-gcc/12.3.1-1.2.1/.content/bin/../lib/gcc/arm-none-eabi/12.3.1/../../../../arm-none-eabi/lib/thumb/v7e-m+fp/hard\libc_nano.a(libc_a-findfp.o)
                0x200006b8                __stdio_exit_handler
 .bss.errno     0x200006bc        0x4 c:/users/jessejabezarendse/appdata/roaming/code/user/globalstorage/bmd.stm32-for-vscode/@xpack-dev-tools/arm-none-eabi-gcc/12.3.1-1.2.1/.content/bin/../lib/gcc/arm-none-eabi/12.3.1/../../../../arm-none-eabi/lib/thumb/v7e-m+fp/hard\libc_nano.a(libc_a-reent.o)
                0x200006bc                errno
 .bss.__lock___malloc_recursive_mutex